******************************************************************************
                  TI ARM Linker PC v20.2.5                     
******************************************************************************
>> Linked Sun Jun  6 11:38:23 2021

OUTPUT FILE NAME:   <gpiointerrupt_CC3220S_LAUNCHXL_nortos_ccs.out>
ENTRY POINT SYMBOL: "resetISR"  address: 2000ea4d


MEMORY CONFIGURATION

         name            origin    length      used     unused   attr    fill
----------------------  --------  ---------  --------  --------  ----  --------
  SRAM2                 20000000   00004000  0000130c  00002cf4  RW X
  SRAM                  20004000   0003c000  0000b8b2  0003074e  RW X
  LOG_DATA              90000000   00040000  00000000  00040000  R   


SEGMENT ALLOCATION MAP

run origin  load origin   length   init length attrs members
----------  ----------- ---------- ----------- ----- -------
20003000    20003000    00001000   00000000    rw-
  20003000    20003000    00001000   00000000    rw- .stack
20004000    20004000    00000040   00000040    r--
  20004000    20004000    00000040   00000040    r-- .resetVecs
20004040    20004040    00008000   00000000    rw-
  20004040    20004040    00008000   00000000    rw- .sysmem
2000c040    2000c040    00002cd6   00002cd6    r-x
  2000c040    2000c040    00002cd6   00002cd6    r-x .text
2000ed18    2000ed18    000005c4   00000000    rw-
  2000ed18    2000ed18    000005c4   00000000    rw- .data
2000f2dc    2000f2dc    000002d0   000002d0    r--
  2000f2dc    2000f2dc    000002d0   000002d0    r-- .const
2000f5b0    2000f5b0    00000210   00000000    rw-
  2000f5b0    2000f5b0    00000210   00000000    rw- .bss
2000f7c0    2000f7c0    000000f8   000000f8    r--
  2000f7c0    2000f7c0    000000f8   000000f8    r-- .cinit


SECTION ALLOCATION MAP

 output                                  attributes/
section   page    origin      length       input sections
--------  ----  ----------  ----------   ----------------
.text      0    2000c040    00002cd6     
                  2000c040    0000042c     driverlib.a : prcm.obj (.text:PRCMCC3200MCUInit)
                  2000c46c    0000023c     gpiointerrupt.obj (.text:Tick_Morse)
                  2000c6a8    000001e4     drivers_cc32xx.a : GPIOCC32XX.oem4 (.text:GPIO_setConfig)
                  2000c88c    0000019c     nortos_cc32xx.a : PowerCC32XX_nortos.oem4 (.text:PowerCC32XX_sleepPolicy)
                  2000ca28    00000148     drivers_cc32xx.a : PowerCC32XX.oem4 (.text:parkPins)
                  2000cb70    00000138                      : PowerCC32XX.oem4 (.text:Power_sleep)
                  2000cca8    00000138                      : TimerCC32XX.oem4 (.text:Timer_open)
                  2000cde0    00000100     rtsv7M4_T_le_eabi.lib : memory.c.obj (.text:aligned_alloc)
                  2000cee0    000000e4                           : memory.c.obj (.text:free)
                  2000cfc4    000000c4     drivers_cc32xx.a : GPIOCC32XX.oem4 (.text:GPIO_init)
                  2000d088    000000c0                      : PowerCC32XX.oem4 (.text:restoreParkedPins)
                  2000d148    000000a8     driverlib.a : interrupt.obj (.text:IntEnable)
                  2000d1f0    000000a8     drivers_cc32xx.a : PowerCC32XX.oem4 (.text:PowerCC32XX_configureWakeup)
                  2000d298    000000a0     nortos_cc32xx.a : SemaphoreP_nortos.oem4 (.text:SemaphoreP_pend)
                  2000d338    0000009c     rtsv7M4_T_le_eabi.lib : memcpy_t2.asm.obj (.text)
                  2000d3d4    00000098     drivers_cc32xx.a : GPIOCC32XX.oem4 (.text:powerNotifyFxn)
                  2000d46c    00000096     rtsv7M4_T_le_eabi.lib : ull_div_t2.asm.obj (.text)
                  2000d502    00000002     ti_drivers_config.obj (.text:Board_initHook)
                  2000d504    00000090     drivers_cc32xx.a : PowerCC32XX.oem4 (.text:restoreNVICRegs)
                  2000d594    0000008c     nortos_cc32xx.a : HwiPCC32XX_nortos.oem4 (.text:HwiP_construct)
                  2000d620    00000088     driverlib.a : interrupt.obj (.text:IntPendSet)
                  2000d6a8    00000088                 : pin.obj (.text:PinConfigSet)
                  2000d730    00000084     drivers_cc32xx.a : PowerCC32XX.oem4 (.text:Power_init)
                  2000d7b4    00000084     gpiointerrupt.obj (.text:mainThread)
                  2000d838    00000084     drivers_cc32xx.a : PowerCC32XX.oem4 (.text:saveNVICRegs)
                  2000d8bc    00000080                      : PowerCC32XX.oem4 (.text:Power_setDependency)
                  2000d93c    00000078                      : GPIOCC32XX.oem4 (.text:GPIO_hwiIntFxn)
                  2000d9b4    00000070     rtsv7M4_T_le_eabi.lib : memory.c.obj (.text:split)
                  2000da24    00000068                           : copy_decompress_lzss.c.obj (.text:decompress:lzss:__TI_decompress_lzss)
                  2000da8c    00000064     drivers_cc32xx.a : PowerCC32XX.oem4 (.text:PowerCC32XX_setParkState)
                  2000daf0    00000060     driverlib.a : prcm.obj (.text:PRCMSysResetCauseGet)
                  2000db50    0000005c     drivers_cc32xx.a : GPIOCC32XX.oem4 (.text:GPIO_setCallback)
                  2000dbac    0000005c     nortos_cc32xx.a : ClockPSysTick_nortos.oem4 (.text:sysTickInit)
                  2000dc08    00000058     drivers_cc32xx.a : GPIOCC32XX.oem4 (.text:GPIO_write)
                  2000dc60    00000058     driverlib.a : prcm.obj (.text:PRCMPeripheralReset)
                  2000dcb8    00000058     drivers_cc32xx.a : PowerCC32XX.oem4 (.text:Power_releaseDependency)
                  2000dd10    00000052                      : PowerCC32XX_asm.oem4 (.text:PowerCC32XX_resumeLPDS)
                  2000dd62    00000052                      : TimerCC32XX.oem4 (.text:initHw)
                  2000ddb4    00000050     nortos_cc32xx.a : ClockPSysTick_nortos.oem4 (.text:ClockP_sysTickHandler)
                  2000de04    00000050                     : SemaphoreP_nortos.oem4 (.text:SemaphoreP_construct)
                  2000de54    00000050     drivers_cc32xx.a : TimerCC32XX.oem4 (.text:TimerCC32XX_allocateTimerResource)
                  2000dea4    00000050     gpiointerrupt.obj (.text:initTimer)
                  2000def4    0000004c     drivers_cc32xx.a : GPIOCC32XX.oem4 (.text:GPIO_enableInt)
                  2000df40    0000004c                      : PowerCC32XX.oem4 (.text:PowerCC32XX_parkPin)
                  2000df8c    0000004c                      : PowerCC32XX.oem4 (.text:restorePeriphClocks)
                  2000dfd8    00000048     driverlib.a : flash.obj (.text:FlashDisable)
                  2000e020    00000048                 : prcm.obj (.text:PRCMLPDSEnter)
                  2000e068    00000048                 : prcm.obj (.text:PRCMPeripheralClkEnable)
                  2000e0b0    00000048     drivers_cc32xx.a : PowerCC32XX.oem4 (.text:Power_releaseConstraint)
                  2000e0f8    00000046                      : TimerCC32XX.oem4 (.text:getPrescaler)
                  2000e13e    00000002     nortos_cc32xx.a : PowerCC32XX_nortos.oem4 (.text:PowerCC32XX_initPolicy)
                  2000e140    00000044                     : ClockPSysTick_nortos.oem4 (.text:ClockP_stop)
                  2000e184    00000044     driverlib.a : prcm.obj (.text:PRCMLPDSRestoreInfoSet)
                  2000e1c8    00000044     drivers_cc32xx.a : PowerCC32XX_asm.oem4 (.text:PowerCC32XX_enterLPDS)
                  2000e20c    00000044     nortos_cc32xx.a : SemaphoreP_nortos.oem4 (.text:SemaphoreP_post)
                  2000e250    00000044                     : SwiP_nortos.oem4 (.text:SwiP_restore)
                  2000e294    00000044     drivers_cc32xx.a : Timer.oem4 (.text:Timer_start)
                  2000e2d8    00000044     rtsv7M4_T_le_eabi.lib : autoinit.c.obj (.text:__TI_auto_init_nobinit_nopinit:__TI_auto_init_nobinit_nopinit)
                  2000e31c    00000040     driverlib.a : pin.obj (.text:PinModeSet)
                  2000e35c    00000040     drivers_cc32xx.a : TimerCC32XX.oem4 (.text:TimerSupport_timerEnable)
                  2000e39c    00000040                      : TimerCC32XX.oem4 (.text:Timer_close)
                  2000e3dc    0000003c     nortos_cc32xx.a : ClockPSysTick_nortos.oem4 (.text:ClockP_destruct)
                  2000e418    0000003c     drivers_cc32xx.a : PowerCC32XX.oem4 (.text:Power_setConstraint)
                  2000e454    0000003a     nortos_cc32xx.a : PowerCC32XX_nortos.oem4 (.text:getCountsRTC)
                  2000e48e    00000002                     : SemaphoreP_nortos.oem4 (.text:SemaphoreP_destruct)
                  2000e490    00000038     driverlib.a : prcm.obj (.text:PRCMLPDSEnterKeepDebugIf)
                  2000e4c8    00000038     nortos_cc32xx.a : ClockPSysTick_nortos.oem4 (.text:addToList)
                  2000e500    00000038                     : startup_cc32xx_ccs.oem4 (.text:initVectors)
                  2000e538    00000038     drivers_cc32xx.a : PowerCC32XX.oem4 (.text:notify)
                  2000e570    00000036     driverlib.a : timer.obj (.text:TimerControlStall)
                  2000e5a6    00000036     drivers_cc32xx.a : Timer.oem4 (.text:Timer_stop)
                  2000e5dc    00000034     nortos_cc32xx.a : ClockPSysTick_nortos.oem4 (.text:ClockP_getTicksUntilInterrupt)
                  2000e610    00000034                     : ClockPSysTick_nortos.oem4 (.text:ClockP_startup)
                  2000e644    00000034     driverlib.a : pin.obj (.text:PinModeGet)
                  2000e678    00000034     drivers_cc32xx.a : TimerCC32XX.oem4 (.text:TimerCC32XX_freeTimerResource)
                  2000e6ac    00000034                      : TimerCC32XX.oem4 (.text:TimerCC32XX_hwiIntFunction)
                  2000e6e0    00000034                      : TimerCC32XX.oem4 (.text:getPowerMgrId)
                  2000e714    00000030     nortos_cc32xx.a : ClockPSysTick_nortos.oem4 (.text:ClockP_start)
                  2000e744    00000030     drivers_cc32xx.a : PowerCC32XX.oem4 (.text:PowerCC32XX_restoreParkedPin)
                  2000e774    0000002a     nortos_cc32xx.a : HwiPCC32XX_nortos.oem4 (.text:HwiP_create)
                  2000e79e    0000002a     driverlib.a : timer.obj (.text:TimerLoadSet)
                  2000e7c8    0000002a                 : timer.obj (.text:TimerPrescaleSet)
                  2000e7f2    00000002     drivers_cc32xx.a : Timer.oem4 (.text:Timer_init)
                  2000e7f4    00000028     driverlib.a : prcm.obj (.text:PRCMPeripheralClkDisable)
                  2000e81c    00000028     drivers_cc32xx.a : PowerCC32XX.oem4 (.text:Power_registerNotify)
                  2000e844    00000028     rtsv7M4_T_le_eabi.lib : memory.c.obj (.text:free_list_insert)
                  2000e86c    00000026     drivers_cc32xx.a : List.oem4 (.text:List_put)
                  2000e892    00000026                      : List.oem4 (.text:List_remove)
                  2000e8b8    00000024     nortos_cc32xx.a : HwiPCC32XX_nortos.oem4 (.text:HwiP_dispatch)
                  2000e8dc    00000024     drivers_cc32xx.a : TimerCC32XX.oem4 (.text:TimerSupport_timerDisable)
                  2000e900    00000024     rtsv7M4_T_le_eabi.lib : boot_cortex_m.c.obj (.text:_c_int00_noargs:_c_int00_noargs)
                  2000e924    00000020     nortos_cc32xx.a : HwiPCC32XX_nortos.oem4 (.text:HwiP_destruct)
                  2000e944    00000020     drivers_cc32xx.a : PowerCC32XX.oem4 (.text:Power_unregisterNotify)
                  2000e964    0000001e     nortos_cc32xx.a : SemaphoreP_nortos.oem4 (.text:SemaphoreP_constructBinary)
                  2000e982    0000001e     driverlib.a : timer.obj (.text:TimerDisable)
                  2000e9a0    0000001e                 : timer.obj (.text:TimerEnable)
                  2000e9be    00000002     rtsv7M4_T_le_eabi.lib : _lock.c.obj (.text:_nop)
                  2000e9c0    0000001c     driverlib.a : pin.obj (.text:PinToPadGet)
                  2000e9dc    0000001c     nortos_cc32xx.a : SwiP_nortos.oem4 (.text:SwiP_disable)
                  2000e9f8    0000001c     rtsv7M4_T_le_eabi.lib : copy_zero_init.c.obj (.text:decompress:ZI:__TI_zero_init_nomemset:__TI_zero_init_nomemset)
                  2000ea14    0000001c                           : memory.c.obj (.text:free_list_remove)
                  2000ea30    0000001a     nortos_cc32xx.a : SemaphoreP_nortos.oem4 (.text:SemaphoreP_createBinary)
                  2000ea4a    00000002                     : startup_cc32xx_ccs.oem4 (.text:busFaultHandler)
                  2000ea4c    0000001a                     : startup_cc32xx_ccs.oem4 (.text:resetISR)
                  2000ea66    00000002                     : SemaphoreP_nortos.oem4 (.text:clkFxn)
                  2000ea68    00000018     drivers_cc32xx.a : PowerCC32XX.oem4 (.text:Power_getTransitionLatency)
                  2000ea80    00000018                      : PowerCC32XX.oem4 (.text:Power_idleFunc)
                  2000ea98    00000018     driverlib.a : timer.obj (.text:TimerIntDisable)
                  2000eab0    00000018                 : timer.obj (.text:TimerIntEnable)
                  2000eac8    00000018     gpiointerrupt.obj (.text:gpioButtonFxn)
                  2000eae0    00000018     rtsv7M4_T_le_eabi.lib : ll_mul_t2.asm.obj (.text)
                  2000eaf8    00000018     gpiointerrupt.obj (.text:timerCallback)
                  2000eb10    00000016     driverlib.a : prcm.obj (.text:PRCMHIBRegRead)
                  2000eb26    00000016                 : prcm.obj (.text:PRCMHIBRegWrite)
                  2000eb3c    00000016     nortos_cc32xx.a : SemaphoreP_nortos.oem4 (.text:SemaphoreP_create)
                  2000eb52    00000014     driverlib.a : cpu.obj (.text:CPUcpsid)
                  2000eb66    00000002     nortos_cc32xx.a : startup_cc32xx_ccs.oem4 (.text:defaultHandler)
                  2000eb68    00000014                     : HwiPCC32XX_nortos.oem4 (.text:HwiP_inISR)
                  2000eb7c    00000014     driverlib.a : interrupt.obj (.text:IntVTableBaseSet)
                  2000eb90    00000014     drivers_cc32xx.a : PowerCC32XX.oem4 (.text:Power_disablePolicy)
                  2000eba4    00000014                      : PowerCC32XX.oem4 (.text:Power_getDependencyCount)
                  2000ebb8    00000012     nortos_cc32xx.a : HwiPCC32XX_nortos.oem4 (.text:HwiP_Params_init)
                  2000ebca    00000012     driverlib.a : timer.obj (.text:TimerIntClear)
                  2000ebdc    00000012     main_nortos.obj (.text:main)
                  2000ebee    00000010     ti_drivers_config.obj (.text:Board_init)
                  2000ebfe    00000010     nortos_cc32xx.a : ClockPSysTick_nortos.oem4 (.text:ClockP_add)
                  2000ec0e    00000002                     : startup_cc32xx_ccs.oem4 (.text:faultISR)
                  2000ec10    00000010                     : ClockPSysTick_nortos.oem4 (.text:ClockP_getCpuFreq)
                  2000ec20    00000010                     : ClockPSysTick_nortos.oem4 (.text:ClockP_getSystemTicks)
                  2000ec30    00000010                     : ClockPSysTick_nortos.oem4 (.text:ClockP_setTicks)
                  2000ec40    00000010                     : HwiPCC32XX_nortos.oem4 (.text:HwiP_delete)
                  2000ec50    00000010                     : HwiPCC32XX_nortos.oem4 (.text:HwiP_restore)
                  2000ec60    00000010     drivers_cc32xx.a : PowerCC32XX.oem4 (.text:Power_enablePolicy)
                  2000ec70    00000010     nortos_cc32xx.a : SemaphoreP_nortos.oem4 (.text:SemaphoreP_Params_init)
                  2000ec80    00000010     drivers_cc32xx.a : Timer.oem4 (.text:Timer_Params_init)
                  2000ec90    0000000e     nortos_cc32xx.a : HwiPCC32XX_nortos.oem4 (.text:HwiP_clearInterrupt)
                  2000ec9e    0000000e                     : HwiPCC32XX_nortos.oem4 (.text:HwiP_disable)
                  2000ecac    0000000e                     : HwiPCC32XX_nortos.oem4 (.text:HwiP_enable)
                  2000ecba    0000000e     rtsv7M4_T_le_eabi.lib : copy_decompress_none.c.obj (.text:decompress:none:__TI_decompress_none)
                  2000ecc8    0000000c     drivers_cc32xx.a : PowerCC32XX.oem4 (.text:Power_getConstraintMask)
                  2000ecd4    0000000c                      : TimerCC32XX.oem4 (.text:postNotifyFxn)
                  2000ece0    0000000a     nortos_cc32xx.a : ClockPSysTick_nortos.oem4 (.text:ClockP_isActive)
                  2000ecea    0000000a     driverlib.a : interrupt.obj (.text:IntMasterDisable)
                  2000ecf4    00000008     rtsv7M4_T_le_eabi.lib : memory.c.obj (.text:malloc)
                  2000ecfc    00000006     driverlib.a : utils.obj (.text:UtilsDelay)
                  2000ed02    00000004     nortos_cc32xx.a : HwiPCC32XX_nortos.oem4 (.text:HwiP_post)
                  2000ed06    00000004                     : SemaphoreP_nortos.oem4 (.text:SemaphoreP_delete)
                  2000ed0a    00000004     rtsv7M4_T_le_eabi.lib : pre_init.c.obj (.text:_system_pre_init)
                  2000ed0e    00000004                           : exit.c.obj (.text:abort:abort)
                  2000ed12    00000002     nortos_cc32xx.a : startup_cc32xx_ccs.oem4 (.text:nmiISR)
                  2000ed14    00000002     rtsv7M4_T_le_eabi.lib : div0.asm.obj (.text)

.const     0    2000f2dc    000002d0     
                  2000f2dc    00000100     driverlib.a : pin.obj (.const:g_ulPinToPadMap)
                  2000f3dc    000000a8                 : prcm.obj (.const:PRCM_PeriphRegsList)
                  2000f484    00000044     ti_drivers_config.obj (.const:PowerCC32XX_config)
                  2000f4c8    00000021     drivers_cc32xx.a : GPIOCC32XX.oem4 (.const:.string:pinTable)
                  2000f4e9    00000003     --HOLE-- [fill = 0]
                  2000f4ec    00000018     driverlib.a : interrupt.obj (.const:g_pulEnRegs)
                  2000f504    00000018                 : interrupt.obj (.const:g_pulPendRegs)
                  2000f51c    00000014     ti_drivers_config.obj (.const:GPIOCC32XX_config)
                  2000f530    00000014     drivers_cc32xx.a : GPIOCC32XX.oem4 (.const:gpioBaseAddresses)
                  2000f544    00000014                      : GPIOCC32XX.oem4 (.const:powerResources)
                  2000f558    00000010     ti_drivers_config.obj (.const:timerCC32XXHWAttrs)
                  2000f568    0000000c     drivers_cc32xx.a : Timer.oem4 (.const:defaultParams)
                  2000f574    0000000c                      : TimerCC32XX.oem4 (.const:defaultParams)
                  2000f580    00000008     ti_drivers_config.obj (.const:Timer_config)
                  2000f588    00000008     drivers_cc32xx.a : GPIOCC32XX.oem4 (.const:outPinTypes)
                  2000f590    00000006                      : GPIOCC32XX.oem4 (.const:.string:interruptType)
                  2000f596    00000006                      : GPIOCC32XX.oem4 (.const:inPinTypes)
                  2000f59c    00000006                      : GPIOCC32XX.oem4 (.const:outPinStrengths)
                  2000f5a2    00000006     ti_drivers_config.obj (.const)
                  2000f5a8    00000004     drivers_cc32xx.a : GPIOCC32XX.oem4 (.const:.string:portInterruptIds)

.cinit     0    2000f7c0    000000f8     
                  2000f7c0    000000ce     (.cinit..data.load) [load image, compression = lzss]
                  2000f88e    00000002     --HOLE-- [fill = 0]
                  2000f890    0000000c     (__TI_handler_table)
                  2000f89c    00000004     --HOLE-- [fill = 0]
                  2000f8a0    00000008     (.cinit..bss.load) [load image, compression = zero_init]
                  2000f8a8    00000010     (__TI_cinit_table)

.init_array 
*          0    20004000    00000000     UNINITIALIZED

.ramVecs   0    20000000    0000030c     NOLOAD SECTION
                  20000000    0000030c     nortos_cc32xx.a : startup_cc32xx_ccs.oem4 (.ramVecs)

.stack     0    20003000    00001000     UNINITIALIZED
                  20003000    00000004     rtsv7M4_T_le_eabi.lib : boot_cortex_m.c.obj (.stack)
                  20003004    00000ffc     --HOLE--

.resetVecs 
*          0    20004000    00000040     
                  20004000    00000040     nortos_cc32xx.a : startup_cc32xx_ccs.oem4 (.resetVecs:retain)

.sysmem    0    20004040    00008000     UNINITIALIZED
                  20004040    00000010     rtsv7M4_T_le_eabi.lib : memory.c.obj (.sysmem)
                  20004050    00007ff0     --HOLE--

.data      0    2000ed18    000005c4     UNINITIALIZED
                  2000ed18    0000030c     nortos_cc32xx.a : HwiPCC32XX_nortos.oem4 (.data:HwiP_dispatchTable)
                  2000f024    0000016c     drivers_cc32xx.a : PowerCC32XX.oem4 (.data:PowerCC32XX_module)
                  2000f190    000000f8     ti_drivers_config.obj (.data:parkInfo)
                  2000f288    00000010     ti_drivers_config.obj (.data:gpioCallbackFunctions)
                  2000f298    00000010     ti_drivers_config.obj (.data:gpioPinConfigs)
                  2000f2a8    00000009     drivers_cc32xx.a : GPIOCC32XX.oem4 (.data)
                  2000f2b1    00000003     gpiointerrupt.obj (.data)
                  2000f2b4    00000008     rtsv7M4_T_le_eabi.lib : _lock.c.obj (.data:$O1$$)
                  2000f2bc    00000008                           : memory.c.obj (.data:$O1$$)
                  2000f2c4    00000008     nortos_cc32xx.a : SemaphoreP_nortos.oem4 (.data:SemaphoreP_defaultParams)
                  2000f2cc    00000008                     : HwiPCC32XX_nortos.oem4 (.data)
                  2000f2d4    00000005                     : ClockPSysTick_nortos.oem4 (.data)
                  2000f2d9    00000003                     : SemaphoreP_nortos.oem4 (.data)

.bss       0    2000f5b0    00000210     UNINITIALIZED
                  2000f5b0    0000012c     (.common:PowerCC32XX_contextSave)
                  2000f6dc    00000084     (.common:timerCC32XXObjects)
                  2000f760    00000020     drivers_cc32xx.a : GPIOCC32XX.oem4 (.bss:gpioCallbackInfo)
                  2000f780    00000014                      : GPIOCC32XX.oem4 (.bss:powerNotifyObj)
                  2000f794    00000004                      : GPIOCC32XX.oem4 (.bss)
                  2000f798    00000010     (.common:ClockP_ctrl)
                  2000f7a8    0000000d     nortos_cc32xx.a : SwiP_nortos.oem4 (.bss)
                  2000f7b5    00000001     (.common:SM_STATE)
                  2000f7b6    00000002     --HOLE--
                  2000f7b8    00000004                     : ClockPSysTick_nortos.oem4 (.bss)
                  2000f7bc    00000004     drivers_cc32xx.a : TimerCC32XX.oem4 (.bss:timerState)

.log_data 
*          0    90000000    00000000     COPY SECTION

__llvm_prf_cnts 
*          0    20004000    00000000     UNINITIALIZED

MODULE SUMMARY

       Module                       code    ro data   rw data
       ------                       ----    -------   -------
    .\
       gpiointerrupt.obj            832     0         4      
       main_nortos.obj              18      0         0      
    +--+----------------------------+-------+---------+---------+
       Total:                       850     0         4      
                                                             
    .\syscfg\
       ti_drivers_config.obj        18      118       412    
    +--+----------------------------+-------+---------+---------+
       Total:                       18      118       412    
                                                             
    C:/ti/simplelink_cc32xx_sdk_5_10_00_02/kernel/nortos/lib/ccs/m4/nortos_cc32xx.a
       HwiPCC32XX_nortos.oem4       366     0         788    
       startup_cc32xx_ccs.oem4      90      64        780    
       ClockPSysTick_nortos.oem4    582     0         25     
       PowerCC32XX_nortos.oem4      472     0         0      
       SemaphoreP_nortos.oem4       410     0         11     
       SwiP_nortos.oem4             96      0         13     
    +--+----------------------------+-------+---------+---------+
       Total:                       2016    64        1617   
                                                             
    C:/ti/simplelink_cc32xx_sdk_5_10_00_02/source/ti/devices/cc32xx/driverlib/ccs/Release/driverlib.a
       prcm.obj                     1604    168       0      
       pin.obj                      280     256       0      
       interrupt.obj                334     48        0      
       timer.obj                    264     0         0      
       flash.obj                    72      0         0      
       cpu.obj                      20      0         0      
       utils.obj                    6       0         0      
    +--+----------------------------+-------+---------+---------+
       Total:                       2580    472       0      
                                                             
    C:/ti/simplelink_cc32xx_sdk_5_10_00_02/source/ti/drivers/lib/ccs/m4/drivers_cc32xx.a
       PowerCC32XX.oem4             2300    0         664    
       GPIOCC32XX.oem4              1208    103       65     
       TimerCC32XX.oem4             876     12        4      
       Timer.oem4                   140     12        0      
       PowerCC32XX_asm.oem4         150     0         0      
       List.oem4                    76      0         0      
    +--+----------------------------+-------+---------+---------+
       Total:                       4750    127       733    
                                                             
    C:\ti\ccs1030\ccs\tools\compiler\ti-cgt-arm_20.2.5.LTS\lib\rtsv7M4_T_le_eabi.lib
       memory.c.obj                 672     0         8      
       memcpy_t2.asm.obj            156     0         0      
       ull_div_t2.asm.obj           150     0         0      
       copy_decompress_lzss.c.obj   104     0         0      
       autoinit.c.obj               68      0         0      
       boot_cortex_m.c.obj          36      0         0      
       copy_zero_init.c.obj         28      0         0      
       ll_mul_t2.asm.obj            24      0         0      
       copy_decompress_none.c.obj   14      0         0      
       _lock.c.obj                  2       0         8      
       exit.c.obj                   4       0         0      
       pre_init.c.obj               4       0         0      
       div0.asm.obj                 2       0         0      
    +--+----------------------------+-------+---------+---------+
       Total:                       1264    0         16     
                                                             
       Heap:                        0       0         32768  
       Stack:                       0       0         4096   
       Linker Generated:            0       242       0      
    +--+----------------------------+-------+---------+---------+
       Grand Total:                 11478   1023      39646  


LINKER GENERATED COPY TABLES

__TI_cinit_table @ 2000f8a8 records: 2, size/record: 8, table size: 16
	.data: load addr=2000f7c0, load size=000000ce bytes, run addr=2000ed18, run size=000005c4 bytes, compression=lzss
	.bss: load addr=2000f8a0, load size=00000008 bytes, run addr=2000f5b0, run size=00000210 bytes, compression=zero_init


LINKER GENERATED HANDLER TABLE

__TI_handler_table @ 2000f890 records: 3, size/record: 4, table size: 12
	index: 0, handler: __TI_decompress_lzss
	index: 1, handler: __TI_decompress_none
	index: 2, handler: __TI_zero_init


GLOBAL SYMBOLS: SORTED ALPHABETICALLY BY Name 

address   name                             
-------   ----                             
2000ebef  Board_init                       
2000d503  Board_initHook                   
2000f2b2  ButtonClick                      
2000ed0f  C$$EXIT                          
2000f5a2  CONFIG_GPIO_BUTTON_0_CONST       
2000f5a3  CONFIG_GPIO_BUTTON_1_CONST       
2000f5a4  CONFIG_GPIO_LED_0_CONST          
2000f5a5  CONFIG_GPIO_LED_1_CONST          
2000f5a6  CONFIG_TIMER_0_CONST             
2000eb53  CPUcpsid                         
2000ebff  ClockP_add                       
2000f798  ClockP_ctrl                      
2000e3dd  ClockP_destruct                  
2000ddb5  ClockP_doTick                    
2000ec11  ClockP_getCpuFreq                
2000ec21  ClockP_getSystemTicks            
2000e5dd  ClockP_getTicksUntilInterrupt    
2000ece1  ClockP_isActive                  
2000ec31  ClockP_setTicks                  
2000e715  ClockP_start                     
2000e611  ClockP_startup                   
2000e141  ClockP_stop                      
2000ddb5  ClockP_sysTickHandler            
2000f2d4  ClockP_tickPeriod                
2000dfd9  FlashDisable                     
2000f51c  GPIOCC32XX_config                
2000def5  GPIO_enableInt                   
2000d93d  GPIO_hwiIntFxn                   
2000cfc5  GPIO_init                        
2000db51  GPIO_setCallback                 
2000c6a9  GPIO_setConfig                   
2000dc09  GPIO_write                       
2000ebb9  HwiP_Params_init                 
2000ec91  HwiP_clearInterrupt              
2000d595  HwiP_construct                   
2000e775  HwiP_create                      
2000ec41  HwiP_delete                      
2000e925  HwiP_destruct                    
2000ec9f  HwiP_disable                     
2000e8b9  HwiP_dispatch                    
2000ecad  HwiP_enable                      
2000eb69  HwiP_inISR                       
2000f2cc  HwiP_key                         
2000ed03  HwiP_post                        
2000ec51  HwiP_restore                     
2000f2d0  HwiP_swiPIntNum                  
UNDEFED   ITM_flush                        
UNDEFED   ITM_restore                      
2000d149  IntEnable                        
2000eceb  IntMasterDisable                 
2000d621  IntPendSet                       
2000eb7d  IntVTableBaseSet                 
2000e86d  List_put                         
2000e893  List_remove                      
2000f2b3  MorseWord                        
2000ecad  NoRTOS_start                     
2000c041  PRCMCC3200MCUInit                
2000eb11  PRCMHIBRegRead                   
2000eb27  PRCMHIBRegWrite                  
2000e021  PRCMLPDSEnter                    
2000e491  PRCMLPDSEnterKeepDebugIf         
2000e185  PRCMLPDSRestoreInfoSet           
2000e7f5  PRCMPeripheralClkDisable         
2000e069  PRCMPeripheralClkEnable          
2000dc61  PRCMPeripheralReset              
2000daf1  PRCMSysResetCauseGet             
2000d6a9  PinConfigSet                     
2000e645  PinModeGet                       
2000e31d  PinModeSet                       
2000e9c1  PinToPadGet                      
2000f484  PowerCC32XX_config               
2000d1f1  PowerCC32XX_configureWakeup      
2000f5b0  PowerCC32XX_contextSave          
2000e1c9  PowerCC32XX_enterLPDS            
2000e13f  PowerCC32XX_initPolicy           
2000f024  PowerCC32XX_module               
2000df41  PowerCC32XX_parkPin              
2000e745  PowerCC32XX_restoreParkedPin     
2000dd11  PowerCC32XX_resumeLPDS           
2000da8d  PowerCC32XX_setParkState         
2000c88d  PowerCC32XX_sleepPolicy          
2000eb91  Power_disablePolicy              
2000ec61  Power_enablePolicy               
2000ecc9  Power_getConstraintMask          
2000eba5  Power_getDependencyCount         
2000ea69  Power_getTransitionLatency       
2000ea81  Power_idleFunc                   
2000d731  Power_init                       
2000e81d  Power_registerNotify             
2000e0b1  Power_releaseConstraint          
2000dcb9  Power_releaseDependency          
2000e419  Power_setConstraint              
2000d8bd  Power_setDependency              
2000cb71  Power_sleep                      
2000e945  Power_unregisterNotify           
2000f7b5  SM_STATE                         
2000ec71  SemaphoreP_Params_init           
2000de05  SemaphoreP_construct             
2000e965  SemaphoreP_constructBinary       
2000eb3d  SemaphoreP_create                
2000ea31  SemaphoreP_createBinary          
2000f2c4  SemaphoreP_defaultParams         
2000ed07  SemaphoreP_delete                
2000e48f  SemaphoreP_destruct              
2000d299  SemaphoreP_pend                  
2000e20d  SemaphoreP_post                  
2000e9dd  SwiP_disable                     
2000e251  SwiP_restore                     
2000c46d  Tick_Morse                       
2000de55  TimerCC32XX_allocateTimerResource
2000e679  TimerCC32XX_freeTimerResource    
2000e571  TimerControlStall                
2000e983  TimerDisable                     
2000e9a1  TimerEnable                      
2000f2b1  TimerFlag                        
2000ebcb  TimerIntClear                    
2000ea99  TimerIntDisable                  
2000eab1  TimerIntEnable                   
2000e79f  TimerLoadSet                     
2000e7c9  TimerPrescaleSet                 
2000e8dd  TimerSupport_timerDisable        
2000e35d  TimerSupport_timerEnable         
2000ec81  Timer_Params_init                
2000e39d  Timer_close                      
2000f580  Timer_config                     
2000f5a7  Timer_count                      
2000e7f3  Timer_init                       
2000cca9  Timer_open                       
2000e295  Timer_start                      
2000e5a7  Timer_stop                       
2000ecfd  UtilsDelay                       
20004000  __STACK_END                      
00001000  __STACK_SIZE                     
00008000  __SYSMEM_SIZE                    
2000f8a8  __TI_CINIT_Base                  
2000f8b8  __TI_CINIT_Limit                 
2000f890  __TI_Handler_Table_Base          
2000f89c  __TI_Handler_Table_Limit         
2000e2d9  __TI_auto_init_nobinit_nopinit   
2000da25  __TI_decompress_lzss             
2000ecbb  __TI_decompress_none             
ffffffff  __TI_pprof_out_hndl              
ffffffff  __TI_prof_data_size              
ffffffff  __TI_prof_data_start             
2000f7c0  __TI_static_base__               
2000e9f9  __TI_zero_init_nomemset          
2000ed15  __aeabi_idiv0                    
2000ed15  __aeabi_ldiv0                    
2000eae1  __aeabi_lmul                     
2000d339  __aeabi_memcpy                   
2000d339  __aeabi_memcpy4                  
2000d339  __aeabi_memcpy8                  
2000d46d  __aeabi_uldivmod                 
ffffffff  __binit__                        
ffffffff  __c_args__                       
UNDEFED   __mpu_init                       
20003000  __stack                          
20004000  __start___llvm_prf_cnts          
20004000  __stop___llvm_prf_cnts           
2000e901  _c_int00_noargs                  
2000f2b4  _lock                            
2000e9bf  _nop                             
20004040  _sys_memory                      
UNDEFED   _system_post_cinit               
2000ed0b  _system_pre_init                 
2000f2b8  _unlock                          
2000ed0f  abort                            
2000cde1  aligned_alloc                    
ffffffff  binit                            
2000ea67  clkFxn                           
2000cee1  free                             
2000eac9  gpioButtonFxn                    
2000f288  gpioCallbackFunctions            
2000f298  gpioPinConfigs                   
2000f596  inPinTypes                       
2000dea5  initTimer                        
2000e501  initVectors                      
2000ebdd  main                             
2000d7b5  mainThread                       
2000ecf5  malloc                           
2000cde1  memalign                         
2000d339  memcpy                           
2000f59c  outPinStrengths                  
2000f588  outPinTypes                      
2000f190  parkInfo                         
2000ea4d  resetISR                         
2000ea60  resetVectorAddr                  
20004000  resetVectors                     
2000f558  timerCC32XXHWAttrs               
2000f6dc  timerCC32XXObjects               
2000eaf9  timerCallback                    


GLOBAL SYMBOLS: SORTED BY Symbol Address 

address   name                             
-------   ----                             
00001000  __STACK_SIZE                     
00008000  __SYSMEM_SIZE                    
20003000  __stack                          
20004000  __STACK_END                      
20004000  __start___llvm_prf_cnts          
20004000  __stop___llvm_prf_cnts           
20004000  resetVectors                     
20004040  _sys_memory                      
2000c041  PRCMCC3200MCUInit                
2000c46d  Tick_Morse                       
2000c6a9  GPIO_setConfig                   
2000c88d  PowerCC32XX_sleepPolicy          
2000cb71  Power_sleep                      
2000cca9  Timer_open                       
2000cde1  aligned_alloc                    
2000cde1  memalign                         
2000cee1  free                             
2000cfc5  GPIO_init                        
2000d149  IntEnable                        
2000d1f1  PowerCC32XX_configureWakeup      
2000d299  SemaphoreP_pend                  
2000d339  __aeabi_memcpy                   
2000d339  __aeabi_memcpy4                  
2000d339  __aeabi_memcpy8                  
2000d339  memcpy                           
2000d46d  __aeabi_uldivmod                 
2000d503  Board_initHook                   
2000d595  HwiP_construct                   
2000d621  IntPendSet                       
2000d6a9  PinConfigSet                     
2000d731  Power_init                       
2000d7b5  mainThread                       
2000d8bd  Power_setDependency              
2000d93d  GPIO_hwiIntFxn                   
2000da25  __TI_decompress_lzss             
2000da8d  PowerCC32XX_setParkState         
2000daf1  PRCMSysResetCauseGet             
2000db51  GPIO_setCallback                 
2000dc09  GPIO_write                       
2000dc61  PRCMPeripheralReset              
2000dcb9  Power_releaseDependency          
2000dd11  PowerCC32XX_resumeLPDS           
2000ddb5  ClockP_doTick                    
2000ddb5  ClockP_sysTickHandler            
2000de05  SemaphoreP_construct             
2000de55  TimerCC32XX_allocateTimerResource
2000dea5  initTimer                        
2000def5  GPIO_enableInt                   
2000df41  PowerCC32XX_parkPin              
2000dfd9  FlashDisable                     
2000e021  PRCMLPDSEnter                    
2000e069  PRCMPeripheralClkEnable          
2000e0b1  Power_releaseConstraint          
2000e13f  PowerCC32XX_initPolicy           
2000e141  ClockP_stop                      
2000e185  PRCMLPDSRestoreInfoSet           
2000e1c9  PowerCC32XX_enterLPDS            
2000e20d  SemaphoreP_post                  
2000e251  SwiP_restore                     
2000e295  Timer_start                      
2000e2d9  __TI_auto_init_nobinit_nopinit   
2000e31d  PinModeSet                       
2000e35d  TimerSupport_timerEnable         
2000e39d  Timer_close                      
2000e3dd  ClockP_destruct                  
2000e419  Power_setConstraint              
2000e48f  SemaphoreP_destruct              
2000e491  PRCMLPDSEnterKeepDebugIf         
2000e501  initVectors                      
2000e571  TimerControlStall                
2000e5a7  Timer_stop                       
2000e5dd  ClockP_getTicksUntilInterrupt    
2000e611  ClockP_startup                   
2000e645  PinModeGet                       
2000e679  TimerCC32XX_freeTimerResource    
2000e715  ClockP_start                     
2000e745  PowerCC32XX_restoreParkedPin     
2000e775  HwiP_create                      
2000e79f  TimerLoadSet                     
2000e7c9  TimerPrescaleSet                 
2000e7f3  Timer_init                       
2000e7f5  PRCMPeripheralClkDisable         
2000e81d  Power_registerNotify             
2000e86d  List_put                         
2000e893  List_remove                      
2000e8b9  HwiP_dispatch                    
2000e8dd  TimerSupport_timerDisable        
2000e901  _c_int00_noargs                  
2000e925  HwiP_destruct                    
2000e945  Power_unregisterNotify           
2000e965  SemaphoreP_constructBinary       
2000e983  TimerDisable                     
2000e9a1  TimerEnable                      
2000e9bf  _nop                             
2000e9c1  PinToPadGet                      
2000e9dd  SwiP_disable                     
2000e9f9  __TI_zero_init_nomemset          
2000ea31  SemaphoreP_createBinary          
2000ea4d  resetISR                         
2000ea60  resetVectorAddr                  
2000ea67  clkFxn                           
2000ea69  Power_getTransitionLatency       
2000ea81  Power_idleFunc                   
2000ea99  TimerIntDisable                  
2000eab1  TimerIntEnable                   
2000eac9  gpioButtonFxn                    
2000eae1  __aeabi_lmul                     
2000eaf9  timerCallback                    
2000eb11  PRCMHIBRegRead                   
2000eb27  PRCMHIBRegWrite                  
2000eb3d  SemaphoreP_create                
2000eb53  CPUcpsid                         
2000eb69  HwiP_inISR                       
2000eb7d  IntVTableBaseSet                 
2000eb91  Power_disablePolicy              
2000eba5  Power_getDependencyCount         
2000ebb9  HwiP_Params_init                 
2000ebcb  TimerIntClear                    
2000ebdd  main                             
2000ebef  Board_init                       
2000ebff  ClockP_add                       
2000ec11  ClockP_getCpuFreq                
2000ec21  ClockP_getSystemTicks            
2000ec31  ClockP_setTicks                  
2000ec41  HwiP_delete                      
2000ec51  HwiP_restore                     
2000ec61  Power_enablePolicy               
2000ec71  SemaphoreP_Params_init           
2000ec81  Timer_Params_init                
2000ec91  HwiP_clearInterrupt              
2000ec9f  HwiP_disable                     
2000ecad  HwiP_enable                      
2000ecad  NoRTOS_start                     
2000ecbb  __TI_decompress_none             
2000ecc9  Power_getConstraintMask          
2000ece1  ClockP_isActive                  
2000eceb  IntMasterDisable                 
2000ecf5  malloc                           
2000ecfd  UtilsDelay                       
2000ed03  HwiP_post                        
2000ed07  SemaphoreP_delete                
2000ed0b  _system_pre_init                 
2000ed0f  C$$EXIT                          
2000ed0f  abort                            
2000ed15  __aeabi_idiv0                    
2000ed15  __aeabi_ldiv0                    
2000f024  PowerCC32XX_module               
2000f190  parkInfo                         
2000f288  gpioCallbackFunctions            
2000f298  gpioPinConfigs                   
2000f2b1  TimerFlag                        
2000f2b2  ButtonClick                      
2000f2b3  MorseWord                        
2000f2b4  _lock                            
2000f2b8  _unlock                          
2000f2c4  SemaphoreP_defaultParams         
2000f2cc  HwiP_key                         
2000f2d0  HwiP_swiPIntNum                  
2000f2d4  ClockP_tickPeriod                
2000f484  PowerCC32XX_config               
2000f51c  GPIOCC32XX_config                
2000f558  timerCC32XXHWAttrs               
2000f580  Timer_config                     
2000f588  outPinTypes                      
2000f596  inPinTypes                       
2000f59c  outPinStrengths                  
2000f5a2  CONFIG_GPIO_BUTTON_0_CONST       
2000f5a3  CONFIG_GPIO_BUTTON_1_CONST       
2000f5a4  CONFIG_GPIO_LED_0_CONST          
2000f5a5  CONFIG_GPIO_LED_1_CONST          
2000f5a6  CONFIG_TIMER_0_CONST             
2000f5a7  Timer_count                      
2000f5b0  PowerCC32XX_contextSave          
2000f6dc  timerCC32XXObjects               
2000f798  ClockP_ctrl                      
2000f7b5  SM_STATE                         
2000f7c0  __TI_static_base__               
2000f890  __TI_Handler_Table_Base          
2000f89c  __TI_Handler_Table_Limit         
2000f8a8  __TI_CINIT_Base                  
2000f8b8  __TI_CINIT_Limit                 
ffffffff  __TI_pprof_out_hndl              
ffffffff  __TI_prof_data_size              
ffffffff  __TI_prof_data_start             
ffffffff  __binit__                        
ffffffff  __c_args__                       
ffffffff  binit                            
UNDEFED   ITM_flush                        
UNDEFED   ITM_restore                      
UNDEFED   __mpu_init                       
UNDEFED   _system_post_cinit               

[191 symbols]
