<?xml version="1.0" encoding="ISO-8859-1" ?>
<link_info>
   <banner>TI ARM Linker PC v20.2.5.LTS</banner>
   <copyright>Copyright (c) 1996-2018 Texas Instruments Incorporated</copyright>
   <link_time>0x60bcebef</link_time>
   <link_errors>0x0</link_errors>
   <output_file>gpiointerrupt_CC3220S_LAUNCHXL_nortos_ccs.out</output_file>
   <entry_point>
      <name>resetISR</name>
      <address>0x2000ea4d</address>
   </entry_point>
   <input_file_list>
      <input_file id="fl-2">
         <path>.\</path>
         <kind>object</kind>
         <file>gpiointerrupt.obj</file>
         <name>gpiointerrupt.obj</name>
      </input_file>
      <input_file id="fl-3">
         <path>.\syscfg\</path>
         <kind>object</kind>
         <file>ti_drivers_config.obj</file>
         <name>ti_drivers_config.obj</name>
      </input_file>
      <input_file id="fl-4">
         <path>.\</path>
         <kind>object</kind>
         <file>main_nortos.obj</file>
         <name>main_nortos.obj</name>
      </input_file>
      <input_file id="fl-d">
         <kind>object</kind>
         <file>&lt;internal&gt;</file>
         <name>&lt;internal&gt;</name>
      </input_file>
      <input_file id="fl-e">
         <path>C:\ti\simplelink_cc32xx_sdk_5_10_00_02\source\ti\drivers\lib\ccs\m4\</path>
         <kind>archive</kind>
         <file>drivers_cc32xx.a</file>
         <name>Timer.oem4</name>
      </input_file>
      <input_file id="fl-f">
         <path>C:\ti\simplelink_cc32xx_sdk_5_10_00_02\source\ti\drivers\lib\ccs\m4\</path>
         <kind>archive</kind>
         <file>drivers_cc32xx.a</file>
         <name>GPIOCC32XX.oem4</name>
      </input_file>
      <input_file id="fl-10">
         <path>C:\ti\simplelink_cc32xx_sdk_5_10_00_02\source\ti\drivers\lib\ccs\m4\</path>
         <kind>archive</kind>
         <file>drivers_cc32xx.a</file>
         <name>PowerCC32XX.oem4</name>
      </input_file>
      <input_file id="fl-11">
         <path>C:\ti\simplelink_cc32xx_sdk_5_10_00_02\source\ti\drivers\lib\ccs\m4\</path>
         <kind>archive</kind>
         <file>drivers_cc32xx.a</file>
         <name>PowerCC32XX_asm.oem4</name>
      </input_file>
      <input_file id="fl-12">
         <path>C:\ti\simplelink_cc32xx_sdk_5_10_00_02\source\ti\drivers\lib\ccs\m4\</path>
         <kind>archive</kind>
         <file>drivers_cc32xx.a</file>
         <name>TimerCC32XX.oem4</name>
      </input_file>
      <input_file id="fl-13">
         <path>C:\ti\simplelink_cc32xx_sdk_5_10_00_02\source\ti\drivers\lib\ccs\m4\</path>
         <kind>archive</kind>
         <file>drivers_cc32xx.a</file>
         <name>List.oem4</name>
      </input_file>
      <input_file id="fl-14">
         <path>C:\ti\simplelink_cc32xx_sdk_5_10_00_02\kernel\nortos\lib\ccs\m4\</path>
         <kind>archive</kind>
         <file>nortos_cc32xx.a</file>
         <name>NoRTOS.oem4</name>
      </input_file>
      <input_file id="fl-15">
         <path>C:\ti\simplelink_cc32xx_sdk_5_10_00_02\kernel\nortos\lib\ccs\m4\</path>
         <kind>archive</kind>
         <file>nortos_cc32xx.a</file>
         <name>SemaphoreP_nortos.oem4</name>
      </input_file>
      <input_file id="fl-16">
         <path>C:\ti\simplelink_cc32xx_sdk_5_10_00_02\kernel\nortos\lib\ccs\m4\</path>
         <kind>archive</kind>
         <file>nortos_cc32xx.a</file>
         <name>ClockPSysTick_nortos.oem4</name>
      </input_file>
      <input_file id="fl-17">
         <path>C:\ti\simplelink_cc32xx_sdk_5_10_00_02\kernel\nortos\lib\ccs\m4\</path>
         <kind>archive</kind>
         <file>nortos_cc32xx.a</file>
         <name>HwiPCC32XX_nortos.oem4</name>
      </input_file>
      <input_file id="fl-18">
         <path>C:\ti\simplelink_cc32xx_sdk_5_10_00_02\kernel\nortos\lib\ccs\m4\</path>
         <kind>archive</kind>
         <file>nortos_cc32xx.a</file>
         <name>PowerCC32XX_nortos.oem4</name>
      </input_file>
      <input_file id="fl-19">
         <path>C:\ti\simplelink_cc32xx_sdk_5_10_00_02\kernel\nortos\lib\ccs\m4\</path>
         <kind>archive</kind>
         <file>nortos_cc32xx.a</file>
         <name>startup_cc32xx_ccs.oem4</name>
      </input_file>
      <input_file id="fl-1a">
         <path>C:\ti\simplelink_cc32xx_sdk_5_10_00_02\kernel\nortos\lib\ccs\m4\</path>
         <kind>archive</kind>
         <file>nortos_cc32xx.a</file>
         <name>SwiP_nortos.oem4</name>
      </input_file>
      <input_file id="fl-1b">
         <path>C:\ti\simplelink_cc32xx_sdk_5_10_00_02\kernel\nortos\lib\ccs\m4\</path>
         <kind>archive</kind>
         <file>nortos_cc32xx.a</file>
         <name>QueueP_nortos.oem4</name>
      </input_file>
      <input_file id="fl-1c">
         <path>C:\ti\simplelink_cc32xx_sdk_5_10_00_02\source\ti\devices\cc32xx\driverlib\ccs\Release\</path>
         <kind>archive</kind>
         <file>driverlib.a</file>
         <name>cpu.obj</name>
      </input_file>
      <input_file id="fl-1d">
         <path>C:\ti\simplelink_cc32xx_sdk_5_10_00_02\source\ti\devices\cc32xx\driverlib\ccs\Release\</path>
         <kind>archive</kind>
         <file>driverlib.a</file>
         <name>interrupt.obj</name>
      </input_file>
      <input_file id="fl-1e">
         <path>C:\ti\simplelink_cc32xx_sdk_5_10_00_02\source\ti\devices\cc32xx\driverlib\ccs\Release\</path>
         <kind>archive</kind>
         <file>driverlib.a</file>
         <name>pin.obj</name>
      </input_file>
      <input_file id="fl-1f">
         <path>C:\ti\simplelink_cc32xx_sdk_5_10_00_02\source\ti\devices\cc32xx\driverlib\ccs\Release\</path>
         <kind>archive</kind>
         <file>driverlib.a</file>
         <name>prcm.obj</name>
      </input_file>
      <input_file id="fl-20">
         <path>C:\ti\simplelink_cc32xx_sdk_5_10_00_02\source\ti\devices\cc32xx\driverlib\ccs\Release\</path>
         <kind>archive</kind>
         <file>driverlib.a</file>
         <name>timer.obj</name>
      </input_file>
      <input_file id="fl-21">
         <path>C:\ti\simplelink_cc32xx_sdk_5_10_00_02\source\ti\devices\cc32xx\driverlib\ccs\Release\</path>
         <kind>archive</kind>
         <file>driverlib.a</file>
         <name>utils.obj</name>
      </input_file>
      <input_file id="fl-22">
         <path>C:\ti\simplelink_cc32xx_sdk_5_10_00_02\source\ti\devices\cc32xx\driverlib\ccs\Release\</path>
         <kind>archive</kind>
         <file>driverlib.a</file>
         <name>flash.obj</name>
      </input_file>
      <input_file id="fl-d8">
         <path>C:\ti\ccs1030\ccs\tools\compiler\ti-cgt-arm_20.2.5.LTS\lib\</path>
         <kind>archive</kind>
         <file>rtsv7M4_T_le_eabi.lib</file>
         <name>ll_mul_t2.asm.obj</name>
      </input_file>
      <input_file id="fl-d9">
         <path>C:\ti\ccs1030\ccs\tools\compiler\ti-cgt-arm_20.2.5.LTS\lib\</path>
         <kind>archive</kind>
         <file>rtsv7M4_T_le_eabi.lib</file>
         <name>memcpy_t2.asm.obj</name>
      </input_file>
      <input_file id="fl-da">
         <path>C:\ti\ccs1030\ccs\tools\compiler\ti-cgt-arm_20.2.5.LTS\lib\</path>
         <kind>archive</kind>
         <file>rtsv7M4_T_le_eabi.lib</file>
         <name>ull_div_t2.asm.obj</name>
      </input_file>
      <input_file id="fl-db">
         <path>C:\ti\ccs1030\ccs\tools\compiler\ti-cgt-arm_20.2.5.LTS\lib\</path>
         <kind>archive</kind>
         <file>rtsv7M4_T_le_eabi.lib</file>
         <name>copy_zero_init.c.obj</name>
      </input_file>
      <input_file id="fl-dc">
         <path>C:\ti\ccs1030\ccs\tools\compiler\ti-cgt-arm_20.2.5.LTS\lib\</path>
         <kind>archive</kind>
         <file>rtsv7M4_T_le_eabi.lib</file>
         <name>copy_decompress_none.c.obj</name>
      </input_file>
      <input_file id="fl-dd">
         <path>C:\ti\ccs1030\ccs\tools\compiler\ti-cgt-arm_20.2.5.LTS\lib\</path>
         <kind>archive</kind>
         <file>rtsv7M4_T_le_eabi.lib</file>
         <name>copy_decompress_lzss.c.obj</name>
      </input_file>
      <input_file id="fl-de">
         <path>C:\ti\ccs1030\ccs\tools\compiler\ti-cgt-arm_20.2.5.LTS\lib\</path>
         <kind>archive</kind>
         <file>rtsv7M4_T_le_eabi.lib</file>
         <name>memory.c.obj</name>
      </input_file>
      <input_file id="fl-df">
         <path>C:\ti\ccs1030\ccs\tools\compiler\ti-cgt-arm_20.2.5.LTS\lib\</path>
         <kind>archive</kind>
         <file>rtsv7M4_T_le_eabi.lib</file>
         <name>boot_cortex_m.c.obj</name>
      </input_file>
      <input_file id="fl-e0">
         <path>C:\ti\ccs1030\ccs\tools\compiler\ti-cgt-arm_20.2.5.LTS\lib\</path>
         <kind>archive</kind>
         <file>rtsv7M4_T_le_eabi.lib</file>
         <name>div0.asm.obj</name>
      </input_file>
      <input_file id="fl-e1">
         <path>C:\ti\ccs1030\ccs\tools\compiler\ti-cgt-arm_20.2.5.LTS\lib\</path>
         <kind>archive</kind>
         <file>rtsv7M4_T_le_eabi.lib</file>
         <name>memset_t2.asm.obj</name>
      </input_file>
      <input_file id="fl-e2">
         <path>C:\ti\ccs1030\ccs\tools\compiler\ti-cgt-arm_20.2.5.LTS\lib\</path>
         <kind>archive</kind>
         <file>rtsv7M4_T_le_eabi.lib</file>
         <name>autoinit.c.obj</name>
      </input_file>
      <input_file id="fl-e3">
         <path>C:\ti\ccs1030\ccs\tools\compiler\ti-cgt-arm_20.2.5.LTS\lib\</path>
         <kind>archive</kind>
         <file>rtsv7M4_T_le_eabi.lib</file>
         <name>pre_init.c.obj</name>
      </input_file>
      <input_file id="fl-e4">
         <path>C:\ti\ccs1030\ccs\tools\compiler\ti-cgt-arm_20.2.5.LTS\lib\</path>
         <kind>archive</kind>
         <file>rtsv7M4_T_le_eabi.lib</file>
         <name>cpy_tbl.c.obj</name>
      </input_file>
      <input_file id="fl-e5">
         <path>C:\ti\ccs1030\ccs\tools\compiler\ti-cgt-arm_20.2.5.LTS\lib\</path>
         <kind>archive</kind>
         <file>rtsv7M4_T_le_eabi.lib</file>
         <name>exit.c.obj</name>
      </input_file>
      <input_file id="fl-e6">
         <path>C:\ti\ccs1030\ccs\tools\compiler\ti-cgt-arm_20.2.5.LTS\lib\</path>
         <kind>archive</kind>
         <file>rtsv7M4_T_le_eabi.lib</file>
         <name>_lock.c.obj</name>
      </input_file>
      <input_file id="fl-e7">
         <path>C:\ti\ccs1030\ccs\tools\compiler\ti-cgt-arm_20.2.5.LTS\lib\</path>
         <kind>archive</kind>
         <file>rtsv7M4_T_le_eabi.lib</file>
         <name>args_main.c.obj</name>
      </input_file>
   </input_file_list>
   <object_component_list>
      <object_component id="oc-1c2">
         <name>.text:PRCMCC3200MCUInit</name>
         <load_address>0x2000c040</load_address>
         <run_address>0x2000c040</run_address>
         <size>0x42c</size>
         <input_file_ref idref="fl-1f"/>
      </object_component>
      <object_component id="oc-1fa">
         <name>.text:Tick_Morse</name>
         <load_address>0x2000c46c</load_address>
         <run_address>0x2000c46c</run_address>
         <size>0x23c</size>
         <input_file_ref idref="fl-2"/>
      </object_component>
      <object_component id="oc-1dc">
         <name>.text:GPIO_setConfig</name>
         <load_address>0x2000c6a8</load_address>
         <run_address>0x2000c6a8</run_address>
         <size>0x1e4</size>
         <input_file_ref idref="fl-f"/>
      </object_component>
      <object_component id="oc-353">
         <name>.text:PowerCC32XX_sleepPolicy</name>
         <load_address>0x2000c88c</load_address>
         <run_address>0x2000c88c</run_address>
         <size>0x19c</size>
         <input_file_ref idref="fl-18"/>
      </object_component>
      <object_component id="oc-59b">
         <name>.text:parkPins</name>
         <load_address>0x2000ca28</load_address>
         <run_address>0x2000ca28</run_address>
         <size>0x148</size>
         <input_file_ref idref="fl-10"/>
      </object_component>
      <object_component id="oc-48a">
         <name>.text:Power_sleep</name>
         <load_address>0x2000cb70</load_address>
         <run_address>0x2000cb70</run_address>
         <size>0x138</size>
         <input_file_ref idref="fl-10"/>
      </object_component>
      <object_component id="oc-2fc">
         <name>.text:Timer_open</name>
         <load_address>0x2000cca8</load_address>
         <run_address>0x2000cca8</run_address>
         <size>0x138</size>
         <input_file_ref idref="fl-12"/>
      </object_component>
      <object_component id="oc-4f0">
         <name>.text:aligned_alloc</name>
         <load_address>0x2000cde0</load_address>
         <run_address>0x2000cde0</run_address>
         <size>0x100</size>
         <input_file_ref idref="fl-de"/>
      </object_component>
      <object_component id="oc-371">
         <name>.text:free</name>
         <load_address>0x2000cee0</load_address>
         <run_address>0x2000cee0</run_address>
         <size>0xe4</size>
         <input_file_ref idref="fl-de"/>
      </object_component>
      <object_component id="oc-1d6">
         <name>.text:GPIO_init</name>
         <load_address>0x2000cfc4</load_address>
         <run_address>0x2000cfc4</run_address>
         <size>0xc4</size>
         <input_file_ref idref="fl-f"/>
      </object_component>
      <object_component id="oc-5b8">
         <name>.text:restoreParkedPins</name>
         <load_address>0x2000d088</load_address>
         <run_address>0x2000d088</run_address>
         <size>0xc0</size>
         <input_file_ref idref="fl-10"/>
      </object_component>
      <object_component id="oc-b5">
         <name>.text:IntEnable</name>
         <load_address>0x2000d148</load_address>
         <run_address>0x2000d148</run_address>
         <size>0xa8</size>
         <input_file_ref idref="fl-1d"/>
      </object_component>
      <object_component id="oc-269">
         <name>.text:PowerCC32XX_configureWakeup</name>
         <load_address>0x2000d1f0</load_address>
         <run_address>0x2000d1f0</run_address>
         <size>0xa8</size>
         <input_file_ref idref="fl-10"/>
      </object_component>
      <object_component id="oc-28f">
         <name>.text:SemaphoreP_pend</name>
         <load_address>0x2000d298</load_address>
         <run_address>0x2000d298</run_address>
         <size>0xa0</size>
         <input_file_ref idref="fl-15"/>
      </object_component>
      <object_component id="oc-3b">
         <name>.text</name>
         <load_address>0x2000d338</load_address>
         <run_address>0x2000d338</run_address>
         <size>0x9c</size>
         <input_file_ref idref="fl-d9"/>
      </object_component>
      <object_component id="oc-2ab">
         <name>.text:powerNotifyFxn</name>
         <load_address>0x2000d3d4</load_address>
         <run_address>0x2000d3d4</run_address>
         <size>0x98</size>
         <input_file_ref idref="fl-f"/>
      </object_component>
      <object_component id="oc-485">
         <name>.text</name>
         <load_address>0x2000d46c</load_address>
         <run_address>0x2000d46c</run_address>
         <size>0x96</size>
         <input_file_ref idref="fl-da"/>
      </object_component>
      <object_component id="oc-1ce">
         <name>.text:Board_initHook</name>
         <load_address>0x2000d502</load_address>
         <run_address>0x2000d502</run_address>
         <size>0x2</size>
         <input_file_ref idref="fl-3"/>
      </object_component>
      <object_component id="oc-5ac">
         <name>.text:restoreNVICRegs</name>
         <load_address>0x2000d504</load_address>
         <run_address>0x2000d504</run_address>
         <size>0x90</size>
         <input_file_ref idref="fl-10"/>
      </object_component>
      <object_component id="oc-3d2">
         <name>.text:HwiP_construct</name>
         <load_address>0x2000d594</load_address>
         <run_address>0x2000d594</run_address>
         <size>0x8c</size>
         <input_file_ref idref="fl-17"/>
      </object_component>
      <object_component id="oc-66f">
         <name>.text:IntPendSet</name>
         <load_address>0x2000d620</load_address>
         <run_address>0x2000d620</run_address>
         <size>0x88</size>
         <input_file_ref idref="fl-1d"/>
      </object_component>
      <object_component id="oc-2b5">
         <name>.text:PinConfigSet</name>
         <load_address>0x2000d6a8</load_address>
         <run_address>0x2000d6a8</run_address>
         <size>0x88</size>
         <input_file_ref idref="fl-1e"/>
      </object_component>
      <object_component id="oc-1c8">
         <name>.text:Power_init</name>
         <load_address>0x2000d730</load_address>
         <run_address>0x2000d730</run_address>
         <size>0x84</size>
         <input_file_ref idref="fl-10"/>
      </object_component>
      <object_component id="oc-15f">
         <name>.text:mainThread</name>
         <load_address>0x2000d7b4</load_address>
         <run_address>0x2000d7b4</run_address>
         <size>0x84</size>
         <input_file_ref idref="fl-2"/>
      </object_component>
      <object_component id="oc-5a1">
         <name>.text:saveNVICRegs</name>
         <load_address>0x2000d838</load_address>
         <run_address>0x2000d838</run_address>
         <size>0x84</size>
         <input_file_ref idref="fl-10"/>
      </object_component>
      <object_component id="oc-2bb">
         <name>.text:Power_setDependency</name>
         <load_address>0x2000d8bc</load_address>
         <run_address>0x2000d8bc</run_address>
         <size>0x80</size>
         <input_file_ref idref="fl-10"/>
      </object_component>
      <object_component id="oc-2df">
         <name>.text:GPIO_hwiIntFxn</name>
         <load_address>0x2000d93c</load_address>
         <run_address>0x2000d93c</run_address>
         <size>0x78</size>
         <input_file_ref idref="fl-f"/>
      </object_component>
      <object_component id="oc-5e8">
         <name>.text:split</name>
         <load_address>0x2000d9b4</load_address>
         <run_address>0x2000d9b4</run_address>
         <size>0x70</size>
         <input_file_ref idref="fl-de"/>
      </object_component>
      <object_component id="oc-14">
         <name>.text:decompress:lzss:__TI_decompress_lzss</name>
         <load_address>0x2000da24</load_address>
         <run_address>0x2000da24</run_address>
         <size>0x68</size>
         <input_file_ref idref="fl-dd"/>
      </object_component>
      <object_component id="oc-3c0">
         <name>.text:PowerCC32XX_setParkState</name>
         <load_address>0x2000da8c</load_address>
         <run_address>0x2000da8c</run_address>
         <size>0x64</size>
         <input_file_ref idref="fl-10"/>
      </object_component>
      <object_component id="oc-237">
         <name>.text:PRCMSysResetCauseGet</name>
         <load_address>0x2000daf0</load_address>
         <run_address>0x2000daf0</run_address>
         <size>0x60</size>
         <input_file_ref idref="fl-1f"/>
      </object_component>
      <object_component id="oc-1e2">
         <name>.text:GPIO_setCallback</name>
         <load_address>0x2000db50</load_address>
         <run_address>0x2000db50</run_address>
         <size>0x5c</size>
         <input_file_ref idref="fl-f"/>
      </object_component>
      <object_component id="oc-62f">
         <name>.text:sysTickInit</name>
         <load_address>0x2000dbac</load_address>
         <run_address>0x2000dbac</run_address>
         <size>0x5c</size>
         <input_file_ref idref="fl-16"/>
      </object_component>
      <object_component id="oc-1ee">
         <name>.text:GPIO_write</name>
         <load_address>0x2000dc08</load_address>
         <run_address>0x2000dc08</run_address>
         <size>0x58</size>
         <input_file_ref idref="fl-f"/>
      </object_component>
      <object_component id="oc-250">
         <name>.text:PRCMPeripheralReset</name>
         <load_address>0x2000dc60</load_address>
         <run_address>0x2000dc60</run_address>
         <size>0x58</size>
         <input_file_ref idref="fl-1f"/>
      </object_component>
      <object_component id="oc-612">
         <name>.text:Power_releaseDependency</name>
         <load_address>0x2000dcb8</load_address>
         <run_address>0x2000dcb8</run_address>
         <size>0x58</size>
         <input_file_ref idref="fl-10"/>
      </object_component>
      <object_component id="oc-64c">
         <name>.text:PowerCC32XX_resumeLPDS</name>
         <load_address>0x2000dd10</load_address>
         <run_address>0x2000dd10</run_address>
         <size>0x52</size>
         <input_file_ref idref="fl-11"/>
      </object_component>
      <object_component id="oc-419">
         <name>.text:initHw</name>
         <load_address>0x2000dd62</load_address>
         <run_address>0x2000dd62</run_address>
         <size>0x52</size>
         <input_file_ref idref="fl-12"/>
      </object_component>
      <object_component id="oc-79">
         <name>.text:ClockP_sysTickHandler</name>
         <load_address>0x2000ddb4</load_address>
         <run_address>0x2000ddb4</run_address>
         <size>0x50</size>
         <input_file_ref idref="fl-16"/>
      </object_component>
      <object_component id="oc-4b2">
         <name>.text:SemaphoreP_construct</name>
         <load_address>0x2000de04</load_address>
         <run_address>0x2000de04</run_address>
         <size>0x50</size>
         <input_file_ref idref="fl-15"/>
      </object_component>
      <object_component id="oc-3fb">
         <name>.text:TimerCC32XX_allocateTimerResource</name>
         <load_address>0x2000de54</load_address>
         <run_address>0x2000de54</run_address>
         <size>0x50</size>
         <input_file_ref idref="fl-12"/>
      </object_component>
      <object_component id="oc-1f4">
         <name>.text:initTimer</name>
         <load_address>0x2000dea4</load_address>
         <run_address>0x2000dea4</run_address>
         <size>0x50</size>
         <input_file_ref idref="fl-2"/>
      </object_component>
      <object_component id="oc-1e8">
         <name>.text:GPIO_enableInt</name>
         <load_address>0x2000def4</load_address>
         <run_address>0x2000def4</run_address>
         <size>0x4c</size>
         <input_file_ref idref="fl-f"/>
      </object_component>
      <object_component id="oc-643">
         <name>.text:PowerCC32XX_parkPin</name>
         <load_address>0x2000df40</load_address>
         <run_address>0x2000df40</run_address>
         <size>0x4c</size>
         <input_file_ref idref="fl-10"/>
      </object_component>
      <object_component id="oc-5b2">
         <name>.text:restorePeriphClocks</name>
         <load_address>0x2000df8c</load_address>
         <run_address>0x2000df8c</run_address>
         <size>0x4c</size>
         <input_file_ref idref="fl-10"/>
      </object_component>
      <object_component id="oc-667">
         <name>.text:FlashDisable</name>
         <load_address>0x2000dfd8</load_address>
         <run_address>0x2000dfd8</run_address>
         <size>0x48</size>
         <input_file_ref idref="fl-22"/>
      </object_component>
      <object_component id="oc-5be">
         <name>.text:PRCMLPDSEnter</name>
         <load_address>0x2000e020</load_address>
         <run_address>0x2000e020</run_address>
         <size>0x48</size>
         <input_file_ref idref="fl-1f"/>
      </object_component>
      <object_component id="oc-24a">
         <name>.text:PRCMPeripheralClkEnable</name>
         <load_address>0x2000e068</load_address>
         <run_address>0x2000e068</run_address>
         <size>0x48</size>
         <input_file_ref idref="fl-1f"/>
      </object_component>
      <object_component id="oc-687">
         <name>.text:Power_releaseConstraint</name>
         <load_address>0x2000e0b0</load_address>
         <run_address>0x2000e0b0</run_address>
         <size>0x48</size>
         <input_file_ref idref="fl-10"/>
      </object_component>
      <object_component id="oc-413">
         <name>.text:getPrescaler</name>
         <load_address>0x2000e0f8</load_address>
         <run_address>0x2000e0f8</run_address>
         <size>0x46</size>
         <input_file_ref idref="fl-12"/>
      </object_component>
      <object_component id="oc-34d">
         <name>.text:PowerCC32XX_initPolicy</name>
         <load_address>0x2000e13e</load_address>
         <run_address>0x2000e13e</run_address>
         <size>0x2</size>
         <input_file_ref idref="fl-18"/>
      </object_component>
      <object_component id="oc-4da">
         <name>.text:ClockP_stop</name>
         <load_address>0x2000e140</load_address>
         <run_address>0x2000e140</run_address>
         <size>0x44</size>
         <input_file_ref idref="fl-16"/>
      </object_component>
      <object_component id="oc-651">
         <name>.text:PRCMLPDSRestoreInfoSet</name>
         <load_address>0x2000e184</load_address>
         <run_address>0x2000e184</run_address>
         <size>0x44</size>
         <input_file_ref idref="fl-1f"/>
      </object_component>
      <object_component id="oc-5a7">
         <name>.text:PowerCC32XX_enterLPDS</name>
         <load_address>0x2000e1c8</load_address>
         <run_address>0x2000e1c8</run_address>
         <size>0x44</size>
         <input_file_ref idref="fl-11"/>
      </object_component>
      <object_component id="oc-29b">
         <name>.text:SemaphoreP_post</name>
         <load_address>0x2000e20c</load_address>
         <run_address>0x2000e20c</run_address>
         <size>0x44</size>
         <input_file_ref idref="fl-15"/>
      </object_component>
      <object_component id="oc-49b">
         <name>.text:SwiP_restore</name>
         <load_address>0x2000e250</load_address>
         <run_address>0x2000e250</run_address>
         <size>0x44</size>
         <input_file_ref idref="fl-1a"/>
      </object_component>
      <object_component id="oc-302">
         <name>.text:Timer_start</name>
         <load_address>0x2000e294</load_address>
         <run_address>0x2000e294</run_address>
         <size>0x44</size>
         <input_file_ref idref="fl-e"/>
      </object_component>
      <object_component id="oc-172">
         <name>.text:__TI_auto_init_nobinit_nopinit:__TI_auto_init_nobinit_nopinit</name>
         <load_address>0x2000e2d8</load_address>
         <run_address>0x2000e2d8</run_address>
         <size>0x44</size>
         <input_file_ref idref="fl-e2"/>
      </object_component>
      <object_component id="oc-262">
         <name>.text:PinModeSet</name>
         <load_address>0x2000e31c</load_address>
         <run_address>0x2000e31c</run_address>
         <size>0x40</size>
         <input_file_ref idref="fl-1e"/>
      </object_component>
      <object_component id="oc-436">
         <name>.text:TimerSupport_timerEnable</name>
         <load_address>0x2000e35c</load_address>
         <run_address>0x2000e35c</run_address>
         <size>0x40</size>
         <input_file_ref idref="fl-12"/>
      </object_component>
      <object_component id="oc-40d">
         <name>.text:Timer_close</name>
         <load_address>0x2000e39c</load_address>
         <run_address>0x2000e39c</run_address>
         <size>0x40</size>
         <input_file_ref idref="fl-12"/>
      </object_component>
      <object_component id="oc-390">
         <name>.text:ClockP_destruct</name>
         <load_address>0x2000e3dc</load_address>
         <run_address>0x2000e3dc</run_address>
         <size>0x3c</size>
         <input_file_ref idref="fl-16"/>
      </object_component>
      <object_component id="oc-56b">
         <name>.text:Power_setConstraint</name>
         <load_address>0x2000e418</load_address>
         <run_address>0x2000e418</run_address>
         <size>0x3c</size>
         <input_file_ref idref="fl-10"/>
      </object_component>
      <object_component id="oc-47f">
         <name>.text:getCountsRTC</name>
         <load_address>0x2000e454</load_address>
         <run_address>0x2000e454</run_address>
         <size>0x3a</size>
         <input_file_ref idref="fl-18"/>
      </object_component>
      <object_component id="oc-52a">
         <name>.text:SemaphoreP_destruct</name>
         <load_address>0x2000e48e</load_address>
         <run_address>0x2000e48e</run_address>
         <size>0x2</size>
         <input_file_ref idref="fl-15"/>
      </object_component>
      <object_component id="oc-5c4">
         <name>.text:PRCMLPDSEnterKeepDebugIf</name>
         <load_address>0x2000e490</load_address>
         <run_address>0x2000e490</run_address>
         <size>0x38</size>
         <input_file_ref idref="fl-1f"/>
      </object_component>
      <object_component id="oc-db">
         <name>.text:addToList</name>
         <load_address>0x2000e4c8</load_address>
         <run_address>0x2000e4c8</run_address>
         <size>0x38</size>
         <input_file_ref idref="fl-16"/>
      </object_component>
      <object_component id="oc-59">
         <name>.text:initVectors</name>
         <load_address>0x2000e500</load_address>
         <run_address>0x2000e500</run_address>
         <size>0x38</size>
         <input_file_ref idref="fl-19"/>
      </object_component>
      <object_component id="oc-595">
         <name>.text:notify</name>
         <load_address>0x2000e538</load_address>
         <run_address>0x2000e538</run_address>
         <size>0x38</size>
         <input_file_ref idref="fl-10"/>
      </object_component>
      <object_component id="oc-54a">
         <name>.text:TimerControlStall</name>
         <load_address>0x2000e570</load_address>
         <run_address>0x2000e570</run_address>
         <size>0x36</size>
         <input_file_ref idref="fl-20"/>
      </object_component>
      <object_component id="oc-512">
         <name>.text:Timer_stop</name>
         <load_address>0x2000e5a6</load_address>
         <run_address>0x2000e5a6</run_address>
         <size>0x36</size>
         <input_file_ref idref="fl-e"/>
      </object_component>
      <object_component id="oc-46d">
         <name>.text:ClockP_getTicksUntilInterrupt</name>
         <load_address>0x2000e5dc</load_address>
         <run_address>0x2000e5dc</run_address>
         <size>0x34</size>
         <input_file_ref idref="fl-16"/>
      </object_component>
      <object_component id="oc-586">
         <name>.text:ClockP_startup</name>
         <load_address>0x2000e610</load_address>
         <run_address>0x2000e610</run_address>
         <size>0x34</size>
         <input_file_ref idref="fl-16"/>
      </object_component>
      <object_component id="oc-25c">
         <name>.text:PinModeGet</name>
         <load_address>0x2000e644</load_address>
         <run_address>0x2000e644</run_address>
         <size>0x34</size>
         <input_file_ref idref="fl-1e"/>
      </object_component>
      <object_component id="oc-530">
         <name>.text:TimerCC32XX_freeTimerResource</name>
         <load_address>0x2000e678</load_address>
         <run_address>0x2000e678</run_address>
         <size>0x34</size>
         <input_file_ref idref="fl-12"/>
      </object_component>
      <object_component id="oc-42e">
         <name>.text:TimerCC32XX_hwiIntFunction</name>
         <load_address>0x2000e6ac</load_address>
         <run_address>0x2000e6ac</run_address>
         <size>0x34</size>
         <input_file_ref idref="fl-12"/>
      </object_component>
      <object_component id="oc-506">
         <name>.text:getPowerMgrId</name>
         <load_address>0x2000e6e0</load_address>
         <run_address>0x2000e6e0</run_address>
         <size>0x34</size>
         <input_file_ref idref="fl-12"/>
      </object_component>
      <object_component id="oc-37e">
         <name>.text:ClockP_start</name>
         <load_address>0x2000e714</load_address>
         <run_address>0x2000e714</run_address>
         <size>0x30</size>
         <input_file_ref idref="fl-16"/>
      </object_component>
      <object_component id="oc-660">
         <name>.text:PowerCC32XX_restoreParkedPin</name>
         <load_address>0x2000e744</load_address>
         <run_address>0x2000e744</run_address>
         <size>0x30</size>
         <input_file_ref idref="fl-10"/>
      </object_component>
      <object_component id="oc-2c7">
         <name>.text:HwiP_create</name>
         <load_address>0x2000e774</load_address>
         <run_address>0x2000e774</run_address>
         <size>0x2a</size>
         <input_file_ref idref="fl-17"/>
      </object_component>
      <object_component id="oc-544">
         <name>.text:TimerLoadSet</name>
         <load_address>0x2000e79e</load_address>
         <run_address>0x2000e79e</run_address>
         <size>0x2a</size>
         <input_file_ref idref="fl-20"/>
      </object_component>
      <object_component id="oc-53e">
         <name>.text:TimerPrescaleSet</name>
         <load_address>0x2000e7c8</load_address>
         <run_address>0x2000e7c8</run_address>
         <size>0x2a</size>
         <input_file_ref idref="fl-20"/>
      </object_component>
      <object_component id="oc-2f0">
         <name>.text:Timer_init</name>
         <load_address>0x2000e7f2</load_address>
         <run_address>0x2000e7f2</run_address>
         <size>0x2</size>
         <input_file_ref idref="fl-e"/>
      </object_component>
      <object_component id="oc-256">
         <name>.text:PRCMPeripheralClkDisable</name>
         <load_address>0x2000e7f4</load_address>
         <run_address>0x2000e7f4</run_address>
         <size>0x28</size>
         <input_file_ref idref="fl-1f"/>
      </object_component>
      <object_component id="oc-295">
         <name>.text:Power_registerNotify</name>
         <load_address>0x2000e81c</load_address>
         <run_address>0x2000e81c</run_address>
         <size>0x28</size>
         <input_file_ref idref="fl-10"/>
      </object_component>
      <object_component id="oc-4d2">
         <name>.text:free_list_insert</name>
         <load_address>0x2000e844</load_address>
         <run_address>0x2000e844</run_address>
         <size>0x28</size>
         <input_file_ref idref="fl-de"/>
      </object_component>
      <object_component id="oc-3a0">
         <name>.text:List_put</name>
         <load_address>0x2000e86c</load_address>
         <run_address>0x2000e86c</run_address>
         <size>0x26</size>
         <input_file_ref idref="fl-13"/>
      </object_component>
      <object_component id="oc-602">
         <name>.text:List_remove</name>
         <load_address>0x2000e892</load_address>
         <run_address>0x2000e892</run_address>
         <size>0x26</size>
         <input_file_ref idref="fl-13"/>
      </object_component>
      <object_component id="oc-4fa">
         <name>.text:HwiP_dispatch</name>
         <load_address>0x2000e8b8</load_address>
         <run_address>0x2000e8b8</run_address>
         <size>0x24</size>
         <input_file_ref idref="fl-17"/>
      </object_component>
      <object_component id="oc-5fb">
         <name>.text:TimerSupport_timerDisable</name>
         <load_address>0x2000e8dc</load_address>
         <run_address>0x2000e8dc</run_address>
         <size>0x24</size>
         <input_file_ref idref="fl-12"/>
      </object_component>
      <object_component id="oc-c5">
         <name>.text:_c_int00_noargs:_c_int00_noargs</name>
         <load_address>0x2000e900</load_address>
         <run_address>0x2000e900</run_address>
         <size>0x24</size>
         <input_file_ref idref="fl-df"/>
      </object_component>
      <object_component id="oc-60a">
         <name>.text:HwiP_destruct</name>
         <load_address>0x2000e924</load_address>
         <run_address>0x2000e924</run_address>
         <size>0x20</size>
         <input_file_ref idref="fl-17"/>
      </object_component>
      <object_component id="oc-518">
         <name>.text:Power_unregisterNotify</name>
         <load_address>0x2000e944</load_address>
         <run_address>0x2000e944</run_address>
         <size>0x20</size>
         <input_file_ref idref="fl-10"/>
      </object_component>
      <object_component id="oc-401">
         <name>.text:SemaphoreP_constructBinary</name>
         <load_address>0x2000e964</load_address>
         <run_address>0x2000e964</run_address>
         <size>0x1e</size>
         <input_file_ref idref="fl-15"/>
      </object_component>
      <object_component id="oc-538">
         <name>.text:TimerDisable</name>
         <load_address>0x2000e982</load_address>
         <run_address>0x2000e982</run_address>
         <size>0x1e</size>
         <input_file_ref idref="fl-20"/>
      </object_component>
      <object_component id="oc-571">
         <name>.text:TimerEnable</name>
         <load_address>0x2000e9a0</load_address>
         <run_address>0x2000e9a0</run_address>
         <size>0x1e</size>
         <input_file_ref idref="fl-20"/>
      </object_component>
      <object_component id="oc-315">
         <name>.text:_nop</name>
         <load_address>0x2000e9be</load_address>
         <run_address>0x2000e9be</run_address>
         <size>0x2</size>
         <input_file_ref idref="fl-e6"/>
      </object_component>
      <object_component id="oc-63d">
         <name>.text:PinToPadGet</name>
         <load_address>0x2000e9c0</load_address>
         <run_address>0x2000e9c0</run_address>
         <size>0x1c</size>
         <input_file_ref idref="fl-1e"/>
      </object_component>
      <object_component id="oc-461">
         <name>.text:SwiP_disable</name>
         <load_address>0x2000e9dc</load_address>
         <run_address>0x2000e9dc</run_address>
         <size>0x1c</size>
         <input_file_ref idref="fl-1a"/>
      </object_component>
      <object_component id="oc-47">
         <name>.text:decompress:ZI:__TI_zero_init_nomemset:__TI_zero_init_nomemset</name>
         <load_address>0x2000e9f8</load_address>
         <run_address>0x2000e9f8</run_address>
         <size>0x1c</size>
         <input_file_ref idref="fl-db"/>
      </object_component>
      <object_component id="oc-4cc">
         <name>.text:free_list_remove</name>
         <load_address>0x2000ea14</load_address>
         <run_address>0x2000ea14</run_address>
         <size>0x1c</size>
         <input_file_ref idref="fl-de"/>
      </object_component>
      <object_component id="oc-277">
         <name>.text:SemaphoreP_createBinary</name>
         <load_address>0x2000ea30</load_address>
         <run_address>0x2000ea30</run_address>
         <size>0x1a</size>
         <input_file_ref idref="fl-15"/>
      </object_component>
      <object_component id="oc-73">
         <name>.text:busFaultHandler</name>
         <load_address>0x2000ea4a</load_address>
         <run_address>0x2000ea4a</run_address>
         <size>0x2</size>
         <input_file_ref idref="fl-19"/>
      </object_component>
      <object_component id="oc-21">
         <name>.text:resetISR</name>
         <load_address>0x2000ea4c</load_address>
         <run_address>0x2000ea4c</run_address>
         <size>0x1a</size>
         <input_file_ref idref="fl-19"/>
      </object_component>
      <object_component id="oc-396">
         <name>.text:clkFxn</name>
         <load_address>0x2000ea66</load_address>
         <run_address>0x2000ea66</run_address>
         <size>0x2</size>
         <input_file_ref idref="fl-15"/>
      </object_component>
      <object_component id="oc-473">
         <name>.text:Power_getTransitionLatency</name>
         <load_address>0x2000ea68</load_address>
         <run_address>0x2000ea68</run_address>
         <size>0x18</size>
         <input_file_ref idref="fl-10"/>
      </object_component>
      <object_component id="oc-5d7">
         <name>.text:Power_idleFunc</name>
         <load_address>0x2000ea80</load_address>
         <run_address>0x2000ea80</run_address>
         <size>0x18</size>
         <input_file_ref idref="fl-10"/>
      </object_component>
      <object_component id="oc-681">
         <name>.text:TimerIntDisable</name>
         <load_address>0x2000ea98</load_address>
         <run_address>0x2000ea98</run_address>
         <size>0x18</size>
         <input_file_ref idref="fl-20"/>
      </object_component>
      <object_component id="oc-565">
         <name>.text:TimerIntEnable</name>
         <load_address>0x2000eab0</load_address>
         <run_address>0x2000eab0</run_address>
         <size>0x18</size>
         <input_file_ref idref="fl-20"/>
      </object_component>
      <object_component id="oc-200">
         <name>.text:gpioButtonFxn</name>
         <load_address>0x2000eac8</load_address>
         <run_address>0x2000eac8</run_address>
         <size>0x18</size>
         <input_file_ref idref="fl-2"/>
      </object_component>
      <object_component id="oc-490">
         <name>.text</name>
         <load_address>0x2000eae0</load_address>
         <run_address>0x2000eae0</run_address>
         <size>0x18</size>
         <input_file_ref idref="fl-d8"/>
      </object_component>
      <object_component id="oc-308">
         <name>.text:timerCallback</name>
         <load_address>0x2000eaf8</load_address>
         <run_address>0x2000eaf8</run_address>
         <size>0x18</size>
         <input_file_ref idref="fl-2"/>
      </object_component>
      <object_component id="oc-244">
         <name>.text:PRCMHIBRegRead</name>
         <load_address>0x2000eb10</load_address>
         <run_address>0x2000eb10</run_address>
         <size>0x16</size>
         <input_file_ref idref="fl-1f"/>
      </object_component>
      <object_component id="oc-23e">
         <name>.text:PRCMHIBRegWrite</name>
         <load_address>0x2000eb26</load_address>
         <run_address>0x2000eb26</run_address>
         <size>0x16</size>
         <input_file_ref idref="fl-1f"/>
      </object_component>
      <object_component id="oc-366">
         <name>.text:SemaphoreP_create</name>
         <load_address>0x2000eb3c</load_address>
         <run_address>0x2000eb3c</run_address>
         <size>0x16</size>
         <input_file_ref idref="fl-15"/>
      </object_component>
      <object_component id="oc-a3">
         <name>.text:CPUcpsid</name>
         <load_address>0x2000eb52</load_address>
         <run_address>0x2000eb52</run_address>
         <size>0x14</size>
         <input_file_ref idref="fl-1c"/>
      </object_component>
      <object_component id="oc-6d">
         <name>.text:defaultHandler</name>
         <load_address>0x2000eb66</load_address>
         <run_address>0x2000eb66</run_address>
         <size>0x2</size>
         <input_file_ref idref="fl-19"/>
      </object_component>
      <object_component id="oc-3a7">
         <name>.text:HwiP_inISR</name>
         <load_address>0x2000eb68</load_address>
         <run_address>0x2000eb68</run_address>
         <size>0x14</size>
         <input_file_ref idref="fl-17"/>
      </object_component>
      <object_component id="oc-af">
         <name>.text:IntVTableBaseSet</name>
         <load_address>0x2000eb7c</load_address>
         <run_address>0x2000eb7c</run_address>
         <size>0x14</size>
         <input_file_ref idref="fl-1d"/>
      </object_component>
      <object_component id="oc-3ad">
         <name>.text:Power_disablePolicy</name>
         <load_address>0x2000eb90</load_address>
         <run_address>0x2000eb90</run_address>
         <size>0x14</size>
         <input_file_ref idref="fl-10"/>
      </object_component>
      <object_component id="oc-659">
         <name>.text:Power_getDependencyCount</name>
         <load_address>0x2000eba4</load_address>
         <run_address>0x2000eba4</run_address>
         <size>0x14</size>
         <input_file_ref idref="fl-10"/>
      </object_component>
      <object_component id="oc-2c1">
         <name>.text:HwiP_Params_init</name>
         <load_address>0x2000ebb8</load_address>
         <run_address>0x2000ebb8</run_address>
         <size>0x12</size>
         <input_file_ref idref="fl-17"/>
      </object_component>
      <object_component id="oc-55c">
         <name>.text:TimerIntClear</name>
         <load_address>0x2000ebca</load_address>
         <run_address>0x2000ebca</run_address>
         <size>0x12</size>
         <input_file_ref idref="fl-20"/>
      </object_component>
      <object_component id="oc-11a">
         <name>.text:main</name>
         <load_address>0x2000ebdc</load_address>
         <run_address>0x2000ebdc</run_address>
         <size>0x12</size>
         <input_file_ref idref="fl-4"/>
      </object_component>
      <object_component id="oc-153">
         <name>.text:Board_init</name>
         <load_address>0x2000ebee</load_address>
         <run_address>0x2000ebee</run_address>
         <size>0x10</size>
         <input_file_ref idref="fl-3"/>
      </object_component>
      <object_component id="oc-378">
         <name>.text:ClockP_add</name>
         <load_address>0x2000ebfe</load_address>
         <run_address>0x2000ebfe</run_address>
         <size>0x10</size>
         <input_file_ref idref="fl-16"/>
      </object_component>
      <object_component id="oc-67">
         <name>.text:faultISR</name>
         <load_address>0x2000ec0e</load_address>
         <run_address>0x2000ec0e</run_address>
         <size>0x2</size>
         <input_file_ref idref="fl-19"/>
      </object_component>
      <object_component id="oc-407">
         <name>.text:ClockP_getCpuFreq</name>
         <load_address>0x2000ec10</load_address>
         <run_address>0x2000ec10</run_address>
         <size>0x10</size>
         <input_file_ref idref="fl-16"/>
      </object_component>
      <object_component id="oc-479">
         <name>.text:ClockP_getSystemTicks</name>
         <load_address>0x2000ec20</load_address>
         <run_address>0x2000ec20</run_address>
         <size>0x10</size>
         <input_file_ref idref="fl-16"/>
      </object_component>
      <object_component id="oc-495">
         <name>.text:ClockP_setTicks</name>
         <load_address>0x2000ec30</load_address>
         <run_address>0x2000ec30</run_address>
         <size>0x10</size>
         <input_file_ref idref="fl-16"/>
      </object_component>
      <object_component id="oc-524">
         <name>.text:HwiP_delete</name>
         <load_address>0x2000ec40</load_address>
         <run_address>0x2000ec40</run_address>
         <size>0x10</size>
         <input_file_ref idref="fl-17"/>
      </object_component>
      <object_component id="oc-283">
         <name>.text:HwiP_restore</name>
         <load_address>0x2000ec50</load_address>
         <run_address>0x2000ec50</run_address>
         <size>0x10</size>
         <input_file_ref idref="fl-17"/>
      </object_component>
      <object_component id="oc-384">
         <name>.text:Power_enablePolicy</name>
         <load_address>0x2000ec60</load_address>
         <run_address>0x2000ec60</run_address>
         <size>0x10</size>
         <input_file_ref idref="fl-10"/>
      </object_component>
      <object_component id="oc-360">
         <name>.text:SemaphoreP_Params_init</name>
         <load_address>0x2000ec70</load_address>
         <run_address>0x2000ec70</run_address>
         <size>0x10</size>
         <input_file_ref idref="fl-15"/>
      </object_component>
      <object_component id="oc-2f6">
         <name>.text:Timer_Params_init</name>
         <load_address>0x2000ec80</load_address>
         <run_address>0x2000ec80</run_address>
         <size>0x10</size>
         <input_file_ref idref="fl-e"/>
      </object_component>
      <object_component id="oc-51e">
         <name>.text:HwiP_clearInterrupt</name>
         <load_address>0x2000ec90</load_address>
         <run_address>0x2000ec90</run_address>
         <size>0xe</size>
         <input_file_ref idref="fl-17"/>
      </object_component>
      <object_component id="oc-27d">
         <name>.text:HwiP_disable</name>
         <load_address>0x2000ec9e</load_address>
         <run_address>0x2000ec9e</run_address>
         <size>0xe</size>
         <input_file_ref idref="fl-17"/>
      </object_component>
      <object_component id="oc-159">
         <name>.text:HwiP_enable</name>
         <load_address>0x2000ecac</load_address>
         <run_address>0x2000ecac</run_address>
         <size>0xe</size>
         <input_file_ref idref="fl-17"/>
      </object_component>
      <object_component id="oc-1a">
         <name>.text:decompress:none:__TI_decompress_none</name>
         <load_address>0x2000ecba</load_address>
         <run_address>0x2000ecba</run_address>
         <size>0xe</size>
         <input_file_ref idref="fl-dc"/>
      </object_component>
      <object_component id="oc-467">
         <name>.text:Power_getConstraintMask</name>
         <load_address>0x2000ecc8</load_address>
         <run_address>0x2000ecc8</run_address>
         <size>0xc</size>
         <input_file_ref idref="fl-10"/>
      </object_component>
      <object_component id="oc-428">
         <name>.text:postNotifyFxn</name>
         <load_address>0x2000ecd4</load_address>
         <run_address>0x2000ecd4</run_address>
         <size>0xc</size>
         <input_file_ref idref="fl-12"/>
      </object_component>
      <object_component id="oc-38a">
         <name>.text:ClockP_isActive</name>
         <load_address>0x2000ece0</load_address>
         <run_address>0x2000ece0</run_address>
         <size>0xa</size>
         <input_file_ref idref="fl-16"/>
      </object_component>
      <object_component id="oc-53">
         <name>.text:IntMasterDisable</name>
         <load_address>0x2000ecea</load_address>
         <run_address>0x2000ecea</run_address>
         <size>0xa</size>
         <input_file_ref idref="fl-1d"/>
      </object_component>
      <object_component id="oc-3cc">
         <name>.text:malloc</name>
         <load_address>0x2000ecf4</load_address>
         <run_address>0x2000ecf4</run_address>
         <size>0x8</size>
         <input_file_ref idref="fl-de"/>
      </object_component>
      <object_component id="oc-23d">
         <name>.text:UtilsDelay</name>
         <load_address>0x2000ecfc</load_address>
         <run_address>0x2000ecfc</run_address>
         <size>0x6</size>
         <input_file_ref idref="fl-21"/>
      </object_component>
      <object_component id="oc-5cd">
         <name>.text:HwiP_post</name>
         <load_address>0x2000ed02</load_address>
         <run_address>0x2000ed02</run_address>
         <size>0x4</size>
         <input_file_ref idref="fl-17"/>
      </object_component>
      <object_component id="oc-289">
         <name>.text:SemaphoreP_delete</name>
         <load_address>0x2000ed06</load_address>
         <run_address>0x2000ed06</run_address>
         <size>0x4</size>
         <input_file_ref idref="fl-15"/>
      </object_component>
      <object_component id="oc-114">
         <name>.text:_system_pre_init</name>
         <load_address>0x2000ed0a</load_address>
         <run_address>0x2000ed0a</run_address>
         <size>0x4</size>
         <input_file_ref idref="fl-e3"/>
      </object_component>
      <object_component id="oc-166">
         <name>.text:abort:abort</name>
         <load_address>0x2000ed0e</load_address>
         <run_address>0x2000ed0e</run_address>
         <size>0x4</size>
         <input_file_ref idref="fl-e5"/>
      </object_component>
      <object_component id="oc-61">
         <name>.text:nmiISR</name>
         <load_address>0x2000ed12</load_address>
         <run_address>0x2000ed12</run_address>
         <size>0x2</size>
         <input_file_ref idref="fl-19"/>
      </object_component>
      <object_component id="oc-58f">
         <name>.text</name>
         <load_address>0x2000ed14</load_address>
         <run_address>0x2000ed14</run_address>
         <size>0x2</size>
         <input_file_ref idref="fl-e0"/>
      </object_component>
      <object_component id="oc-33e">
         <name>.const:g_ulPinToPadMap</name>
         <load_address>0x2000f2dc</load_address>
         <run_address>0x2000f2dc</run_address>
         <size>0x100</size>
         <input_file_ref idref="fl-1e"/>
      </object_component>
      <object_component id="oc-337">
         <name>.const:PRCM_PeriphRegsList</name>
         <load_address>0x2000f3dc</load_address>
         <run_address>0x2000f3dc</run_address>
         <size>0xa8</size>
         <input_file_ref idref="fl-1f"/>
      </object_component>
      <object_component id="oc-272">
         <name>.const:PowerCC32XX_config</name>
         <load_address>0x2000f484</load_address>
         <run_address>0x2000f484</run_address>
         <size>0x44</size>
         <input_file_ref idref="fl-3"/>
      </object_component>
      <object_component id="oc-2cd">
         <name>.const:.string:pinTable</name>
         <load_address>0x2000f4c8</load_address>
         <run_address>0x2000f4c8</run_address>
         <size>0x21</size>
         <input_file_ref idref="fl-f"/>
      </object_component>
      <object_component id="oc-10e">
         <name>.const:g_pulEnRegs</name>
         <load_address>0x2000f4ec</load_address>
         <run_address>0x2000f4ec</run_address>
         <size>0x18</size>
         <input_file_ref idref="fl-1d"/>
      </object_component>
      <object_component id="oc-69b">
         <name>.const:g_pulPendRegs</name>
         <load_address>0x2000f504</load_address>
         <run_address>0x2000f504</run_address>
         <size>0x18</size>
         <input_file_ref idref="fl-1d"/>
      </object_component>
      <object_component id="oc-2a5">
         <name>.const:GPIOCC32XX_config</name>
         <load_address>0x2000f51c</load_address>
         <run_address>0x2000f51c</run_address>
         <size>0x14</size>
         <input_file_ref idref="fl-3"/>
      </object_component>
      <object_component id="oc-2e8">
         <name>.const:gpioBaseAddresses</name>
         <load_address>0x2000f530</load_address>
         <run_address>0x2000f530</run_address>
         <size>0x14</size>
         <input_file_ref idref="fl-f"/>
      </object_component>
      <object_component id="oc-2d0">
         <name>.const:powerResources</name>
         <load_address>0x2000f544</load_address>
         <run_address>0x2000f544</run_address>
         <size>0x14</size>
         <input_file_ref idref="fl-f"/>
      </object_component>
      <object_component id="oc-556">
         <name>.const:timerCC32XXHWAttrs</name>
         <load_address>0x2000f558</load_address>
         <run_address>0x2000f558</run_address>
         <size>0x10</size>
         <input_file_ref idref="fl-3"/>
      </object_component>
      <object_component id="oc-3f7">
         <name>.const:defaultParams</name>
         <load_address>0x2000f568</load_address>
         <run_address>0x2000f568</run_address>
         <size>0xc</size>
         <input_file_ref idref="fl-e"/>
      </object_component>
      <object_component id="oc-422">
         <name>.const:defaultParams</name>
         <load_address>0x2000f574</load_address>
         <run_address>0x2000f574</run_address>
         <size>0xc</size>
         <input_file_ref idref="fl-12"/>
      </object_component>
      <object_component id="oc-425">
         <name>.const:Timer_config</name>
         <load_address>0x2000f580</load_address>
         <run_address>0x2000f580</run_address>
         <size>0x8</size>
         <input_file_ref idref="fl-3"/>
      </object_component>
      <object_component id="oc-2d6">
         <name>.const:outPinTypes</name>
         <load_address>0x2000f588</load_address>
         <run_address>0x2000f588</run_address>
         <size>0x8</size>
         <input_file_ref idref="fl-f"/>
      </object_component>
      <object_component id="oc-2e5">
         <name>.const:.string:interruptType</name>
         <load_address>0x2000f590</load_address>
         <run_address>0x2000f590</run_address>
         <size>0x6</size>
         <input_file_ref idref="fl-f"/>
      </object_component>
      <object_component id="oc-2d9">
         <name>.const:inPinTypes</name>
         <load_address>0x2000f596</load_address>
         <run_address>0x2000f596</run_address>
         <size>0x6</size>
         <input_file_ref idref="fl-f"/>
      </object_component>
      <object_component id="oc-2d3">
         <name>.const:outPinStrengths</name>
         <load_address>0x2000f59c</load_address>
         <run_address>0x2000f59c</run_address>
         <size>0x6</size>
         <input_file_ref idref="fl-f"/>
      </object_component>
      <object_component id="oc-41f">
         <name>.const</name>
         <load_address>0x2000f5a2</load_address>
         <run_address>0x2000f5a2</run_address>
         <size>0x6</size>
         <input_file_ref idref="fl-3"/>
      </object_component>
      <object_component id="oc-2dc">
         <name>.const:.string:portInterruptIds</name>
         <load_address>0x2000f5a8</load_address>
         <run_address>0x2000f5a8</run_address>
         <size>0x4</size>
         <input_file_ref idref="fl-f"/>
      </object_component>
      <object_component id="oc-6d1">
         <name>.cinit..data.load</name>
         <load_address>0x2000f7c0</load_address>
         <run_address>0x2000f7c0</run_address>
         <size>0xce</size>
      </object_component>
      <object_component id="oc-6cf">
         <name>__TI_handler_table</name>
         <load_address>0x2000f890</load_address>
         <run_address>0x2000f890</run_address>
         <size>0xc</size>
      </object_component>
      <object_component id="oc-6d2">
         <name>.cinit..bss.load</name>
         <load_address>0x2000f8a0</load_address>
         <run_address>0x2000f8a0</run_address>
         <size>0x8</size>
      </object_component>
      <object_component id="oc-6d0">
         <name>__TI_cinit_table</name>
         <load_address>0x2000f8a8</load_address>
         <run_address>0x2000f8a8</run_address>
         <size>0x10</size>
      </object_component>
      <object_component id="oc-207">
         <name>.data</name>
         <load_address>0x2000f2b1</load_address>
         <run_address>0x2000f2b1</run_address>
         <size>0x3</size>
         <input_file_ref idref="fl-2"/>
      </object_component>
      <object_component id="oc-3b6">
         <name>.data:gpioPinConfigs</name>
         <load_address>0x2000f298</load_address>
         <run_address>0x2000f298</run_address>
         <size>0x10</size>
         <input_file_ref idref="fl-3"/>
      </object_component>
      <object_component id="oc-3b9">
         <name>.data:gpioCallbackFunctions</name>
         <load_address>0x2000f288</load_address>
         <run_address>0x2000f288</run_address>
         <size>0x10</size>
         <input_file_ref idref="fl-3"/>
      </object_component>
      <object_component id="oc-359">
         <name>.data:parkInfo</name>
         <load_address>0x2000f190</load_address>
         <run_address>0x2000f190</run_address>
         <size>0xf8</size>
         <input_file_ref idref="fl-3"/>
      </object_component>
      <object_component id="oc-2a2">
         <name>.data</name>
         <load_address>0x2000f2a8</load_address>
         <run_address>0x2000f2a8</run_address>
         <size>0x9</size>
         <input_file_ref idref="fl-f"/>
      </object_component>
      <object_component id="oc-26f">
         <name>.data:PowerCC32XX_module</name>
         <load_address>0x2000f024</load_address>
         <run_address>0x2000f024</run_address>
         <size>0x16c</size>
         <input_file_ref idref="fl-10"/>
      </object_component>
      <object_component id="oc-39c">
         <name>.data</name>
         <load_address>0x2000f2d9</load_address>
         <run_address>0x2000f2d9</run_address>
         <size>0x3</size>
         <input_file_ref idref="fl-15"/>
      </object_component>
      <object_component id="oc-4ae">
         <name>.data:SemaphoreP_defaultParams</name>
         <load_address>0x2000f2c4</load_address>
         <run_address>0x2000f2c4</run_address>
         <size>0x8</size>
         <input_file_ref idref="fl-15"/>
      </object_component>
      <object_component id="oc-4a1">
         <name>.data</name>
         <load_address>0x2000f2d4</load_address>
         <run_address>0x2000f2d4</run_address>
         <size>0x5</size>
         <input_file_ref idref="fl-16"/>
      </object_component>
      <object_component id="oc-4f7">
         <name>.data:HwiP_dispatchTable</name>
         <load_address>0x2000ed18</load_address>
         <run_address>0x2000ed18</run_address>
         <size>0x30c</size>
         <input_file_ref idref="fl-17"/>
      </object_component>
      <object_component id="oc-500">
         <name>.data</name>
         <load_address>0x2000f2cc</load_address>
         <run_address>0x2000f2cc</run_address>
         <size>0x8</size>
         <input_file_ref idref="fl-17"/>
      </object_component>
      <object_component id="oc-5e0">
         <name>.data:$O1$$</name>
         <load_address>0x2000f2bc</load_address>
         <run_address>0x2000f2bc</run_address>
         <size>0x8</size>
         <input_file_ref idref="fl-de"/>
      </object_component>
      <object_component id="oc-20f">
         <name>.data:$O1$$</name>
         <load_address>0x2000f2b4</load_address>
         <run_address>0x2000f2b4</run_address>
         <size>0x8</size>
         <input_file_ref idref="fl-e6"/>
      </object_component>
      <object_component id="oc-2b1">
         <name>.bss:gpioCallbackInfo</name>
         <uninitialized>true</uninitialized>
         <run_address>0x2000f760</run_address>
         <size>0x20</size>
         <input_file_ref idref="fl-f"/>
      </object_component>
      <object_component id="oc-2a8">
         <name>.bss:powerNotifyObj</name>
         <uninitialized>true</uninitialized>
         <run_address>0x2000f780</run_address>
         <size>0x14</size>
         <input_file_ref idref="fl-f"/>
      </object_component>
      <object_component id="oc-2a1">
         <name>.bss</name>
         <uninitialized>true</uninitialized>
         <run_address>0x2000f794</run_address>
         <size>0x4</size>
         <input_file_ref idref="fl-f"/>
      </object_component>
      <object_component id="oc-50c">
         <name>.bss:timerState</name>
         <uninitialized>true</uninitialized>
         <run_address>0x2000f7bc</run_address>
         <size>0x4</size>
         <input_file_ref idref="fl-12"/>
      </object_component>
      <object_component id="oc-635">
         <name>.bss</name>
         <uninitialized>true</uninitialized>
         <run_address>0x2000f7b8</run_address>
         <size>0x4</size>
         <input_file_ref idref="fl-16"/>
      </object_component>
      <object_component id="oc-57a">
         <name>.bss</name>
         <uninitialized>true</uninitialized>
         <run_address>0x2000f7a8</run_address>
         <size>0xd</size>
         <input_file_ref idref="fl-1a"/>
      </object_component>
      <object_component id="oc-206">
         <name>.common:SM_STATE</name>
         <uninitialized>true</uninitialized>
         <run_address>0x2000f7b5</run_address>
         <size>0x1</size>
      </object_component>
      <object_component id="oc-555">
         <name>.common:timerCC32XXObjects</name>
         <uninitialized>true</uninitialized>
         <run_address>0x2000f6dc</run_address>
         <size>0x84</size>
      </object_component>
      <object_component id="oc-64a">
         <name>.common:PowerCC32XX_contextSave</name>
         <uninitialized>true</uninitialized>
         <run_address>0x2000f5b0</run_address>
         <size>0x12c</size>
      </object_component>
      <object_component id="oc-e1">
         <name>.common:ClockP_ctrl</name>
         <uninitialized>true</uninitialized>
         <run_address>0x2000f798</run_address>
         <size>0x10</size>
      </object_component>
      <object_component id="oc-2a">
         <name>.sysmem</name>
         <uninitialized>true</uninitialized>
         <run_address>0x20004040</run_address>
         <size>0x10</size>
         <input_file_ref idref="fl-de"/>
      </object_component>
      <object_component id="oc-6d5">
         <name>.sysmem</name>
         <uninitialized>true</uninitialized>
         <run_address>0x20004040</run_address>
         <size>0x0</size>
      </object_component>
      <object_component id="oc-2d">
         <name>.stack</name>
         <uninitialized>true</uninitialized>
         <run_address>0x20003000</run_address>
         <size>0x4</size>
         <input_file_ref idref="fl-df"/>
      </object_component>
      <object_component id="oc-6d4">
         <name>.stack</name>
         <uninitialized>true</uninitialized>
         <run_address>0x20003000</run_address>
         <size>0x0</size>
      </object_component>
      <object_component id="oc-27">
         <name>.resetVecs:retain</name>
         <load_address>0x20004000</load_address>
         <run_address>0x20004000</run_address>
         <size>0x40</size>
         <input_file_ref idref="fl-19"/>
      </object_component>
      <object_component id="oc-bb">
         <name>.ramVecs</name>
         <uninitialized>true</uninitialized>
         <run_address>0x20000000</run_address>
         <size>0x30c</size>
         <input_file_ref idref="fl-19"/>
      </object_component>
      <object_component id="oc-14d">
         <name>.debug_info</name>
         <load_address>0x0</load_address>
         <run_address>0x0</run_address>
         <size>0x3b3</size>
         <input_file_ref idref="fl-2"/>
      </object_component>
      <object_component id="oc-208">
         <name>.debug_info</name>
         <load_address>0x3b3</load_address>
         <run_address>0x3b3</run_address>
         <size>0x145</size>
         <input_file_ref idref="fl-2"/>
      </object_component>
      <object_component id="oc-309">
         <name>.debug_info</name>
         <load_address>0x4f8</load_address>
         <run_address>0x4f8</run_address>
         <size>0x19d</size>
         <input_file_ref idref="fl-2"/>
      </object_component>
      <object_component id="oc-1f5">
         <name>.debug_info</name>
         <load_address>0x695</load_address>
         <run_address>0x695</run_address>
         <size>0x1af</size>
         <input_file_ref idref="fl-2"/>
      </object_component>
      <object_component id="oc-1fb">
         <name>.debug_info</name>
         <load_address>0x844</load_address>
         <run_address>0x844</run_address>
         <size>0x211</size>
         <input_file_ref idref="fl-2"/>
      </object_component>
      <object_component id="oc-201">
         <name>.debug_info</name>
         <load_address>0xa55</load_address>
         <run_address>0xa55</run_address>
         <size>0x167</size>
         <input_file_ref idref="fl-2"/>
      </object_component>
      <object_component id="oc-160">
         <name>.debug_info</name>
         <load_address>0xbbc</load_address>
         <run_address>0xbbc</run_address>
         <size>0x25c</size>
         <input_file_ref idref="fl-2"/>
      </object_component>
      <object_component id="oc-1a7">
         <name>.debug_info</name>
         <load_address>0xe18</load_address>
         <run_address>0xe18</run_address>
         <size>0x2a7</size>
         <input_file_ref idref="fl-2"/>
      </object_component>
      <object_component id="oc-134">
         <name>.debug_info</name>
         <load_address>0x10bf</load_address>
         <run_address>0x10bf</run_address>
         <size>0x100</size>
         <input_file_ref idref="fl-2"/>
      </object_component>
      <object_component id="oc-232">
         <name>.debug_info</name>
         <load_address>0x11bf</load_address>
         <run_address>0x11bf</run_address>
         <size>0xf8</size>
         <input_file_ref idref="fl-2"/>
      </object_component>
      <object_component id="oc-e7">
         <name>.debug_info</name>
         <load_address>0x12b7</load_address>
         <run_address>0x12b7</run_address>
         <size>0x26b</size>
         <input_file_ref idref="fl-2"/>
      </object_component>
      <object_component id="oc-1ac">
         <name>.debug_info</name>
         <load_address>0x1522</load_address>
         <run_address>0x1522</run_address>
         <size>0xa1</size>
         <input_file_ref idref="fl-2"/>
      </object_component>
      <object_component id="oc-22d">
         <name>.debug_info</name>
         <load_address>0x15c3</load_address>
         <run_address>0x15c3</run_address>
         <size>0xb6</size>
         <input_file_ref idref="fl-2"/>
      </object_component>
      <object_component id="oc-1b6">
         <name>.debug_info</name>
         <load_address>0x1679</load_address>
         <run_address>0x1679</run_address>
         <size>0x63</size>
         <input_file_ref idref="fl-2"/>
      </object_component>
      <object_component id="oc-108">
         <name>.debug_info</name>
         <load_address>0x16dc</load_address>
         <run_address>0x16dc</run_address>
         <size>0x8b</size>
         <input_file_ref idref="fl-2"/>
      </object_component>
      <object_component id="oc-1bb">
         <name>.debug_info</name>
         <load_address>0x1767</load_address>
         <run_address>0x1767</run_address>
         <size>0x3b</size>
         <input_file_ref idref="fl-2"/>
      </object_component>
      <object_component id="oc-148">
         <name>.debug_info</name>
         <load_address>0x17a2</load_address>
         <run_address>0x17a2</run_address>
         <size>0x2a4</size>
         <input_file_ref idref="fl-2"/>
      </object_component>
      <object_component id="oc-1b1">
         <name>.debug_info</name>
         <load_address>0x1a46</load_address>
         <run_address>0x1a46</run_address>
         <size>0xef</size>
         <input_file_ref idref="fl-2"/>
      </object_component>
      <object_component id="oc-12f">
         <name>.debug_info</name>
         <load_address>0x1b35</load_address>
         <run_address>0x1b35</run_address>
         <size>0xbb</size>
         <input_file_ref idref="fl-2"/>
      </object_component>
      <object_component id="oc-678">
         <name>.debug_info</name>
         <load_address>0x1bf0</load_address>
         <run_address>0x1bf0</run_address>
         <size>0x53</size>
         <input_file_ref idref="fl-2"/>
      </object_component>
      <object_component id="oc-35e">
         <name>.debug_info</name>
         <load_address>0x1c43</load_address>
         <run_address>0x1c43</run_address>
         <size>0x3d6</size>
         <input_file_ref idref="fl-3"/>
      </object_component>
      <object_component id="oc-3b7">
         <name>.debug_info</name>
         <load_address>0x2019</load_address>
         <run_address>0x2019</run_address>
         <size>0x10d</size>
         <input_file_ref idref="fl-3"/>
      </object_component>
      <object_component id="oc-3ba">
         <name>.debug_info</name>
         <load_address>0x2126</load_address>
         <run_address>0x2126</run_address>
         <size>0x11b</size>
         <input_file_ref idref="fl-3"/>
      </object_component>
      <object_component id="oc-420">
         <name>.debug_info</name>
         <load_address>0x2241</load_address>
         <run_address>0x2241</run_address>
         <size>0x248</size>
         <input_file_ref idref="fl-3"/>
      </object_component>
      <object_component id="oc-2a6">
         <name>.debug_info</name>
         <load_address>0x2489</load_address>
         <run_address>0x2489</run_address>
         <size>0x113</size>
         <input_file_ref idref="fl-3"/>
      </object_component>
      <object_component id="oc-273">
         <name>.debug_info</name>
         <load_address>0x259c</load_address>
         <run_address>0x259c</run_address>
         <size>0x115</size>
         <input_file_ref idref="fl-3"/>
      </object_component>
      <object_component id="oc-557">
         <name>.debug_info</name>
         <load_address>0x26b1</load_address>
         <run_address>0x26b1</run_address>
         <size>0x115</size>
         <input_file_ref idref="fl-3"/>
      </object_component>
      <object_component id="oc-426">
         <name>.debug_info</name>
         <load_address>0x27c6</load_address>
         <run_address>0x27c6</run_address>
         <size>0x109</size>
         <input_file_ref idref="fl-3"/>
      </object_component>
      <object_component id="oc-35a">
         <name>.debug_info</name>
         <load_address>0x28cf</load_address>
         <run_address>0x28cf</run_address>
         <size>0x101</size>
         <input_file_ref idref="fl-3"/>
      </object_component>
      <object_component id="oc-1cf">
         <name>.debug_info</name>
         <load_address>0x29d0</load_address>
         <run_address>0x29d0</run_address>
         <size>0x159</size>
         <input_file_ref idref="fl-3"/>
      </object_component>
      <object_component id="oc-154">
         <name>.debug_info</name>
         <load_address>0x2b29</load_address>
         <run_address>0x2b29</run_address>
         <size>0x18f</size>
         <input_file_ref idref="fl-3"/>
      </object_component>
      <object_component id="oc-4a9">
         <name>.debug_info</name>
         <load_address>0x2cb8</load_address>
         <run_address>0x2cb8</run_address>
         <size>0x198</size>
         <input_file_ref idref="fl-3"/>
      </object_component>
      <object_component id="oc-348">
         <name>.debug_info</name>
         <load_address>0x2e50</load_address>
         <run_address>0x2e50</run_address>
         <size>0x878</size>
         <input_file_ref idref="fl-3"/>
      </object_component>
      <object_component id="oc-3f1">
         <name>.debug_info</name>
         <load_address>0x36c8</load_address>
         <run_address>0x36c8</run_address>
         <size>0x9a</size>
         <input_file_ref idref="fl-3"/>
      </object_component>
      <object_component id="oc-451">
         <name>.debug_info</name>
         <load_address>0x3762</load_address>
         <run_address>0x3762</run_address>
         <size>0x62</size>
         <input_file_ref idref="fl-3"/>
      </object_component>
      <object_component id="oc-aa">
         <name>.debug_info</name>
         <load_address>0x37c4</load_address>
         <run_address>0x37c4</run_address>
         <size>0x2c</size>
         <input_file_ref idref="fl-3"/>
      </object_component>
      <object_component id="oc-11b">
         <name>.debug_info</name>
         <load_address>0x37f0</load_address>
         <run_address>0x37f0</run_address>
         <size>0x15a</size>
         <input_file_ref idref="fl-4"/>
      </object_component>
      <object_component id="oc-36">
         <name>.debug_info</name>
         <load_address>0x394a</load_address>
         <run_address>0x394a</run_address>
         <size>0x84</size>
         <input_file_ref idref="fl-4"/>
      </object_component>
      <object_component id="oc-1a4">
         <name>.debug_info</name>
         <load_address>0x39ce</load_address>
         <run_address>0x39ce</run_address>
         <size>0x402</size>
         <input_file_ref idref="fl-e"/>
      </object_component>
      <object_component id="oc-3f8">
         <name>.debug_info</name>
         <load_address>0x3dd0</load_address>
         <run_address>0x3dd0</run_address>
         <size>0xde</size>
         <input_file_ref idref="fl-e"/>
      </object_component>
      <object_component id="oc-516">
         <name>.debug_info</name>
         <load_address>0x3eae</load_address>
         <run_address>0x3eae</run_address>
         <size>0x1ba</size>
         <input_file_ref idref="fl-e"/>
      </object_component>
      <object_component id="oc-306">
         <name>.debug_info</name>
         <load_address>0x4068</load_address>
         <run_address>0x4068</run_address>
         <size>0x1c7</size>
         <input_file_ref idref="fl-e"/>
      </object_component>
      <object_component id="oc-2f4">
         <name>.debug_info</name>
         <load_address>0x422f</load_address>
         <run_address>0x422f</run_address>
         <size>0xff</size>
         <input_file_ref idref="fl-e"/>
      </object_component>
      <object_component id="oc-2fa">
         <name>.debug_info</name>
         <load_address>0x432e</load_address>
         <run_address>0x432e</run_address>
         <size>0x122</size>
         <input_file_ref idref="fl-e"/>
      </object_component>
      <object_component id="oc-13e">
         <name>.debug_info</name>
         <load_address>0x4450</load_address>
         <run_address>0x4450</run_address>
         <size>0x137</size>
         <input_file_ref idref="fl-e"/>
      </object_component>
      <object_component id="oc-139">
         <name>.debug_info</name>
         <load_address>0x4587</load_address>
         <run_address>0x4587</run_address>
         <size>0x110</size>
         <input_file_ref idref="fl-e"/>
      </object_component>
      <object_component id="oc-2ec">
         <name>.debug_info</name>
         <load_address>0x4697</load_address>
         <run_address>0x4697</run_address>
         <size>0x5e5</size>
         <input_file_ref idref="fl-f"/>
      </object_component>
      <object_component id="oc-2e6">
         <name>.debug_info</name>
         <load_address>0x4c7c</load_address>
         <run_address>0x4c7c</run_address>
         <size>0xe8</size>
         <input_file_ref idref="fl-f"/>
      </object_component>
      <object_component id="oc-2dd">
         <name>.debug_info</name>
         <load_address>0x4d64</load_address>
         <run_address>0x4d64</run_address>
         <size>0xee</size>
         <input_file_ref idref="fl-f"/>
      </object_component>
      <object_component id="oc-2da">
         <name>.debug_info</name>
         <load_address>0x4e52</load_address>
         <run_address>0x4e52</run_address>
         <size>0xe3</size>
         <input_file_ref idref="fl-f"/>
      </object_component>
      <object_component id="oc-2d7">
         <name>.debug_info</name>
         <load_address>0x4f35</load_address>
         <run_address>0x4f35</run_address>
         <size>0xe5</size>
         <input_file_ref idref="fl-f"/>
      </object_component>
      <object_component id="oc-2d4">
         <name>.debug_info</name>
         <load_address>0x501a</load_address>
         <run_address>0x501a</run_address>
         <size>0xed</size>
         <input_file_ref idref="fl-f"/>
      </object_component>
      <object_component id="oc-2ce">
         <name>.debug_info</name>
         <load_address>0x5107</load_address>
[...]
      </symbol>
      <symbol id="sm-3fd">
         <name>PowerCC32XX_module</name>
         <value>0x2000f024</value>
         <object_component_ref idref="oc-26f"/>
      </symbol>
      <symbol id="sm-3fe">
         <name>Power_getTransitionLatency</name>
         <value>0x2000ea69</value>
         <object_component_ref idref="oc-473"/>
      </symbol>
      <symbol id="sm-3ff">
         <name>Power_setDependency</name>
         <value>0x2000d8bd</value>
         <object_component_ref idref="oc-2bb"/>
      </symbol>
      <symbol id="sm-410">
         <name>PowerCC32XX_enterLPDS</name>
         <value>0x2000e1c9</value>
         <object_component_ref idref="oc-5a7"/>
      </symbol>
      <symbol id="sm-411">
         <name>PowerCC32XX_resumeLPDS</name>
         <value>0x2000dd11</value>
         <object_component_ref idref="oc-64c"/>
      </symbol>
      <symbol id="sm-4b2">
         <name>Timer_open</name>
         <value>0x2000cca9</value>
         <object_component_ref idref="oc-2fc"/>
      </symbol>
      <symbol id="sm-4b3">
         <name>TimerCC32XX_freeTimerResource</name>
         <value>0x2000e679</value>
         <object_component_ref idref="oc-530"/>
      </symbol>
      <symbol id="sm-4b4">
         <name>TimerSupport_timerDisable</name>
         <value>0x2000e8dd</value>
         <object_component_ref idref="oc-5fb"/>
      </symbol>
      <symbol id="sm-4b5">
         <name>Timer_close</name>
         <value>0x2000e39d</value>
         <object_component_ref idref="oc-40d"/>
      </symbol>
      <symbol id="sm-4b6">
         <name>TimerSupport_timerEnable</name>
         <value>0x2000e35d</value>
         <object_component_ref idref="oc-436"/>
      </symbol>
      <symbol id="sm-4b7">
         <name>TimerCC32XX_allocateTimerResource</name>
         <value>0x2000de55</value>
         <object_component_ref idref="oc-3fb"/>
      </symbol>
      <symbol id="sm-4cf">
         <name>List_remove</name>
         <value>0x2000e893</value>
         <object_component_ref idref="oc-602"/>
      </symbol>
      <symbol id="sm-4d0">
         <name>List_put</name>
         <value>0x2000e86d</value>
         <object_component_ref idref="oc-3a0"/>
      </symbol>
      <symbol id="sm-55b">
         <name>SemaphoreP_defaultParams</name>
         <value>0x2000f2c4</value>
         <object_component_ref idref="oc-4ae"/>
      </symbol>
      <symbol id="sm-55c">
         <name>SemaphoreP_construct</name>
         <value>0x2000de05</value>
         <object_component_ref idref="oc-4b2"/>
      </symbol>
      <symbol id="sm-55d">
         <name>SemaphoreP_create</name>
         <value>0x2000eb3d</value>
         <object_component_ref idref="oc-366"/>
      </symbol>
      <symbol id="sm-55e">
         <name>SemaphoreP_destruct</name>
         <value>0x2000e48f</value>
         <object_component_ref idref="oc-52a"/>
      </symbol>
      <symbol id="sm-55f">
         <name>SemaphoreP_post</name>
         <value>0x2000e20d</value>
         <object_component_ref idref="oc-29b"/>
      </symbol>
      <symbol id="sm-560">
         <name>SemaphoreP_pend</name>
         <value>0x2000d299</value>
         <object_component_ref idref="oc-28f"/>
      </symbol>
      <symbol id="sm-561">
         <name>SemaphoreP_delete</name>
         <value>0x2000ed07</value>
         <object_component_ref idref="oc-289"/>
      </symbol>
      <symbol id="sm-562">
         <name>SemaphoreP_createBinary</name>
         <value>0x2000ea31</value>
         <object_component_ref idref="oc-277"/>
      </symbol>
      <symbol id="sm-563">
         <name>SemaphoreP_constructBinary</name>
         <value>0x2000e965</value>
         <object_component_ref idref="oc-401"/>
      </symbol>
      <symbol id="sm-564">
         <name>SemaphoreP_Params_init</name>
         <value>0x2000ec71</value>
         <object_component_ref idref="oc-360"/>
      </symbol>
      <symbol id="sm-565">
         <name>clkFxn</name>
         <value>0x2000ea67</value>
         <object_component_ref idref="oc-396"/>
      </symbol>
      <symbol id="sm-620">
         <name>ClockP_ctrl</name>
         <value>0x2000f798</value>
      </symbol>
      <symbol id="sm-621">
         <name>ClockP_doTick</name>
         <value>0x2000ddb5</value>
         <object_component_ref idref="oc-79"/>
      </symbol>
      <symbol id="sm-622">
         <name>ClockP_startup</name>
         <value>0x2000e611</value>
         <object_component_ref idref="oc-586"/>
      </symbol>
      <symbol id="sm-623">
         <name>ClockP_stop</name>
         <value>0x2000e141</value>
         <object_component_ref idref="oc-4da"/>
      </symbol>
      <symbol id="sm-624">
         <name>ClockP_getTicksUntilInterrupt</name>
         <value>0x2000e5dd</value>
         <object_component_ref idref="oc-46d"/>
      </symbol>
      <symbol id="sm-625">
         <name>ClockP_setTicks</name>
         <value>0x2000ec31</value>
         <object_component_ref idref="oc-495"/>
      </symbol>
      <symbol id="sm-626">
         <name>ClockP_tickPeriod</name>
         <value>0x2000f2d4</value>
         <object_component_ref idref="oc-4a1"/>
      </symbol>
      <symbol id="sm-627">
         <name>ClockP_getSystemTicks</name>
         <value>0x2000ec21</value>
         <object_component_ref idref="oc-479"/>
      </symbol>
      <symbol id="sm-628">
         <name>ClockP_destruct</name>
         <value>0x2000e3dd</value>
         <object_component_ref idref="oc-390"/>
      </symbol>
      <symbol id="sm-629">
         <name>ClockP_start</name>
         <value>0x2000e715</value>
         <object_component_ref idref="oc-37e"/>
      </symbol>
      <symbol id="sm-62a">
         <name>ClockP_sysTickHandler</name>
         <value>0x2000ddb5</value>
         <object_component_ref idref="oc-79"/>
      </symbol>
      <symbol id="sm-62b">
         <name>ClockP_isActive</name>
         <value>0x2000ece1</value>
         <object_component_ref idref="oc-38a"/>
      </symbol>
      <symbol id="sm-62c">
         <name>ClockP_getCpuFreq</name>
         <value>0x2000ec11</value>
         <object_component_ref idref="oc-407"/>
      </symbol>
      <symbol id="sm-62d">
         <name>ClockP_add</name>
         <value>0x2000ebff</value>
         <object_component_ref idref="oc-378"/>
      </symbol>
      <symbol id="sm-6b6">
         <name>HwiP_delete</name>
         <value>0x2000ec41</value>
         <object_component_ref idref="oc-524"/>
      </symbol>
      <symbol id="sm-6b7">
         <name>HwiP_construct</name>
         <value>0x2000d595</value>
         <object_component_ref idref="oc-3d2"/>
      </symbol>
      <symbol id="sm-6b8">
         <name>HwiP_inISR</name>
         <value>0x2000eb69</value>
         <object_component_ref idref="oc-3a7"/>
      </symbol>
      <symbol id="sm-6b9">
         <name>HwiP_dispatch</name>
         <value>0x2000e8b9</value>
         <object_component_ref idref="oc-4fa"/>
      </symbol>
      <symbol id="sm-6ba">
         <name>HwiP_destruct</name>
         <value>0x2000e925</value>
         <object_component_ref idref="oc-60a"/>
      </symbol>
      <symbol id="sm-6bb">
         <name>HwiP_clearInterrupt</name>
         <value>0x2000ec91</value>
         <object_component_ref idref="oc-51e"/>
      </symbol>
      <symbol id="sm-6bc">
         <name>HwiP_swiPIntNum</name>
         <value>0x2000f2d0</value>
         <object_component_ref idref="oc-500"/>
      </symbol>
      <symbol id="sm-6bd">
         <name>HwiP_Params_init</name>
         <value>0x2000ebb9</value>
         <object_component_ref idref="oc-2c1"/>
      </symbol>
      <symbol id="sm-6be">
         <name>HwiP_disable</name>
         <value>0x2000ec9f</value>
         <object_component_ref idref="oc-27d"/>
      </symbol>
      <symbol id="sm-6bf">
         <name>HwiP_key</name>
         <value>0x2000f2cc</value>
         <object_component_ref idref="oc-500"/>
      </symbol>
      <symbol id="sm-6c0">
         <name>HwiP_create</name>
         <value>0x2000e775</value>
         <object_component_ref idref="oc-2c7"/>
      </symbol>
      <symbol id="sm-6c1">
         <name>HwiP_post</name>
         <value>0x2000ed03</value>
         <object_component_ref idref="oc-5cd"/>
      </symbol>
      <symbol id="sm-6c2">
         <name>HwiP_enable</name>
         <value>0x2000ecad</value>
         <object_component_ref idref="oc-159"/>
      </symbol>
      <symbol id="sm-6c3">
         <name>HwiP_restore</name>
         <value>0x2000ec51</value>
         <object_component_ref idref="oc-283"/>
      </symbol>
      <symbol id="sm-6f3">
         <name>PowerCC32XX_initPolicy</name>
         <value>0x2000e13f</value>
         <object_component_ref idref="oc-34d"/>
      </symbol>
      <symbol id="sm-6f4">
         <name>PowerCC32XX_sleepPolicy</name>
         <value>0x2000c88d</value>
         <object_component_ref idref="oc-353"/>
      </symbol>
      <symbol id="sm-749">
         <name>resetISR</name>
         <value>0x2000ea4d</value>
         <object_component_ref idref="oc-21"/>
      </symbol>
      <symbol id="sm-74a">
         <name>resetVectorAddr</name>
         <value>0x2000ea60</value>
         <object_component_ref idref="oc-21"/>
      </symbol>
      <symbol id="sm-74b">
         <name>initVectors</name>
         <value>0x2000e501</value>
         <object_component_ref idref="oc-59"/>
      </symbol>
      <symbol id="sm-74c">
         <name>resetVectors</name>
         <value>0x20004000</value>
         <object_component_ref idref="oc-27"/>
      </symbol>
      <symbol id="sm-77c">
         <name>SwiP_disable</name>
         <value>0x2000e9dd</value>
         <object_component_ref idref="oc-461"/>
      </symbol>
      <symbol id="sm-77d">
         <name>SwiP_restore</name>
         <value>0x2000e251</value>
         <object_component_ref idref="oc-49b"/>
      </symbol>
      <symbol id="sm-788">
         <name>CPUcpsid</name>
         <value>0x2000eb53</value>
         <object_component_ref idref="oc-a3"/>
      </symbol>
      <symbol id="sm-7cd">
         <name>IntVTableBaseSet</name>
         <value>0x2000eb7d</value>
         <object_component_ref idref="oc-af"/>
      </symbol>
      <symbol id="sm-7ce">
         <name>IntEnable</name>
         <value>0x2000d149</value>
         <object_component_ref idref="oc-b5"/>
      </symbol>
      <symbol id="sm-7cf">
         <name>IntMasterDisable</name>
         <value>0x2000eceb</value>
         <object_component_ref idref="oc-53"/>
      </symbol>
      <symbol id="sm-7d0">
         <name>IntPendSet</name>
         <value>0x2000d621</value>
         <object_component_ref idref="oc-66f"/>
      </symbol>
      <symbol id="sm-80a">
         <name>PinModeGet</name>
         <value>0x2000e645</value>
         <object_component_ref idref="oc-25c"/>
      </symbol>
      <symbol id="sm-80b">
         <name>PinConfigSet</name>
         <value>0x2000d6a9</value>
         <object_component_ref idref="oc-2b5"/>
      </symbol>
      <symbol id="sm-80c">
         <name>PinModeSet</name>
         <value>0x2000e31d</value>
         <object_component_ref idref="oc-262"/>
      </symbol>
      <symbol id="sm-80d">
         <name>PinToPadGet</name>
         <value>0x2000e9c1</value>
         <object_component_ref idref="oc-63d"/>
      </symbol>
      <symbol id="sm-8d6">
         <name>PRCMLPDSRestoreInfoSet</name>
         <value>0x2000e185</value>
         <object_component_ref idref="oc-651"/>
      </symbol>
      <symbol id="sm-8d7">
         <name>PRCMPeripheralReset</name>
         <value>0x2000dc61</value>
         <object_component_ref idref="oc-250"/>
      </symbol>
      <symbol id="sm-8d8">
         <name>PRCMLPDSEnter</name>
         <value>0x2000e021</value>
         <object_component_ref idref="oc-5be"/>
      </symbol>
      <symbol id="sm-8d9">
         <name>PRCMPeripheralClkEnable</name>
         <value>0x2000e069</value>
         <object_component_ref idref="oc-24a"/>
      </symbol>
      <symbol id="sm-8da">
         <name>PRCMLPDSEnterKeepDebugIf</name>
         <value>0x2000e491</value>
         <object_component_ref idref="oc-5c4"/>
      </symbol>
      <symbol id="sm-8db">
         <name>PRCMCC3200MCUInit</name>
         <value>0x2000c041</value>
         <object_component_ref idref="oc-1c2"/>
      </symbol>
      <symbol id="sm-8dc">
         <name>PRCMHIBRegWrite</name>
         <value>0x2000eb27</value>
         <object_component_ref idref="oc-23e"/>
      </symbol>
      <symbol id="sm-8dd">
         <name>PRCMSysResetCauseGet</name>
         <value>0x2000daf1</value>
         <object_component_ref idref="oc-237"/>
      </symbol>
      <symbol id="sm-8de">
         <name>PRCMPeripheralClkDisable</name>
         <value>0x2000e7f5</value>
         <object_component_ref idref="oc-256"/>
      </symbol>
      <symbol id="sm-8df">
         <name>PRCMHIBRegRead</name>
         <value>0x2000eb11</value>
         <object_component_ref idref="oc-244"/>
      </symbol>
      <symbol id="sm-927">
         <name>TimerLoadSet</name>
         <value>0x2000e79f</value>
         <object_component_ref idref="oc-544"/>
      </symbol>
      <symbol id="sm-928">
         <name>TimerDisable</name>
         <value>0x2000e983</value>
         <object_component_ref idref="oc-538"/>
      </symbol>
      <symbol id="sm-929">
         <name>TimerEnable</name>
         <value>0x2000e9a1</value>
         <object_component_ref idref="oc-571"/>
      </symbol>
      <symbol id="sm-92a">
         <name>TimerIntDisable</name>
         <value>0x2000ea99</value>
         <object_component_ref idref="oc-681"/>
      </symbol>
      <symbol id="sm-92b">
         <name>TimerPrescaleSet</name>
         <value>0x2000e7c9</value>
         <object_component_ref idref="oc-53e"/>
      </symbol>
      <symbol id="sm-92c">
         <name>TimerControlStall</name>
         <value>0x2000e571</value>
         <object_component_ref idref="oc-54a"/>
      </symbol>
      <symbol id="sm-92d">
         <name>TimerIntEnable</name>
         <value>0x2000eab1</value>
         <object_component_ref idref="oc-565"/>
      </symbol>
      <symbol id="sm-92e">
         <name>TimerIntClear</name>
         <value>0x2000ebcb</value>
         <object_component_ref idref="oc-55c"/>
      </symbol>
      <symbol id="sm-932">
         <name>UtilsDelay</name>
         <value>0x2000ecfd</value>
         <object_component_ref idref="oc-23d"/>
      </symbol>
      <symbol id="sm-942">
         <name>FlashDisable</name>
         <value>0x2000dfd9</value>
         <object_component_ref idref="oc-667"/>
      </symbol>
      <symbol id="sm-94b">
         <name>__aeabi_lmul</name>
         <value>0x2000eae1</value>
         <object_component_ref idref="oc-490"/>
      </symbol>
      <symbol id="sm-966">
         <name>memcpy</name>
         <value>0x2000d339</value>
         <object_component_ref idref="oc-3b"/>
      </symbol>
      <symbol id="sm-967">
         <name>__aeabi_memcpy</name>
         <value>0x2000d339</value>
         <object_component_ref idref="oc-3b"/>
      </symbol>
      <symbol id="sm-968">
         <name>__aeabi_memcpy8</name>
         <value>0x2000d339</value>
         <object_component_ref idref="oc-3b"/>
      </symbol>
      <symbol id="sm-969">
         <name>__aeabi_memcpy4</name>
         <value>0x2000d339</value>
         <object_component_ref idref="oc-3b"/>
      </symbol>
      <symbol id="sm-976">
         <name>__aeabi_uldivmod</name>
         <value>0x2000d46d</value>
         <object_component_ref idref="oc-485"/>
      </symbol>
      <symbol id="sm-98a">
         <name>__TI_zero_init_nomemset</name>
         <value>0x2000e9f9</value>
         <object_component_ref idref="oc-47"/>
      </symbol>
      <symbol id="sm-9a1">
         <name>__TI_decompress_none</name>
         <value>0x2000ecbb</value>
         <object_component_ref idref="oc-1a"/>
      </symbol>
      <symbol id="sm-9c4">
         <name>__TI_decompress_lzss</name>
         <value>0x2000da25</value>
         <object_component_ref idref="oc-14"/>
      </symbol>
      <symbol id="sm-a4d">
         <name>_sys_memory</name>
         <value>0x20004040</value>
         <object_component_ref idref="oc-2a"/>
      </symbol>
      <symbol id="sm-a4e">
         <name>free</name>
         <value>0x2000cee1</value>
         <object_component_ref idref="oc-371"/>
      </symbol>
      <symbol id="sm-a4f">
         <name>memalign</name>
         <value>0x2000cde1</value>
         <object_component_ref idref="oc-4f0"/>
      </symbol>
      <symbol id="sm-a50">
         <name>malloc</name>
         <value>0x2000ecf5</value>
         <object_component_ref idref="oc-3cc"/>
      </symbol>
      <symbol id="sm-a51">
         <name>aligned_alloc</name>
         <value>0x2000cde1</value>
         <object_component_ref idref="oc-4f0"/>
      </symbol>
      <symbol id="sm-a63">
         <name>__stack</name>
         <value>0x20003000</value>
         <object_component_ref idref="oc-2d"/>
      </symbol>
      <symbol id="sm-a64">
         <name>_c_int00_noargs</name>
         <value>0x2000e901</value>
         <object_component_ref idref="oc-c5"/>
      </symbol>
      <symbol id="sm-a6e">
         <name>__aeabi_idiv0</name>
         <value>0x2000ed15</value>
         <object_component_ref idref="oc-58f"/>
      </symbol>
      <symbol id="sm-a6f">
         <name>__aeabi_ldiv0</name>
         <value>0x2000ed15</value>
         <object_component_ref idref="oc-58f"/>
      </symbol>
      <symbol id="sm-a98">
         <name>__TI_auto_init_nobinit_nopinit</name>
         <value>0x2000e2d9</value>
         <object_component_ref idref="oc-172"/>
      </symbol>
      <symbol id="sm-aa2">
         <name>_system_pre_init</name>
         <value>0x2000ed0b</value>
         <object_component_ref idref="oc-114"/>
      </symbol>
      <symbol id="sm-aae">
         <name>C$$EXIT</name>
         <value>0x2000ed0f</value>
         <object_component_ref idref="oc-166"/>
      </symbol>
      <symbol id="sm-aaf">
         <name>abort</name>
         <value>0x2000ed0f</value>
         <object_component_ref idref="oc-166"/>
      </symbol>
      <symbol id="sm-ac4">
         <name>_nop</name>
         <value>0x2000e9bf</value>
         <object_component_ref idref="oc-315"/>
      </symbol>
      <symbol id="sm-ac5">
         <name>_lock</name>
         <value>0x2000f2b4</value>
         <object_component_ref idref="oc-20f"/>
      </symbol>
      <symbol id="sm-ac6">
         <name>_unlock</name>
         <value>0x2000f2b8</value>
         <object_component_ref idref="oc-20f"/>
      </symbol>
      <symbol id="sm-ac8">
         <name>__TI_static_base__</name>
         <value>0x2000f7c0</value>
      </symbol>
      <symbol id="sm-acb">
         <name>ITM_flush</name>
         <value>0x0</value>
      </symbol>
      <symbol id="sm-acc">
         <name>ITM_restore</name>
         <value>0x0</value>
      </symbol>
      <symbol id="sm-acd">
         <name>__mpu_init</name>
         <value>0x0</value>
      </symbol>
      <symbol id="sm-ace">
         <name>_system_post_cinit</name>
         <value>0x0</value>
      </symbol>
      <symbol id="sm-acf">
         <name>NoRTOS_start</name>
         <value>0x2000ecad</value>
      </symbol>
   </symbol_table>
   <title>Link successful</title>
</link_info>
