******************************************************************************
                  TI ARM Linker PC v20.2.5                     
******************************************************************************
>> Linked Sun Jun 20 22:02:36 2021

OUTPUT FILE NAME:   <gpiointerrupt_CC3220S_LAUNCHXL_nortos_ccs.out>
ENTRY POINT SYMBOL: "resetISR"  address: 2001213d


MEMORY CONFIGURATION

         name            origin    length      used     unused   attr    fill
----------------------  --------  ---------  --------  --------  ----  --------
  SRAM2                 20000000   00004000  0000130c  00002cf4  RW X
  SRAM                  20004000   0003c000  0000f67a  0002c986  RW X
  LOG_DATA              90000000   00040000  00000000  00040000  R   


SEGMENT ALLOCATION MAP

run origin  load origin   length   init length attrs members
----------  ----------- ---------- ----------- ----- -------
20003000    20003000    00001000   00000000    rw-
  20003000    20003000    00001000   00000000    rw- .stack
20004000    20004000    00000040   00000040    r--
  20004000    20004000    00000040   00000040    r-- .resetVecs
20004040    20004040    00008000   00000000    rw-
  20004040    20004040    00008000   00000000    rw- .sysmem
2000c040    2000c040    0000665e   0000665e    r-x
  2000c040    2000c040    0000665e   0000665e    r-x .text
200126a0    200126a0    000005c0   00000000    rw-
  200126a0    200126a0    000005c0   00000000    rw- .data
20012c60    20012c60    00000502   00000502    r--
  20012c60    20012c60    00000502   00000502    r-- .const
20013168    20013168    0000042a   00000000    rw-
  20013168    20013168    0000042a   00000000    rw- .bss
20013598    20013598    000000f0   000000f0    r--
  20013598    20013598    000000f0   000000f0    r-- .cinit


SECTION ALLOCATION MAP

 output                                  attributes/
section   page    origin      length       input sections
--------  ----  ----------  ----------   ----------------
.text      0    2000c040    0000665e     
                  2000c040    00000a4e     rtsv7M4_T_le_eabi.lib : _printfi.c.obj (.text:__TI_printfi)
                  2000ca8e    00000002     ti_drivers_config.obj (.text:Board_initHook)
                  2000ca90    0000042c     driverlib.a : prcm.obj (.text:PRCMCC3200MCUInit)
                  2000cebc    00000288     drivers_cc32xx.a : UARTCC32XX.oem4 (.text:UARTCC32XX_open)
                  2000d144    00000268     rtsv7M4_T_le_eabi.lib : _printfi.c.obj (.text:_pconv_a)
                  2000d3ac    00000250     gpiointerrupt.obj (.text:initI2C)
                  2000d5fc    000001e4     drivers_cc32xx.a : GPIOCC32XX.oem4 (.text:GPIO_setConfig)
                  2000d7e0    000001cc     rtsv7M4_T_le_eabi.lib : _printfi.c.obj (.text:_pconv_g)
                  2000d9ac    000001b6                           : fd_add_t2.asm.obj (.text)
                  2000db62    00000002     drivers_cc32xx.a : I2C.oem4 (.text:I2C_init)
                  2000db64    0000019c     nortos_cc32xx.a : PowerCC32XX_nortos.oem4 (.text:PowerCC32XX_sleepPolicy)
                  2000dd00    0000017c     gpiointerrupt.obj (.text:mainThread)
                  2000de7c    00000148     drivers_cc32xx.a : I2CCC32XX.oem4 (.text:I2CCC32XX_hwiFxn)
                  2000dfc4    00000148                      : PowerCC32XX.oem4 (.text:parkPins)
                  2000e10c    0000013c     rtsv7M4_T_le_eabi.lib : _printfi.c.obj (.text:_pconv_e)
                  2000e248    00000138     drivers_cc32xx.a : PowerCC32XX.oem4 (.text:Power_sleep)
                  2000e380    00000138                      : TimerCC32XX.oem4 (.text:Timer_open)
                  2000e4b8    00000136     rtsv7M4_T_le_eabi.lib : fd_div_t2.asm.obj (.text)
                  2000e5ee    00000122     drivers_cc32xx.a : I2C.oem4 (.text:I2C_transferTimeout)
                  2000e710    00000120                      : UARTCC32XX.oem4 (.text:UARTCC32XX_close)
                  2000e830    00000120     rtsv7M4_T_le_eabi.lib : _printfi.c.obj (.text:fcvt)
                  2000e950    00000120     gpiointerrupt.obj (.text:readTemp)
                  2000ea70    00000100     rtsv7M4_T_le_eabi.lib : memory.c.obj (.text:aligned_alloc)
                  2000eb70    000000fc     drivers_cc32xx.a : I2CCC32XX.oem4 (.text:I2C_open)
                  2000ec6c    000000fc     rtsv7M4_T_le_eabi.lib : fd_mul_t2.asm.obj (.text)
                  2000ed68    000000f2     drivers_cc32xx.a : UARTCC32XX.oem4 (.text:UARTCC32XX_control)
                  2000ee5a    00000002     nortos_cc32xx.a : PowerCC32XX_nortos.oem4 (.text:PowerCC32XX_initPolicy)
                  2000ee5c    000000e4     rtsv7M4_T_le_eabi.lib : memory.c.obj (.text:free)
                  2000ef40    000000d0                           : s_scalbn.c.obj (.text:scalbn)
                  2000f010    000000ca     drivers_cc32xx.a : UARTCC32XX.oem4 (.text:UARTCC32XX_write)
                  2000f0da    00000002     nortos_cc32xx.a : SemaphoreP_nortos.oem4 (.text:SemaphoreP_destruct)
                  2000f0dc    000000c4     drivers_cc32xx.a : GPIOCC32XX.oem4 (.text:GPIO_init)
                  2000f1a0    000000c0                      : PowerCC32XX.oem4 (.text:restoreParkedPins)
                  2000f260    000000ba                      : UARTCC32XX.oem4 (.text:UARTCC32XX_readPolling)
                  2000f31a    00000002                      : Timer.oem4 (.text:Timer_init)
                  2000f31c    000000b8                      : UARTCC32XX.oem4 (.text:initHw)
                  2000f3d4    000000b6                      : UARTCC32XX.oem4 (.text:readTaskCallback)
                  2000f48a    000000b2                      : I2CCC32XX.oem4 (.text:I2CCC32XX_completeTransfer)
                  2000f53c    000000b1     rtsv7M4_T_le_eabi.lib : _printfi.c.obj (.text:_ltostr)
                  2000f5ed    00000001     --HOLE-- [fill = 0]
                  2000f5ee    00000002     drivers_cc32xx.a : UARTCC32XX.oem4 (.text:UARTCC32XX_init)
                  2000f5f0    000000b0     gpiointerrupt.obj (.text:Tick_ButtonFlags)
                  2000f6a0    000000b0     drivers_cc32xx.a : UARTCC32XX.oem4 (.text:readTaskBlocking)
                  2000f750    000000ae                      : UARTCC32XX.oem4 (.text:readIsrTextBlocking)
                  2000f7fe    000000a8                      : I2CCC32XX.oem4 (.text:I2CCC32XX_primeWriteBurst)
                  2000f8a6    00000002     rtsv7M4_T_le_eabi.lib : _lock.c.obj (.text:_nop)
                  2000f8a8    000000a8     driverlib.a : interrupt.obj (.text:IntEnable)
                  2000f950    000000a8     drivers_cc32xx.a : PowerCC32XX.oem4 (.text:PowerCC32XX_configureWakeup)
                  2000f9f8    000000a2                      : UARTCC32XX.oem4 (.text:readIsrTextCallback)
                  2000fa9a    000000a2                      : UARTCC32XX.oem4 (.text:writeData)
                  2000fb3c    000000a0     nortos_cc32xx.a : SemaphoreP_nortos.oem4 (.text:SemaphoreP_pend)
                  2000fbdc    0000009c     drivers_cc32xx.a : I2CCC32XX.oem4 (.text:I2CCC32XX_initHw)
                  2000fc78    0000009c     rtsv7M4_T_le_eabi.lib : memcpy_t2.asm.obj (.text)
                  2000fd14    00000098     gpiointerrupt.obj (.text:Tick_TempLED)
                  2000fdac    00000098     drivers_cc32xx.a : GPIOCC32XX.oem4 (.text:powerNotifyFxn)
                  2000fe44    00000096     rtsv7M4_T_le_eabi.lib : ull_div_t2.asm.obj (.text)
                  2000feda    00000002     nortos_cc32xx.a : startup_cc32xx_ccs.oem4 (.text:busFaultHandler)
                  2000fedc    00000090     drivers_cc32xx.a : PowerCC32XX.oem4 (.text:restoreNVICRegs)
                  2000ff6c    0000008c     nortos_cc32xx.a : HwiPCC32XX_nortos.oem4 (.text:HwiP_construct)
                  2000fff8    00000088     driverlib.a : interrupt.obj (.text:IntPendSet)
                  20010080    00000088                 : pin.obj (.text:PinConfigSet)
                  20010108    00000086     rtsv7M4_T_le_eabi.lib : fd_cmp_t2.asm.obj (.text:__aeabi_cdcmple)
                  2001018e    00000086                           : fd_cmp_t2.asm.obj (.text:__aeabi_cdrcmple)
                  20010214    00000084     drivers_cc32xx.a : PowerCC32XX.oem4 (.text:Power_init)
                  20010298    00000084                      : PowerCC32XX.oem4 (.text:saveNVICRegs)
                  2001031c    00000080                      : PowerCC32XX.oem4 (.text:Power_setDependency)
                  2001039c    0000007c                      : UARTCC32XX.oem4 (.text:readIsrBinaryBlocking)
                  20010418    0000007a                      : I2CCC32XX.oem4 (.text:I2CCC32XX_primeReadBurst)
                  20010492    0000007a     rtsv7M4_T_le_eabi.lib : fs_mul_t2.asm.obj (.text)
                  2001050c    0000007a                           : memset_t2.asm.obj (.text)
                  20010586    00000002     nortos_cc32xx.a : SemaphoreP_nortos.oem4 (.text:clkFxn)
                  20010588    00000078     drivers_cc32xx.a : GPIOCC32XX.oem4 (.text:GPIO_hwiIntFxn)
                  20010600    00000078                      : UARTCC32XX.oem4 (.text:readIsrBinaryCallback)
                  20010678    00000074                      : UARTCC32XX.oem4 (.text:UARTCC32XX_hwiIntFxn)
                  200106ec    00000070     rtsv7M4_T_le_eabi.lib : memory.c.obj (.text:split)
                  2001075c    0000006e                           : _printfi.c.obj (.text:_mcpy)
                  200107ca    0000006a     drivers_cc32xx.a : I2CCC32XX.oem4 (.text:I2CSupport_primeTransfer)
                  20010834    00000068                      : Timer.oem4 (.text:Timer_setPeriod)
                  2001089c    00000068     rtsv7M4_T_le_eabi.lib : copy_decompress_lzss.c.obj (.text:decompress:lzss:__TI_decompress_lzss)
                  20010904    00000066     drivers_cc32xx.a : UARTCC32XX.oem4 (.text:UARTCC32XX_writeCancel)
                  2001096a    00000002     nortos_cc32xx.a : startup_cc32xx_ccs.oem4 (.text:defaultHandler)
                  2001096c    00000064     drivers_cc32xx.a : PowerCC32XX.oem4 (.text:PowerCC32XX_setParkState)
                  200109d0    00000062                      : UARTCC32XX.oem4 (.text:UARTCC32XX_writePolling)
                  20010a32    00000002     nortos_cc32xx.a : startup_cc32xx_ccs.oem4 (.text:faultISR)
                  20010a34    00000060     driverlib.a : prcm.obj (.text:PRCMSysResetCauseGet)
                  20010a94    0000005c     drivers_cc32xx.a : GPIOCC32XX.oem4 (.text:GPIO_setCallback)
                  20010af0    0000005c     rtsv7M4_T_le_eabi.lib : s_frexp.c.obj (.text:frexp)
                  20010b4c    0000005c     nortos_cc32xx.a : ClockPSysTick_nortos.oem4 (.text:sysTickInit)
                  20010ba8    00000058     drivers_cc32xx.a : GPIOCC32XX.oem4 (.text:GPIO_write)
                  20010c00    00000058     driverlib.a : prcm.obj (.text:PRCMPeripheralReset)
                  20010c58    00000058     drivers_cc32xx.a : PowerCC32XX.oem4 (.text:Power_releaseDependency)
                  20010cb0    00000056     rtsv7M4_T_le_eabi.lib : _printfi.c.obj (.text:_pconv_f)
                  20010d06    00000054                           : _ltoa.c.obj (.text:__TI_ltoa)
                  20010d5a    00000002     nortos_cc32xx.a : startup_cc32xx_ccs.oem4 (.text:nmiISR)
                  20010d5c    00000054     gpiointerrupt.obj (.text:initTimer)
                  20010db0    00000054     drivers_cc32xx.a : UARTCC32XX.oem4 (.text:ringBufGet)
                  20010e04    00000052                      : PowerCC32XX_asm.oem4 (.text:PowerCC32XX_resumeLPDS)
                  20010e56    00000052     rtsv7M4_T_le_eabi.lib : _printfi.c.obj (.text:_ecpy)
                  20010ea8    00000052     drivers_cc32xx.a : TimerCC32XX.oem4 (.text:initHw)
                  20010efa    00000002     rtsv7M4_T_le_eabi.lib : div0.asm.obj (.text)
                  20010efc    00000050     nortos_cc32xx.a : ClockPSysTick_nortos.oem4 (.text:ClockP_sysTickHandler)
                  20010f4c    00000050                     : SemaphoreP_nortos.oem4 (.text:SemaphoreP_construct)
                  20010f9c    00000050     drivers_cc32xx.a : TimerCC32XX.oem4 (.text:TimerCC32XX_allocateTimerResource)
                  20010fec    0000004c                      : GPIOCC32XX.oem4 (.text:GPIO_enableInt)
                  20011038    0000004c                      : I2CCC32XX.oem4 (.text:I2CCC32XX_readRecieveFifo)
                  20011084    0000004c                      : PowerCC32XX.oem4 (.text:PowerCC32XX_parkPin)
                  200110d0    0000004c     rtsv7M4_T_le_eabi.lib : atoi.c.obj (.text:atoi)
                  2001111c    0000004c     drivers_cc32xx.a : PowerCC32XX.oem4 (.text:restorePeriphClocks)
                  20011168    0000004c     rtsv7M4_T_le_eabi.lib : snprintf.c.obj (.text:snprintf)
                  200111b4    00000048     driverlib.a : flash.obj (.text:FlashDisable)
                  200111fc    00000048                 : prcm.obj (.text:PRCMLPDSEnter)
                  20011244    00000048                 : prcm.obj (.text:PRCMPeripheralClkEnable)
                  2001128c    00000048     drivers_cc32xx.a : PowerCC32XX.oem4 (.text:Power_releaseConstraint)
                  200112d4    00000048     rtsv7M4_T_le_eabi.lib : fd_toi_t2.asm.obj (.text)
                  2001131c    00000046     drivers_cc32xx.a : RingBuf.oem4 (.text:RingBuf_put)
                  20011362    00000046                      : TimerCC32XX.oem4 (.text:getPrescaler)
                  200113a8    00000044     nortos_cc32xx.a : ClockPSysTick_nortos.oem4 (.text:ClockP_stop)
                  200113ec    00000044     driverlib.a : prcm.obj (.text:PRCMLPDSRestoreInfoSet)
                  20011430    00000044     drivers_cc32xx.a : PowerCC32XX_asm.oem4 (.text:PowerCC32XX_enterLPDS)
                  20011474    00000044     nortos_cc32xx.a : SemaphoreP_nortos.oem4 (.text:SemaphoreP_post)
                  200114b8    00000044                     : SwiP_nortos.oem4 (.text:SwiP_restore)
                  200114fc    00000044     drivers_cc32xx.a : Timer.oem4 (.text:Timer_start)
                  20011540    00000044                      : UART.oem4 (.text:UART_init)
                  20011584    00000044     rtsv7M4_T_le_eabi.lib : autoinit.c.obj (.text:__TI_auto_init_nobinit_nopinit:__TI_auto_init_nobinit_nopinit)
                  200115c8    00000044     gpiointerrupt.obj (.text:initUART)
                  2001160c    00000040     nortos_cc32xx.a : ClockPSysTick_nortos.oem4 (.text:ClockP_construct)
                  2001164c    00000040     driverlib.a : pin.obj (.text:PinModeSet)
                  2001168c    00000040     drivers_cc32xx.a : RingBuf.oem4 (.text:RingBuf_get)
                  200116cc    00000040                      : TimerCC32XX.oem4 (.text:TimerSupport_timerEnable)
                  2001170c    00000040                      : TimerCC32XX.oem4 (.text:Timer_close)
                  2001174c    00000040                      : UARTCC32XX.oem4 (.text:UARTCC32XX_read)
                  2001178c    00000040                      : UART.oem4 (.text:UART_open)
                  200117cc    0000003e     rtsv7M4_T_le_eabi.lib : _printfi.c.obj (.text:_fcpy)
                  2001180a    00000002     --HOLE-- [fill = 0]
                  2001180c    0000003c     nortos_cc32xx.a : ClockPSysTick_nortos.oem4 (.text:ClockP_destruct)
                  20011848    0000003c     drivers_cc32xx.a : PowerCC32XX.oem4 (.text:Power_setConstraint)
                  20011884    0000003a     nortos_cc32xx.a : PowerCC32XX_nortos.oem4 (.text:getCountsRTC)
                  200118be    00000002     --HOLE-- [fill = 0]
                  200118c0    00000038     driverlib.a : prcm.obj (.text:PRCMLPDSEnterKeepDebugIf)
                  200118f8    00000038     nortos_cc32xx.a : ClockPSysTick_nortos.oem4 (.text:addToList)
                  20011930    00000038                     : startup_cc32xx_ccs.oem4 (.text:initVectors)
                  20011968    00000038     drivers_cc32xx.a : PowerCC32XX.oem4 (.text:notify)
                  200119a0    00000038     rtsv7M4_T_le_eabi.lib : fs_toi_t2.asm.obj (.text)
                  200119d8    00000038                           : i_tofs_t2.asm.obj (.text)
                  20011a10    00000036     driverlib.a : timer.obj (.text:TimerControlStall)
                  20011a46    00000036     drivers_cc32xx.a : Timer.oem4 (.text:Timer_stop)
                  20011a7c    00000036                      : UARTCC32XX.oem4 (.text:UARTCC32XX_readCancel)
                  20011ab2    00000002     --HOLE-- [fill = 0]
                  20011ab4    00000034     nortos_cc32xx.a : ClockPSysTick_nortos.oem4 (.text:ClockP_getTicksUntilInterrupt)
                  20011ae8    00000034                     : ClockPSysTick_nortos.oem4 (.text:ClockP_startup)
                  20011b1c    00000034     driverlib.a : pin.obj (.text:PinModeGet)
                  20011b50    00000034     drivers_cc32xx.a : PowerCC32XX.oem4 (.text:PowerCC32XX_restoreParkState)
                  20011b84    00000034                      : TimerCC32XX.oem4 (.text:TimerCC32XX_freeTimerResource)
                  20011bb8    00000034                      : TimerCC32XX.oem4 (.text:TimerCC32XX_hwiIntFunction)
                  20011bec    00000034                      : TimerCC32XX.oem4 (.text:getPowerMgrId)
                  20011c20    00000030     nortos_cc32xx.a : ClockPSysTick_nortos.oem4 (.text:ClockP_start)
                  20011c50    00000030     drivers_cc32xx.a : PowerCC32XX.oem4 (.text:PowerCC32XX_restoreParkedPin)
                  20011c80    00000030     rtsv7M4_T_le_eabi.lib : snprintf.c.obj (.text:_outs)
                  20011cb0    0000002e                           : i_tofd_t2.asm.obj (.text)
                  20011cde    00000002     --HOLE-- [fill = 0]
                  20011ce0    0000002c     drivers_cc32xx.a : PowerCC32XX.oem4 (.text:PowerCC32XX_getParkState)
                  20011d0c    0000002a     nortos_cc32xx.a : HwiPCC32XX_nortos.oem4 (.text:HwiP_create)
                  20011d36    0000002a     driverlib.a : timer.obj (.text:TimerLoadSet)
                  20011d60    0000002a                 : timer.obj (.text:TimerPrescaleSet)
                  20011d8a    00000028                 : i2c.obj (.text:I2CFIFODataPutNonBlocking)
                  20011db2    00000002     --HOLE-- [fill = 0]
                  20011db4    00000028                 : prcm.obj (.text:PRCMPeripheralClkDisable)
                  20011ddc    00000028     drivers_cc32xx.a : PowerCC32XX.oem4 (.text:Power_registerNotify)
                  20011e04    00000028     rtsv7M4_T_le_eabi.lib : memory.c.obj (.text:free_list_insert)
                  20011e2c    00000026     driverlib.a : i2c.obj (.text:I2CFIFODataGetNonBlocking)
                  20011e52    00000026     drivers_cc32xx.a : I2C.oem4 (.text:I2C_cancel)
                  20011e78    00000026                      : List.oem4 (.text:List_put)
                  20011e9e    00000026                      : List.oem4 (.text:List_remove)
                  20011ec4    00000026                      : TimerCC32XX.oem4 (.text:TimerSupport_timerLoad)
                  20011eea    00000002     --HOLE-- [fill = 0]
                  20011eec    00000024     nortos_cc32xx.a : HwiPCC32XX_nortos.oem4 (.text:HwiP_dispatch)
                  20011f10    00000024     drivers_cc32xx.a : PowerCC32XX.oem4 (.text:PowerCC32XX_reset)
                  20011f34    00000024                      : TimerCC32XX.oem4 (.text:TimerSupport_timerDisable)
                  20011f58    00000024     rtsv7M4_T_le_eabi.lib : boot_cortex_m.c.obj (.text:_c_int00_noargs:_c_int00_noargs)
                  20011f7c    00000022     driverlib.a : i2c.obj (.text:I2CMasterSlaveAddrSet)
                  20011f9e    00000020     nortos_cc32xx.a : HwiPCC32XX_nortos.oem4 (.text:HwiP_destruct)
                  20011fbe    00000002     --HOLE-- [fill = 0]
                  20011fc0    00000020     drivers_cc32xx.a : PowerCC32XX.oem4 (.text:Power_unregisterNotify)
                  20011fe0    00000020                      : RingBuf.oem4 (.text:RingBuf_peek)
                  20012000    00000020                      : UARTCC32XX.oem4 (.text:getPowerMgrId)
                  20012020    0000001e     driverlib.a : i2c.obj (.text:I2CMasterIntStatusEx)
                  2001203e    0000001e     nortos_cc32xx.a : SemaphoreP_nortos.oem4 (.text:SemaphoreP_constructBinary)
                  2001205c    0000001e     driverlib.a : timer.obj (.text:TimerDisable)
                  2001207a    0000001e                 : timer.obj (.text:TimerEnable)
                  20012098    0000001c                 : pin.obj (.text:PinToPadGet)
                  200120b4    0000001c     nortos_cc32xx.a : SwiP_nortos.oem4 (.text:SwiP_disable)
                  200120d0    0000001c     rtsv7M4_T_le_eabi.lib : memory.c.obj (.text:free_list_remove)
                  200120ec    0000001c                           : memccpy.c.obj (.text:memccpy)
                  20012108    0000001a     nortos_cc32xx.a : ClockPSysTick_nortos.oem4 (.text:ClockP_create)
                  20012122    0000001a                     : SemaphoreP_nortos.oem4 (.text:SemaphoreP_createBinary)
                  2001213c    0000001a                     : startup_cc32xx_ccs.oem4 (.text:resetISR)
                  20012156    00000018     driverlib.a : i2c.obj (.text:I2CMasterBusBusy)
                  2001216e    00000018                 : i2c.obj (.text:I2CMasterIntDisableEx)
                  20012186    00000018                 : i2c.obj (.text:I2CMasterIntEnableEx)
                  2001219e    00000018                 : i2c.obj (.text:I2CRxFIFOFlush)
                  200121b6    00000018                 : i2c.obj (.text:I2CTxFIFOFlush)
                  200121ce    00000002     --HOLE-- [fill = 0]
                  200121d0    00000018     drivers_cc32xx.a : PowerCC32XX.oem4 (.text:Power_getTransitionLatency)
                  200121e8    00000018                      : PowerCC32XX.oem4 (.text:Power_idleFunc)
                  20012200    00000018     driverlib.a : timer.obj (.text:TimerIntDisable)
                  20012218    00000018                 : timer.obj (.text:TimerIntEnable)
                  20012230    00000018                 : uart.obj (.text:UARTBusy)
                  20012248    00000018                 : uart.obj (.text:UARTIntEnable)
                  20012260    00000018     drivers_cc32xx.a : UART.oem4 (.text:UART_Params_init)
                  20012278    00000018     rtsv7M4_T_le_eabi.lib : snprintf.c.obj (.text:_outc)
                  20012290    00000018     gpiointerrupt.obj (.text:gpioButtonFxn0)
                  200122a8    00000018     gpiointerrupt.obj (.text:gpioButtonFxn1)
                  200122c0    00000018     rtsv7M4_T_le_eabi.lib : ll_mul_t2.asm.obj (.text)
                  200122d8    00000018     gpiointerrupt.obj (.text:timerCallback)
                  200122f0    00000016     driverlib.a : i2c.obj (.text:I2CMasterBurstLengthSet)
                  20012306    00000016                 : prcm.obj (.text:PRCMHIBRegRead)
                  2001231c    00000016                 : prcm.obj (.text:PRCMHIBRegWrite)
                  20012332    00000016     nortos_cc32xx.a : SemaphoreP_nortos.oem4 (.text:SemaphoreP_create)
                  20012348    00000016     rtsv7M4_T_le_eabi.lib : strchr.c.obj (.text:strchr)
                  2001235e    00000014     driverlib.a : cpu.obj (.text:CPUcpsid)
                  20012372    00000002     --HOLE-- [fill = 0]
                  20012374    00000014     nortos_cc32xx.a : HwiPCC32XX_nortos.oem4 (.text:HwiP_inISR)
                  20012388    00000014     drivers_cc32xx.a : I2CCC32XX.oem4 (.text:I2CSupport_masterFinish)
                  2001239c    00000014                      : I2C.oem4 (.text:I2C_transfer)
                  200123b0    00000014     driverlib.a : interrupt.obj (.text:IntVTableBaseSet)
                  200123c4    00000014     drivers_cc32xx.a : PowerCC32XX.oem4 (.text:Power_disablePolicy)
                  200123d8    00000014                      : PowerCC32XX.oem4 (.text:Power_getDependencyCount)
                  200123ec    00000014                      : UARTCC32XX.oem4 (.text:releasePowerConstraint)
                  20012400    00000014     rtsv7M4_T_le_eabi.lib : strlen.c.obj (.text:strlen)
                  20012414    00000012     nortos_cc32xx.a : HwiPCC32XX_nortos.oem4 (.text:HwiP_Params_init)
                  20012426    00000012     driverlib.a : i2c.obj (.text:I2CMasterIntClearEx)
                  20012438    00000012     drivers_cc32xx.a : RingBuf.oem4 (.text:RingBuf_construct)
                  2001244a    00000012     driverlib.a : timer.obj (.text:TimerIntClear)
                  2001245c    00000012     main_nortos.obj (.text:main)
                  2001246e    00000012     rtsv7M4_T_le_eabi.lib : wcslen.c.obj (.text:wcslen)
                  20012480    00000010     ti_drivers_config.obj (.text:Board_init)
                  20012490    00000010     nortos_cc32xx.a : ClockPSysTick_nortos.oem4 (.text:ClockP_add)
                  200124a0    00000010                     : ClockPSysTick_nortos.oem4 (.text:ClockP_delete)
                  200124b0    00000010                     : ClockPSysTick_nortos.oem4 (.text:ClockP_getCpuFreq)
                  200124c0    00000010                     : ClockPSysTick_nortos.oem4 (.text:ClockP_getSystemTicks)
                  200124d0    00000010                     : ClockPSysTick_nortos.oem4 (.text:ClockP_setTicks)
                  200124e0    00000010                     : HwiPCC32XX_nortos.oem4 (.text:HwiP_delete)
                  200124f0    00000010                     : HwiPCC32XX_nortos.oem4 (.text:HwiP_restore)
                  20012500    00000010     driverlib.a : i2c.obj (.text:I2CFIFOStatus)
                  20012510    00000010     drivers_cc32xx.a : I2C.oem4 (.text:I2C_Params_init)
                  20012520    00000010                      : PowerCC32XX.oem4 (.text:Power_enablePolicy)
                  20012530    00000010     nortos_cc32xx.a : SemaphoreP_nortos.oem4 (.text:SemaphoreP_Params_init)
                  20012540    00000010     drivers_cc32xx.a : TimerCC32XX.oem4 (.text:TimerSupport_timerFullWidth)
                  20012550    00000010                      : Timer.oem4 (.text:Timer_Params_init)
                  20012560    00000010                      : UARTCC32XX.oem4 (.text:readBlockingTimeout)
                  20012570    0000000e     nortos_cc32xx.a : HwiPCC32XX_nortos.oem4 (.text:HwiP_clearInterrupt)
                  2001257e    0000000e                     : HwiPCC32XX_nortos.oem4 (.text:HwiP_disable)
                  2001258c    0000000e                     : HwiPCC32XX_nortos.oem4 (.text:HwiP_disableInterrupt)
                  2001259a    0000000e                     : HwiPCC32XX_nortos.oem4 (.text:HwiP_enable)
                  200125a8    0000000e                     : HwiPCC32XX_nortos.oem4 (.text:HwiP_enableInterrupt)
                  200125b6    0000000e     drivers_cc32xx.a : I2CCC32XX.oem4 (.text:I2CCC32XX_updateReg)
                  200125c4    0000000e                      : RingBuf.oem4 (.text:RingBuf_isFull)
                  200125d2    0000000e     rtsv7M4_T_le_eabi.lib : copy_decompress_none.c.obj (.text:decompress:none:__TI_decompress_none)
                  200125e0    0000000c     drivers_cc32xx.a : I2CCC32XX.oem4 (.text:I2CCC32XX_postNotify)
                  200125ec    0000000c                      : PowerCC32XX.oem4 (.text:Power_getConstraintMask)
                  200125f8    0000000c     rtsv7M4_T_le_eabi.lib : s_copysign.c.obj (.text:copysign)
                  20012604    0000000c                           : copy_zero_init.c.obj (.text:decompress:ZI:__TI_zero_init)
                  20012610    0000000c     drivers_cc32xx.a : TimerCC32XX.oem4 (.text:postNotifyFxn)
                  2001261c    0000000c                      : UARTCC32XX.oem4 (.text:postNotifyFxn)
                  20012628    0000000a     nortos_cc32xx.a : ClockPSysTick_nortos.oem4 (.text:ClockP_Params_init)
                  20012632    0000000a                     : ClockPSysTick_nortos.oem4 (.text:ClockP_isActive)
                  2001263c    0000000a     driverlib.a : interrupt.obj (.text:IntMasterDisable)
                  20012646    0000000a     drivers_cc32xx.a : UART.oem4 (.text:UART_write)
                  20012650    00000008                      : I2CCC32XX.oem4 (.text:I2CCC32XX_blockingCallback)
                  20012658    00000008     rtsv7M4_T_le_eabi.lib : errno.c.obj (.text:__aeabi_errno_addr)
                  20012660    00000008                           : memory.c.obj (.text:malloc)
                  20012668    00000008     drivers_cc32xx.a : UARTCC32XX.oem4 (.text:readSemCallback)
                  20012670    00000008                      : UARTCC32XX.oem4 (.text:writeSemCallback)
                  20012678    00000006                      : I2CCC32XX.oem4 (.text:I2CSupport_powerRelConstraint)
                  2001267e    00000006                      : I2CCC32XX.oem4 (.text:I2CSupport_powerSetConstraint)
                  20012684    00000006     driverlib.a : utils.obj (.text:UtilsDelay)
                  2001268a    00000004     nortos_cc32xx.a : ClockPSysTick_nortos.oem4 (.text:ClockP_setTimeout)
                  2001268e    00000004                     : HwiPCC32XX_nortos.oem4 (.text:HwiP_post)
                  20012692    00000004                     : SemaphoreP_nortos.oem4 (.text:SemaphoreP_delete)
                  20012696    00000004     rtsv7M4_T_le_eabi.lib : pre_init.c.obj (.text:_system_pre_init)
                  2001269a    00000004                           : exit.c.obj (.text:abort:abort)

.const     0    20012c60    00000502     
                  20012c60    00000101     rtsv7M4_T_le_eabi.lib : ctype.c.obj (.const:.string:_ctypes_)
                  20012d61    00000003     --HOLE-- [fill = 0]
                  20012d64    00000100     driverlib.a : pin.obj (.const:g_ulPinToPadMap)
                  20012e64    000000a8                 : prcm.obj (.const:PRCM_PeriphRegsList)
                  20012f0c    00000044     ti_drivers_config.obj (.const:PowerCC32XX_config)
                  20012f50    00000028     drivers_cc32xx.a : UARTCC32XX.oem4 (.const:UARTCC32XX_fxnTable)
                  20012f78    00000024                      : UART.oem4 (.const:UART_defaultParams)
                  20012f9c    00000024     ti_drivers_config.obj (.const:uartCC32XXHWAttrs0)
                  20012fc0    00000021     drivers_cc32xx.a : GPIOCC32XX.oem4 (.const:.string:pinTable)
                  20012fe1    00000003     --HOLE-- [fill = 0]
                  20012fe4    00000020                      : UARTCC32XX.oem4 (.const:staticFxnTable)
                  20013004    00000018     driverlib.a : interrupt.obj (.const:g_pulEnRegs)
                  2001301c    00000018                 : interrupt.obj (.const:g_pulPendRegs)
                  20013034    00000018     gpiointerrupt.obj (.const:sensors)
                  2001304c    00000014     ti_drivers_config.obj (.const:GPIOCC32XX_config)
                  20013060    00000014     drivers_cc32xx.a : GPIOCC32XX.oem4 (.const:gpioBaseAddresses)
                  20013074    00000014     ti_drivers_config.obj (.const:i2cCC32XXHWAttrs)
                  20013088    00000014     drivers_cc32xx.a : UARTCC32XX.oem4 (.const:parityType)
                  2001309c    00000014                      : GPIOCC32XX.oem4 (.const:powerResources)
                  200130b0    00000010                      : I2C.oem4 (.const:I2C_defaultParams)
                  200130c0    00000010                      : I2CCC32XX.oem4 (.const:I2C_defaultParams)
                  200130d0    00000010                      : UARTCC32XX.oem4 (.const:dataLength)
                  200130e0    00000010     ti_drivers_config.obj (.const:timerCC32XXHWAttrs)
                  200130f0    0000000c     gpiointerrupt.obj (.const:.string)
                  200130fc    0000000c     ti_drivers_config.obj (.const:UART_config)
                  20013108    0000000c     drivers_cc32xx.a : Timer.oem4 (.const:defaultParams)
                  20013114    0000000c                      : TimerCC32XX.oem4 (.const:defaultParams)
                  20013120    00000009     ti_drivers_config.obj (.const)
                  20013129    00000003     --HOLE-- [fill = 0]
                  2001312c    00000008     ti_drivers_config.obj (.const:I2C_config)
                  20013134    00000008     ti_drivers_config.obj (.const:Timer_config)
                  2001313c    00000008     drivers_cc32xx.a : GPIOCC32XX.oem4 (.const:outPinTypes)
                  20013144    00000008                      : UARTCC32XX.oem4 (.const:stopBits)
                  2001314c    00000006                      : GPIOCC32XX.oem4 (.const:.string:interruptType)
                  20013152    00000006                      : GPIOCC32XX.oem4 (.const:inPinTypes)
                  20013158    00000006                      : GPIOCC32XX.oem4 (.const:outPinStrengths)
                  2001315e    00000004                      : GPIOCC32XX.oem4 (.const:.string:portInterruptIds)

.cinit     0    20013598    000000f0     
                  20013598    000000ca     (.cinit..data.load) [load image, compression = lzss]
                  20013662    00000002     --HOLE-- [fill = 0]
                  20013664    0000000c     (__TI_handler_table)
                  20013670    00000008     (.cinit..bss.load) [load image, compression = zero_init]
                  20013678    00000010     (__TI_cinit_table)

.init_array 
*          0    20004000    00000000     UNINITIALIZED

.ramVecs   0    20000000    0000030c     NOLOAD SECTION
                  20000000    0000030c     nortos_cc32xx.a : startup_cc32xx_ccs.oem4 (.ramVecs)

.stack     0    20003000    00001000     UNINITIALIZED
                  20003000    00000004     rtsv7M4_T_le_eabi.lib : boot_cortex_m.c.obj (.stack)
                  20003004    00000ffc     --HOLE--

.resetVecs 
*          0    20004000    00000040     
                  20004000    00000040     nortos_cc32xx.a : startup_cc32xx_ccs.oem4 (.resetVecs:retain)

.sysmem    0    20004040    00008000     UNINITIALIZED
                  20004040    00000010     rtsv7M4_T_le_eabi.lib : memory.c.obj (.sysmem)
                  20004050    00007ff0     --HOLE--

.data      0    200126a0    000005c0     UNINITIALIZED
                  200126a0    0000030c     nortos_cc32xx.a : HwiPCC32XX_nortos.oem4 (.data:HwiP_dispatchTable)
                  200129ac    0000016c     drivers_cc32xx.a : PowerCC32XX.oem4 (.data:PowerCC32XX_module)
                  20012b18    000000f8     ti_drivers_config.obj (.data:parkInfo)
                  20012c10    0000000c     ti_drivers_config.obj (.data:gpioCallbackFunctions)
                  20012c1c    0000000c     ti_drivers_config.obj (.data:gpioPinConfigs)
                  20012c28    00000009     drivers_cc32xx.a : GPIOCC32XX.oem4 (.data)
                  20012c31    00000003     nortos_cc32xx.a : SemaphoreP_nortos.oem4 (.data)
                  20012c34    00000008     rtsv7M4_T_le_eabi.lib : _lock.c.obj (.data:$O1$$)
                  20012c3c    00000008                           : memory.c.obj (.data:$O1$$)
                  20012c44    00000008     nortos_cc32xx.a : SemaphoreP_nortos.oem4 (.data:SemaphoreP_defaultParams)
                  20012c4c    00000008                     : HwiPCC32XX_nortos.oem4 (.data)
                  20012c54    00000005                     : ClockPSysTick_nortos.oem4 (.data)
                  20012c59    00000001     drivers_cc32xx.a : UART.oem4 (.data)
                  20012c5a    00000001     gpiointerrupt.obj (.data)
                  20012c5b    00000001     --HOLE--
                  20012c5c    00000004     rtsv7M4_T_le_eabi.lib : errno.c.obj (.data)

.bss       0    20013168    0000042a     UNINITIALIZED
                  20013168    0000012c     (.common:PowerCC32XX_contextSave)
                  20013294    000000fc     (.common:i2cCC32XXObjects)
                  20013390    00000084     (.common:timerCC32XXObjects)
                  20013414    00000084     (.common:uartCC32XXObjects0)
                  20013498    00000040     (.common:output)
                  200134d8    00000020     drivers_cc32xx.a : GPIOCC32XX.oem4 (.bss:gpioCallbackInfo)
                  200134f8    00000020     ti_drivers_config.obj (.bss:uartCC32XXRingBuffer0)
                  20013518    00000020     (.common:i2cTransaction)
                  20013538    00000014     drivers_cc32xx.a : GPIOCC32XX.oem4 (.bss:powerNotifyObj)
                  2001354c    00000004                      : GPIOCC32XX.oem4 (.bss)
                  20013550    00000010     (.common:ClockP_ctrl)
                  20013560    0000000d     nortos_cc32xx.a : SwiP_nortos.oem4 (.bss)
                  2001356d    00000001     (.common:BF_STATE)
                  2001356e    00000002     (.common:setpoint)
                  20013570    00000004                     : ClockPSysTick_nortos.oem4 (.bss)
                  20013574    00000004     drivers_cc32xx.a : TimerCC32XX.oem4 (.bss:timerState)
                  20013578    00000004     (.common:i2c)
                  2001357c    00000004     (.common:rxBuffer)
                  20013580    00000004     (.common:timer0)
                  20013584    00000004     (.common:txBuffer)
                  20013588    00000004     (.common:uart)
                  2001358c    00000002     (.common:temperature)
                  2001358e    00000001     (.common:Button0_Pressed)
                  2001358f    00000001     (.common:Button1_Pressed)
                  20013590    00000001     (.common:TL_STATE)
                  20013591    00000001     (.common:heat)

.log_data 
*          0    90000000    00000000     COPY SECTION

__llvm_prf_cnts 
*          0    20004000    00000000     UNINITIALIZED

MODULE SUMMARY

       Module                       code    ro data   rw data
       ------                       ----    -------   -------
    .\
       gpiointerrupt.obj            1812    36        126    
       main_nortos.obj              18      0         0      
    +--+----------------------------+-------+---------+---------+
       Total:                       1830    36        126    
                                                             
    .\syscfg\
       ti_drivers_config.obj        18      197       820    
    +--+----------------------------+-------+---------+---------+
       Total:                       18      197       820    
                                                             
    C:/ti/simplelink_cc32xx_sdk_5_10_00_02/kernel/nortos/lib/ccs/m4/nortos_cc32xx.a
       HwiPCC32XX_nortos.oem4       394     0         788    
       startup_cc32xx_ccs.oem4      90      64        780    
       ClockPSysTick_nortos.oem4    702     0         25     
       PowerCC32XX_nortos.oem4      472     0         0      
       SemaphoreP_nortos.oem4       410     0         11     
       SwiP_nortos.oem4             96      0         13     
    +--+----------------------------+-------+---------+---------+
       Total:                       2164    64        1617   
                                                             
    C:/ti/simplelink_cc32xx_sdk_5_10_00_02/source/ti/devices/cc32xx/driverlib/ccs/Release/driverlib.a
       prcm.obj                     1604    168       0      
       pin.obj                      280     256       0      
       interrupt.obj                334     48        0      
       i2c.obj                      318     0         0      
       timer.obj                    264     0         0      
       flash.obj                    72      0         0      
       uart.obj                     48      0         0      
       cpu.obj                      20      0         0      
       utils.obj                    6       0         0      
    +--+----------------------------+-------+---------+---------+
       Total:                       2946    472       0      
                                                             
    C:/ti/simplelink_cc32xx_sdk_5_10_00_02/source/ti/drivers/lib/ccs/m4/drivers_cc32xx.a
       UARTCC32XX.oem4              3466    116       0      
       PowerCC32XX.oem4             2432    0         664    
       I2CCC32XX.oem4               1452    16        0      
       GPIOCC32XX.oem4              1208    103       65     
       TimerCC32XX.oem4             930     12        4      
       I2C.oem4                     366     16        0      
       Timer.oem4                   244     12        0      
       UART.oem4                    166     36        1      
       RingBuf.oem4                 198     0         0      
       PowerCC32XX_asm.oem4         150     0         0      
       List.oem4                    76      0         0      
    +--+----------------------------+-------+---------+---------+
       Total:                       10688   311       734    
                                                             
    C:\ti\ccs1030\ccs\tools\compiler\ti-cgt-arm_20.2.5.LTS\lib\rtsv7M4_T_le_eabi.lib
       _printfi.c.obj               4835    0         0      
       memory.c.obj                 672     0         8      
       fd_add_t2.asm.obj            438     0         0      
       fd_div_t2.asm.obj            310     0         0      
       fd_cmp_t2.asm.obj            268     0         0      
       ctype.c.obj                  0       257       0      
       fd_mul_t2.asm.obj            252     0         0      
       s_scalbn.c.obj               208     0         0      
       memcpy_t2.asm.obj            156     0         0      
       ull_div_t2.asm.obj           150     0         0      
       snprintf.c.obj               148     0         0      
       fs_mul_t2.asm.obj            122     0         0      
       memset_t2.asm.obj            122     0         0      
       copy_decompress_lzss.c.obj   104     0         0      
       s_frexp.c.obj                92      0         0      
       _ltoa.c.obj                  84      0         0      
       atoi.c.obj                   76      0         0      
       fd_toi_t2.asm.obj            72      0         0      
       autoinit.c.obj               68      0         0      
       fs_toi_t2.asm.obj            56      0         0      
       i_tofs_t2.asm.obj            56      0         0      
       i_tofd_t2.asm.obj            46      0         0      
       boot_cortex_m.c.obj          36      0         0      
       memccpy.c.obj                28      0         0      
       ll_mul_t2.asm.obj            24      0         0      
       strchr.c.obj                 22      0         0      
       strlen.c.obj                 20      0         0      
       wcslen.c.obj                 18      0         0      
       copy_decompress_none.c.obj   14      0         0      
       copy_zero_init.c.obj         12      0         0      
       errno.c.obj                  8       0         4      
       s_copysign.c.obj             12      0         0      
       _lock.c.obj                  2       0         8      
       exit.c.obj                   4       0         0      
       pre_init.c.obj               4       0         0      
       div0.asm.obj                 2       0         0      
    +--+----------------------------+-------+---------+---------+
       Total:                       8541    257       20     
                                                             
       Heap:                        0       0         32768  
       Stack:                       0       0         4096   
       Linker Generated:            0       238       0      
    +--+----------------------------+-------+---------+---------+
       Grand Total:                 26187   1575      40181  


LINKER GENERATED COPY TABLES

__TI_cinit_table @ 20013678 records: 2, size/record: 8, table size: 16
	.data: load addr=20013598, load size=000000ca bytes, run addr=200126a0, run size=000005c0 bytes, compression=lzss
	.bss: load addr=20013670, load size=00000008 bytes, run addr=20013168, run size=0000042a bytes, compression=zero_init


LINKER GENERATED HANDLER TABLE

__TI_handler_table @ 20013664 records: 3, size/record: 4, table size: 12
	index: 0, handler: __TI_decompress_lzss
	index: 1, handler: __TI_decompress_none
	index: 2, handler: __TI_zero_init


GLOBAL SYMBOLS: SORTED ALPHABETICALLY BY Name 

address   name                             
-------   ----                             
2001356d  BF_STATE                         
20012481  Board_init                       
2000ca8f  Board_initHook                   
2001358e  Button0_Pressed                  
2001358f  Button1_Pressed                  
2001269b  C$$EXIT                          
20013120  CONFIG_GPIO_BUTTON_0_CONST       
20013121  CONFIG_GPIO_BUTTON_1_CONST       
20013122  CONFIG_GPIO_LED_0_CONST          
20013123  CONFIG_I2C_0_CONST               
20013125  CONFIG_TIMER_0_CONST             
20013127  CONFIG_UART_0_CONST              
2001235f  CPUcpsid                         
20012629  ClockP_Params_init               
20012491  ClockP_add                       
2001160d  ClockP_construct                 
20012109  ClockP_create                    
20013550  ClockP_ctrl                      
200124a1  ClockP_delete                    
2001180d  ClockP_destruct                  
20010efd  ClockP_doTick                    
200124b1  ClockP_getCpuFreq                
200124c1  ClockP_getSystemTicks            
20011ab5  ClockP_getTicksUntilInterrupt    
20012633  ClockP_isActive                  
200124d1  ClockP_setTicks                  
2001268b  ClockP_setTimeout                
20011c21  ClockP_start                     
20011ae9  ClockP_startup                   
200113a9  ClockP_stop                      
20010efd  ClockP_sysTickHandler            
20012c54  ClockP_tickPeriod                
200111b5  FlashDisable                     
2001304c  GPIOCC32XX_config                
20010fed  GPIO_enableInt                   
20010589  GPIO_hwiIntFxn                   
2000f0dd  GPIO_init                        
20010a95  GPIO_setCallback                 
2000d5fd  GPIO_setConfig                   
20010ba9  GPIO_write                       
20012415  HwiP_Params_init                 
20012571  HwiP_clearInterrupt              
2000ff6d  HwiP_construct                   
20011d0d  HwiP_create                      
200124e1  HwiP_delete                      
20011f9f  HwiP_destruct                    
2001257f  HwiP_disable                     
2001258d  HwiP_disableInterrupt            
20011eed  HwiP_dispatch                    
2001259b  HwiP_enable                      
200125a9  HwiP_enableInterrupt             
20012375  HwiP_inISR                       
20012c4c  HwiP_key                         
2001268f  HwiP_post                        
200124f1  HwiP_restore                     
20012c50  HwiP_swiPIntNum                  
20011e2d  I2CFIFODataGetNonBlocking        
20011d8b  I2CFIFODataPutNonBlocking        
20012501  I2CFIFOStatus                    
200122f1  I2CMasterBurstLengthSet          
20012157  I2CMasterBusBusy                 
20012427  I2CMasterIntClearEx              
2001216f  I2CMasterIntDisableEx            
20012187  I2CMasterIntEnableEx             
20012021  I2CMasterIntStatusEx             
20011f7d  I2CMasterSlaveAddrSet            
2001219f  I2CRxFIFOFlush                   
20012389  I2CSupport_masterFinish          
20012679  I2CSupport_powerRelConstraint    
2001267f  I2CSupport_powerSetConstraint    
200107cb  I2CSupport_primeTransfer         
200121b7  I2CTxFIFOFlush                   
20012511  I2C_Params_init                  
20011e53  I2C_cancel                       
2001312c  I2C_config                       
20013124  I2C_count                        
200130b0  I2C_defaultParams                
2000db63  I2C_init                         
2000eb71  I2C_open                         
2001239d  I2C_transfer                     
2000e5ef  I2C_transferTimeout              
UNDEFED   ITM_flush                        
UNDEFED   ITM_restore                      
2000f8a9  IntEnable                        
2001263d  IntMasterDisable                 
2000fff9  IntPendSet                       
200123b1  IntVTableBaseSet                 
20011e79  List_put                         
20011e9f  List_remove                      
2001259b  NoRTOS_start                     
2000ca91  PRCMCC3200MCUInit                
20012307  PRCMHIBRegRead                   
2001231d  PRCMHIBRegWrite                  
200111fd  PRCMLPDSEnter                    
200118c1  PRCMLPDSEnterKeepDebugIf         
200113ed  PRCMLPDSRestoreInfoSet           
20011db5  PRCMPeripheralClkDisable         
20011245  PRCMPeripheralClkEnable          
20010c01  PRCMPeripheralReset              
20010a35  PRCMSysResetCauseGet             
20010081  PinConfigSet                     
20011b1d  PinModeGet                       
2001164d  PinModeSet                       
20012099  PinToPadGet                      
20012f0c  PowerCC32XX_config               
2000f951  PowerCC32XX_configureWakeup      
20013168  PowerCC32XX_contextSave          
20011431  PowerCC32XX_enterLPDS            
20011ce1  PowerCC32XX_getParkState         
2000ee5b  PowerCC32XX_initPolicy           
200129ac  PowerCC32XX_module               
20011085  PowerCC32XX_parkPin              
20011f11  PowerCC32XX_reset                
20011b51  PowerCC32XX_restoreParkState     
20011c51  PowerCC32XX_restoreParkedPin     
20010e05  PowerCC32XX_resumeLPDS           
2001096d  PowerCC32XX_setParkState         
2000db65  PowerCC32XX_sleepPolicy          
200123c5  Power_disablePolicy              
20012521  Power_enablePolicy               
200125ed  Power_getConstraintMask          
200123d9  Power_getDependencyCount         
200121d1  Power_getTransitionLatency       
200121e9  Power_idleFunc                   
20010215  Power_init                       
20011ddd  Power_registerNotify             
2001128d  Power_releaseConstraint          
20010c59  Power_releaseDependency          
20011849  Power_setConstraint              
2001031d  Power_setDependency              
2000e249  Power_sleep                      
20011fc1  Power_unregisterNotify           
20012439  RingBuf_construct                
2001168d  RingBuf_get                      
200125c5  RingBuf_isFull                   
20011fe1  RingBuf_peek                     
2001131d  RingBuf_put                      
20012531  SemaphoreP_Params_init           
20010f4d  SemaphoreP_construct             
2001203f  SemaphoreP_constructBinary       
20012333  SemaphoreP_create                
20012123  SemaphoreP_createBinary          
20012c44  SemaphoreP_defaultParams         
20012693  SemaphoreP_delete                
2000f0db  SemaphoreP_destruct              
2000fb3d  SemaphoreP_pend                  
20011475  SemaphoreP_post                  
200120b5  SwiP_disable                     
200114b9  SwiP_restore                     
20013590  TL_STATE                         
2000f5f1  Tick_ButtonFlags                 
2000fd15  Tick_TempLED                     
20010f9d  TimerCC32XX_allocateTimerResource
20011b85  TimerCC32XX_freeTimerResource    
20011a11  TimerControlStall                
2001205d  TimerDisable                     
2001207b  TimerEnable                      
20012c5a  TimerFlag                        
2001244b  TimerIntClear                    
20012201  TimerIntDisable                  
20012219  TimerIntEnable                   
20011d37  TimerLoadSet                     
20011d61  TimerPrescaleSet                 
20011f35  TimerSupport_timerDisable        
200116cd  TimerSupport_timerEnable         
20012541  TimerSupport_timerFullWidth      
20011ec5  TimerSupport_timerLoad           
20012551  Timer_Params_init                
2001170d  Timer_close                      
20013134  Timer_config                     
20013126  Timer_count                      
2000f31b  Timer_init                       
2000e381  Timer_open                       
20010835  Timer_setPeriod                  
200114fd  Timer_start                      
20011a47  Timer_stop                       
20012231  UARTBusy                         
2000e711  UARTCC32XX_close                 
2000ed69  UARTCC32XX_control               
20012f50  UARTCC32XX_fxnTable              
2000f5ef  UARTCC32XX_init                  
2000cebd  UARTCC32XX_open                  
2001174d  UARTCC32XX_read                  
20011a7d  UARTCC32XX_readCancel            
2000f261  UARTCC32XX_readPolling           
2000f011  UARTCC32XX_write                 
20010905  UARTCC32XX_writeCancel           
200109d1  UARTCC32XX_writePolling          
20012249  UARTIntEnable                    
20012261  UART_Params_init                 
200130fc  UART_config                      
20013128  UART_count                       
20012f78  UART_defaultParams               
20011541  UART_init                        
2001178d  UART_open                        
20012647  UART_write                       
20012685  UtilsDelay                       
20004000  __STACK_END                      
00001000  __STACK_SIZE                     
00008000  __SYSMEM_SIZE                    
20013678  __TI_CINIT_Base                  
20013688  __TI_CINIT_Limit                 
20013664  __TI_Handler_Table_Base          
20013670  __TI_Handler_Table_Limit         
20011585  __TI_auto_init_nobinit_nopinit   
2001089d  __TI_decompress_lzss             
200125d3  __TI_decompress_none             
20010d07  __TI_ltoa                        
ffffffff  __TI_pprof_out_hndl              
2000c041  __TI_printfi                     
ffffffff  __TI_prof_data_size              
ffffffff  __TI_prof_data_start             
20013598  __TI_static_base__               
20012605  __TI_zero_init                   
20010109  __aeabi_cdcmpeq                  
20010109  __aeabi_cdcmple                  
2001018f  __aeabi_cdrcmple                 
200112d5  __aeabi_d2iz                     
2000d9b7  __aeabi_dadd                     
2000e4b9  __aeabi_ddiv                     
2000ec6d  __aeabi_dmul                     
2000d9ad  __aeabi_dsub                     
20012659  __aeabi_errno_addr               
200119a1  __aeabi_f2iz                     
20010493  __aeabi_fmul                     
20011cb1  __aeabi_i2d                      
200119d9  __aeabi_i2f                      
20010efb  __aeabi_idiv0                    
20010efb  __aeabi_ldiv0                    
200122c1  __aeabi_lmul                     
2001050d  __aeabi_memclr                   
2001050d  __aeabi_memclr4                  
2001050d  __aeabi_memclr8                  
2000fc79  __aeabi_memcpy                   
2000fc79  __aeabi_memcpy4                  
2000fc79  __aeabi_memcpy8                  
2001050f  __aeabi_memset                   
2001050f  __aeabi_memset4                  
2001050f  __aeabi_memset8                  
2000fe45  __aeabi_uldivmod                 
ffffffff  __binit__                        
ffffffff  __c_args__                       
UNDEFED   __mpu_init                       
20003000  __stack                          
20004000  __start___llvm_prf_cnts          
20004000  __stop___llvm_prf_cnts           
20011f59  _c_int00_noargs                  
20012c60  _ctypes_                         
20012c34  _lock                            
2000f8a7  _nop                             
20004040  _sys_memory                      
UNDEFED   _system_post_cinit               
20012697  _system_pre_init                 
20012c38  _unlock                          
2001269b  abort                            
2000ea71  aligned_alloc                    
200110d1  atoi                             
ffffffff  binit                            
20010587  clkFxn                           
200125f9  copysign                         
200125f9  copysignl                        
20012c5c  errno                            
2000ee5d  free                             
20010af1  frexp                            
20010af1  frexpl                           
20012291  gpioButtonFxn0                   
200122a9  gpioButtonFxn1                   
20012c10  gpioCallbackFunctions            
20012c1c  gpioPinConfigs                   
20013591  heat                             
20013578  i2c                              
20013074  i2cCC32XXHWAttrs                 
20013294  i2cCC32XXObjects                 
20013518  i2cTransaction                   
20013152  inPinTypes                       
2000d3ad  initI2C                          
20010d5d  initTimer                        
200115c9  initUART                         
20011931  initVectors                      
2000ef41  ldexp                            
2000ef41  ldexpl                           
2001245d  main                             
2000dd01  mainThread                       
20012661  malloc                           
2000ea71  memalign                         
200120ed  memccpy                          
2000fc79  memcpy                           
20010515  memset                           
20013158  outPinStrengths                  
2001313c  outPinTypes                      
20013498  output                           
20012b18  parkInfo                         
2000e951  readTemp                         
2001213d  resetISR                         
20012150  resetVectorAddr                  
20004000  resetVectors                     
2001357c  rxBuffer                         
2000ef41  scalbn                           
2000ef41  scalbnl                          
2001356e  setpoint                         
20011169  snprintf                         
20012349  strchr                           
20012401  strlen                           
2001358c  temperature                      
20013580  timer0                           
200130e0  timerCC32XXHWAttrs               
20013390  timerCC32XXObjects               
200122d9  timerCallback                    
20013584  txBuffer                         
20013588  uart                             
20013414  uartCC32XXObjects0               
2001246f  wcslen                           


GLOBAL SYMBOLS: SORTED BY Symbol Address 

address   name                             
-------   ----                             
00001000  __STACK_SIZE                     
00008000  __SYSMEM_SIZE                    
20003000  __stack                          
20004000  __STACK_END                      
20004000  __start___llvm_prf_cnts          
20004000  __stop___llvm_prf_cnts           
20004000  resetVectors                     
20004040  _sys_memory                      
2000c041  __TI_printfi                     
2000ca8f  Board_initHook                   
2000ca91  PRCMCC3200MCUInit                
2000cebd  UARTCC32XX_open                  
2000d3ad  initI2C                          
2000d5fd  GPIO_setConfig                   
2000d9ad  __aeabi_dsub                     
2000d9b7  __aeabi_dadd                     
2000db63  I2C_init                         
2000db65  PowerCC32XX_sleepPolicy          
2000dd01  mainThread                       
2000e249  Power_sleep                      
2000e381  Timer_open                       
2000e4b9  __aeabi_ddiv                     
2000e5ef  I2C_transferTimeout              
2000e711  UARTCC32XX_close                 
2000e951  readTemp                         
2000ea71  aligned_alloc                    
2000ea71  memalign                         
2000eb71  I2C_open                         
2000ec6d  __aeabi_dmul                     
2000ed69  UARTCC32XX_control               
2000ee5b  PowerCC32XX_initPolicy           
2000ee5d  free                             
2000ef41  ldexp                            
2000ef41  ldexpl                           
2000ef41  scalbn                           
2000ef41  scalbnl                          
2000f011  UARTCC32XX_write                 
2000f0db  SemaphoreP_destruct              
2000f0dd  GPIO_init                        
2000f261  UARTCC32XX_readPolling           
2000f31b  Timer_init                       
2000f5ef  UARTCC32XX_init                  
2000f5f1  Tick_ButtonFlags                 
2000f8a7  _nop                             
2000f8a9  IntEnable                        
2000f951  PowerCC32XX_configureWakeup      
2000fb3d  SemaphoreP_pend                  
2000fc79  __aeabi_memcpy                   
2000fc79  __aeabi_memcpy4                  
2000fc79  __aeabi_memcpy8                  
2000fc79  memcpy                           
2000fd15  Tick_TempLED                     
2000fe45  __aeabi_uldivmod                 
2000ff6d  HwiP_construct                   
2000fff9  IntPendSet                       
20010081  PinConfigSet                     
20010109  __aeabi_cdcmpeq                  
20010109  __aeabi_cdcmple                  
2001018f  __aeabi_cdrcmple                 
20010215  Power_init                       
2001031d  Power_setDependency              
20010493  __aeabi_fmul                     
2001050d  __aeabi_memclr                   
2001050d  __aeabi_memclr4                  
2001050d  __aeabi_memclr8                  
2001050f  __aeabi_memset                   
2001050f  __aeabi_memset4                  
2001050f  __aeabi_memset8                  
20010515  memset                           
20010587  clkFxn                           
20010589  GPIO_hwiIntFxn                   
200107cb  I2CSupport_primeTransfer         
20010835  Timer_setPeriod                  
2001089d  __TI_decompress_lzss             
20010905  UARTCC32XX_writeCancel           
2001096d  PowerCC32XX_setParkState         
200109d1  UARTCC32XX_writePolling          
20010a35  PRCMSysResetCauseGet             
20010a95  GPIO_setCallback                 
20010af1  frexp                            
20010af1  frexpl                           
20010ba9  GPIO_write                       
20010c01  PRCMPeripheralReset              
20010c59  Power_releaseDependency          
20010d07  __TI_ltoa                        
20010d5d  initTimer                        
20010e05  PowerCC32XX_resumeLPDS           
20010efb  __aeabi_idiv0                    
20010efb  __aeabi_ldiv0                    
20010efd  ClockP_doTick                    
20010efd  ClockP_sysTickHandler            
20010f4d  SemaphoreP_construct             
20010f9d  TimerCC32XX_allocateTimerResource
20010fed  GPIO_enableInt                   
20011085  PowerCC32XX_parkPin              
200110d1  atoi                             
20011169  snprintf                         
200111b5  FlashDisable                     
200111fd  PRCMLPDSEnter                    
20011245  PRCMPeripheralClkEnable          
2001128d  Power_releaseConstraint          
200112d5  __aeabi_d2iz                     
2001131d  RingBuf_put                      
200113a9  ClockP_stop                      
200113ed  PRCMLPDSRestoreInfoSet           
20011431  PowerCC32XX_enterLPDS            
20011475  SemaphoreP_post                  
200114b9  SwiP_restore                     
200114fd  Timer_start                      
20011541  UART_init                        
20011585  __TI_auto_init_nobinit_nopinit   
200115c9  initUART                         
2001160d  ClockP_construct                 
2001164d  PinModeSet                       
2001168d  RingBuf_get                      
200116cd  TimerSupport_timerEnable         
2001170d  Timer_close                      
2001174d  UARTCC32XX_read                  
2001178d  UART_open                        
2001180d  ClockP_destruct                  
20011849  Power_setConstraint              
200118c1  PRCMLPDSEnterKeepDebugIf         
20011931  initVectors                      
200119a1  __aeabi_f2iz                     
200119d9  __aeabi_i2f                      
20011a11  TimerControlStall                
20011a47  Timer_stop                       
20011a7d  UARTCC32XX_readCancel            
20011ab5  ClockP_getTicksUntilInterrupt    
20011ae9  ClockP_startup                   
20011b1d  PinModeGet                       
20011b51  PowerCC32XX_restoreParkState     
20011b85  TimerCC32XX_freeTimerResource    
20011c21  ClockP_start                     
20011c51  PowerCC32XX_restoreParkedPin     
20011cb1  __aeabi_i2d                      
20011ce1  PowerCC32XX_getParkState         
20011d0d  HwiP_create                      
20011d37  TimerLoadSet                     
20011d61  TimerPrescaleSet                 
20011d8b  I2CFIFODataPutNonBlocking        
20011db5  PRCMPeripheralClkDisable         
20011ddd  Power_registerNotify             
20011e2d  I2CFIFODataGetNonBlocking        
20011e53  I2C_cancel                       
20011e79  List_put                         
20011e9f  List_remove                      
20011ec5  TimerSupport_timerLoad           
20011eed  HwiP_dispatch                    
20011f11  PowerCC32XX_reset                
20011f35  TimerSupport_timerDisable        
20011f59  _c_int00_noargs                  
20011f7d  I2CMasterSlaveAddrSet            
20011f9f  HwiP_destruct                    
20011fc1  Power_unregisterNotify           
20011fe1  RingBuf_peek                     
20012021  I2CMasterIntStatusEx             
2001203f  SemaphoreP_constructBinary       
2001205d  TimerDisable                     
2001207b  TimerEnable                      
20012099  PinToPadGet                      
200120b5  SwiP_disable                     
200120ed  memccpy                          
20012109  ClockP_create                    
20012123  SemaphoreP_createBinary          
2001213d  resetISR                         
20012150  resetVectorAddr                  
20012157  I2CMasterBusBusy                 
2001216f  I2CMasterIntDisableEx            
20012187  I2CMasterIntEnableEx             
2001219f  I2CRxFIFOFlush                   
200121b7  I2CTxFIFOFlush                   
200121d1  Power_getTransitionLatency       
200121e9  Power_idleFunc                   
20012201  TimerIntDisable                  
20012219  TimerIntEnable                   
20012231  UARTBusy                         
20012249  UARTIntEnable                    
20012261  UART_Params_init                 
20012291  gpioButtonFxn0                   
200122a9  gpioButtonFxn1                   
200122c1  __aeabi_lmul                     
200122d9  timerCallback                    
200122f1  I2CMasterBurstLengthSet          
20012307  PRCMHIBRegRead                   
2001231d  PRCMHIBRegWrite                  
20012333  SemaphoreP_create                
20012349  strchr                           
2001235f  CPUcpsid                         
20012375  HwiP_inISR                       
20012389  I2CSupport_masterFinish          
2001239d  I2C_transfer                     
200123b1  IntVTableBaseSet                 
200123c5  Power_disablePolicy              
200123d9  Power_getDependencyCount         
20012401  strlen                           
20012415  HwiP_Params_init                 
20012427  I2CMasterIntClearEx              
20012439  RingBuf_construct                
2001244b  TimerIntClear                    
2001245d  main                             
2001246f  wcslen                           
20012481  Board_init                       
20012491  ClockP_add                       
200124a1  ClockP_delete                    
200124b1  ClockP_getCpuFreq                
200124c1  ClockP_getSystemTicks            
200124d1  ClockP_setTicks                  
200124e1  HwiP_delete                      
200124f1  HwiP_restore                     
20012501  I2CFIFOStatus                    
20012511  I2C_Params_init                  
20012521  Power_enablePolicy               
20012531  SemaphoreP_Params_init           
20012541  TimerSupport_timerFullWidth      
20012551  Timer_Params_init                
20012571  HwiP_clearInterrupt              
2001257f  HwiP_disable                     
2001258d  HwiP_disableInterrupt            
2001259b  HwiP_enable                      
2001259b  NoRTOS_start                     
200125a9  HwiP_enableInterrupt             
200125c5  RingBuf_isFull                   
200125d3  __TI_decompress_none             
200125ed  Power_getConstraintMask          
200125f9  copysign                         
200125f9  copysignl                        
20012605  __TI_zero_init                   
20012629  ClockP_Params_init               
20012633  ClockP_isActive                  
2001263d  IntMasterDisable                 
20012647  UART_write                       
20012659  __aeabi_errno_addr               
20012661  malloc                           
20012679  I2CSupport_powerRelConstraint    
2001267f  I2CSupport_powerSetConstraint    
20012685  UtilsDelay                       
2001268b  ClockP_setTimeout                
2001268f  HwiP_post                        
20012693  SemaphoreP_delete                
20012697  _system_pre_init                 
2001269b  C$$EXIT                          
2001269b  abort                            
200129ac  PowerCC32XX_module               
20012b18  parkInfo                         
20012c10  gpioCallbackFunctions            
20012c1c  gpioPinConfigs                   
20012c34  _lock                            
20012c38  _unlock                          
20012c44  SemaphoreP_defaultParams         
20012c4c  HwiP_key                         
20012c50  HwiP_swiPIntNum                  
20012c54  ClockP_tickPeriod                
20012c5a  TimerFlag                        
20012c5c  errno                            
20012c60  _ctypes_                         
20012f0c  PowerCC32XX_config               
20012f50  UARTCC32XX_fxnTable              
20012f78  UART_defaultParams               
2001304c  GPIOCC32XX_config                
20013074  i2cCC32XXHWAttrs                 
200130b0  I2C_defaultParams                
200130e0  timerCC32XXHWAttrs               
200130fc  UART_config                      
20013120  CONFIG_GPIO_BUTTON_0_CONST       
20013121  CONFIG_GPIO_BUTTON_1_CONST       
20013122  CONFIG_GPIO_LED_0_CONST          
20013123  CONFIG_I2C_0_CONST               
20013124  I2C_count                        
20013125  CONFIG_TIMER_0_CONST             
20013126  Timer_count                      
20013127  CONFIG_UART_0_CONST              
20013128  UART_count                       
2001312c  I2C_config                       
20013134  Timer_config                     
2001313c  outPinTypes                      
20013152  inPinTypes                       
20013158  outPinStrengths                  
20013168  PowerCC32XX_contextSave          
20013294  i2cCC32XXObjects                 
20013390  timerCC32XXObjects               
20013414  uartCC32XXObjects0               
20013498  output                           
20013518  i2cTransaction                   
20013550  ClockP_ctrl                      
2001356d  BF_STATE                         
2001356e  setpoint                         
20013578  i2c                              
2001357c  rxBuffer                         
20013580  timer0                           
20013584  txBuffer                         
20013588  uart                             
2001358c  temperature                      
2001358e  Button0_Pressed                  
2001358f  Button1_Pressed                  
20013590  TL_STATE                         
20013591  heat                             
20013598  __TI_static_base__               
20013664  __TI_Handler_Table_Base          
20013670  __TI_Handler_Table_Limit         
20013678  __TI_CINIT_Base                  
20013688  __TI_CINIT_Limit                 
ffffffff  __TI_pprof_out_hndl              
ffffffff  __TI_prof_data_size              
ffffffff  __TI_prof_data_start             
ffffffff  __binit__                        
ffffffff  __c_args__                       
ffffffff  binit                            
UNDEFED   ITM_flush                        
UNDEFED   ITM_restore                      
UNDEFED   __mpu_init                       
UNDEFED   _system_post_cinit               

[312 symbols]
