<?xml version="1.0" encoding="ISO-8859-1" ?>
<link_info>
   <banner>TI ARM Linker PC v20.2.5.LTS</banner>
   <copyright>Copyright (c) 1996-2018 Texas Instruments Incorporated</copyright>
   <link_time>0x60cff33c</link_time>
   <link_errors>0x0</link_errors>
   <output_file>gpiointerrupt_CC3220S_LAUNCHXL_nortos_ccs.out</output_file>
   <entry_point>
      <name>resetISR</name>
      <address>0x2001213d</address>
   </entry_point>
   <input_file_list>
      <input_file id="fl-2">
         <path>.\</path>
         <kind>object</kind>
         <file>gpiointerrupt.obj</file>
         <name>gpiointerrupt.obj</name>
      </input_file>
      <input_file id="fl-3">
         <path>.\syscfg\</path>
         <kind>object</kind>
         <file>ti_drivers_config.obj</file>
         <name>ti_drivers_config.obj</name>
      </input_file>
      <input_file id="fl-4">
         <path>.\</path>
         <kind>object</kind>
         <file>main_nortos.obj</file>
         <name>main_nortos.obj</name>
      </input_file>
      <input_file id="fl-d">
         <kind>object</kind>
         <file>&lt;internal&gt;</file>
         <name>&lt;internal&gt;</name>
      </input_file>
      <input_file id="fl-e">
         <path>C:\ti\simplelink_cc32xx_sdk_5_10_00_02\source\ti\drivers\lib\ccs\m4\</path>
         <kind>archive</kind>
         <file>drivers_cc32xx.a</file>
         <name>I2C.oem4</name>
      </input_file>
      <input_file id="fl-f">
         <path>C:\ti\simplelink_cc32xx_sdk_5_10_00_02\source\ti\drivers\lib\ccs\m4\</path>
         <kind>archive</kind>
         <file>drivers_cc32xx.a</file>
         <name>Timer.oem4</name>
      </input_file>
      <input_file id="fl-10">
         <path>C:\ti\simplelink_cc32xx_sdk_5_10_00_02\source\ti\drivers\lib\ccs\m4\</path>
         <kind>archive</kind>
         <file>drivers_cc32xx.a</file>
         <name>UART.oem4</name>
      </input_file>
      <input_file id="fl-11">
         <path>C:\ti\simplelink_cc32xx_sdk_5_10_00_02\source\ti\drivers\lib\ccs\m4\</path>
         <kind>archive</kind>
         <file>drivers_cc32xx.a</file>
         <name>GPIOCC32XX.oem4</name>
      </input_file>
      <input_file id="fl-12">
         <path>C:\ti\simplelink_cc32xx_sdk_5_10_00_02\source\ti\drivers\lib\ccs\m4\</path>
         <kind>archive</kind>
         <file>drivers_cc32xx.a</file>
         <name>I2CCC32XX.oem4</name>
      </input_file>
      <input_file id="fl-13">
         <path>C:\ti\simplelink_cc32xx_sdk_5_10_00_02\source\ti\drivers\lib\ccs\m4\</path>
         <kind>archive</kind>
         <file>drivers_cc32xx.a</file>
         <name>PowerCC32XX.oem4</name>
      </input_file>
      <input_file id="fl-14">
         <path>C:\ti\simplelink_cc32xx_sdk_5_10_00_02\source\ti\drivers\lib\ccs\m4\</path>
         <kind>archive</kind>
         <file>drivers_cc32xx.a</file>
         <name>PowerCC32XX_asm.oem4</name>
      </input_file>
      <input_file id="fl-15">
         <path>C:\ti\simplelink_cc32xx_sdk_5_10_00_02\source\ti\drivers\lib\ccs\m4\</path>
         <kind>archive</kind>
         <file>drivers_cc32xx.a</file>
         <name>TimerCC32XX.oem4</name>
      </input_file>
      <input_file id="fl-16">
         <path>C:\ti\simplelink_cc32xx_sdk_5_10_00_02\source\ti\drivers\lib\ccs\m4\</path>
         <kind>archive</kind>
         <file>drivers_cc32xx.a</file>
         <name>UARTCC32XX.oem4</name>
      </input_file>
      <input_file id="fl-17">
         <path>C:\ti\simplelink_cc32xx_sdk_5_10_00_02\source\ti\drivers\lib\ccs\m4\</path>
         <kind>archive</kind>
         <file>drivers_cc32xx.a</file>
         <name>List.oem4</name>
      </input_file>
      <input_file id="fl-18">
         <path>C:\ti\simplelink_cc32xx_sdk_5_10_00_02\source\ti\drivers\lib\ccs\m4\</path>
         <kind>archive</kind>
         <file>drivers_cc32xx.a</file>
         <name>RingBuf.oem4</name>
      </input_file>
      <input_file id="fl-19">
         <path>C:\ti\simplelink_cc32xx_sdk_5_10_00_02\kernel\nortos\lib\ccs\m4\</path>
         <kind>archive</kind>
         <file>nortos_cc32xx.a</file>
         <name>NoRTOS.oem4</name>
      </input_file>
      <input_file id="fl-1a">
         <path>C:\ti\simplelink_cc32xx_sdk_5_10_00_02\kernel\nortos\lib\ccs\m4\</path>
         <kind>archive</kind>
         <file>nortos_cc32xx.a</file>
         <name>SemaphoreP_nortos.oem4</name>
      </input_file>
      <input_file id="fl-1b">
         <path>C:\ti\simplelink_cc32xx_sdk_5_10_00_02\kernel\nortos\lib\ccs\m4\</path>
         <kind>archive</kind>
         <file>nortos_cc32xx.a</file>
         <name>ClockPSysTick_nortos.oem4</name>
      </input_file>
      <input_file id="fl-1c">
         <path>C:\ti\simplelink_cc32xx_sdk_5_10_00_02\kernel\nortos\lib\ccs\m4\</path>
         <kind>archive</kind>
         <file>nortos_cc32xx.a</file>
         <name>HwiPCC32XX_nortos.oem4</name>
      </input_file>
      <input_file id="fl-1d">
         <path>C:\ti\simplelink_cc32xx_sdk_5_10_00_02\kernel\nortos\lib\ccs\m4\</path>
         <kind>archive</kind>
         <file>nortos_cc32xx.a</file>
         <name>PowerCC32XX_nortos.oem4</name>
      </input_file>
      <input_file id="fl-1e">
         <path>C:\ti\simplelink_cc32xx_sdk_5_10_00_02\kernel\nortos\lib\ccs\m4\</path>
         <kind>archive</kind>
         <file>nortos_cc32xx.a</file>
         <name>startup_cc32xx_ccs.oem4</name>
      </input_file>
      <input_file id="fl-1f">
         <path>C:\ti\simplelink_cc32xx_sdk_5_10_00_02\kernel\nortos\lib\ccs\m4\</path>
         <kind>archive</kind>
         <file>nortos_cc32xx.a</file>
         <name>SwiP_nortos.oem4</name>
      </input_file>
      <input_file id="fl-20">
         <path>C:\ti\simplelink_cc32xx_sdk_5_10_00_02\kernel\nortos\lib\ccs\m4\</path>
         <kind>archive</kind>
         <file>nortos_cc32xx.a</file>
         <name>QueueP_nortos.oem4</name>
      </input_file>
      <input_file id="fl-21">
         <path>C:\ti\simplelink_cc32xx_sdk_5_10_00_02\source\ti\devices\cc32xx\driverlib\ccs\Release\</path>
         <kind>archive</kind>
         <file>driverlib.a</file>
         <name>cpu.obj</name>
      </input_file>
      <input_file id="fl-22">
         <path>C:\ti\simplelink_cc32xx_sdk_5_10_00_02\source\ti\devices\cc32xx\driverlib\ccs\Release\</path>
         <kind>archive</kind>
         <file>driverlib.a</file>
         <name>i2c.obj</name>
      </input_file>
      <input_file id="fl-23">
         <path>C:\ti\simplelink_cc32xx_sdk_5_10_00_02\source\ti\devices\cc32xx\driverlib\ccs\Release\</path>
         <kind>archive</kind>
         <file>driverlib.a</file>
         <name>interrupt.obj</name>
      </input_file>
      <input_file id="fl-24">
         <path>C:\ti\simplelink_cc32xx_sdk_5_10_00_02\source\ti\devices\cc32xx\driverlib\ccs\Release\</path>
         <kind>archive</kind>
         <file>driverlib.a</file>
         <name>pin.obj</name>
      </input_file>
      <input_file id="fl-25">
         <path>C:\ti\simplelink_cc32xx_sdk_5_10_00_02\source\ti\devices\cc32xx\driverlib\ccs\Release\</path>
         <kind>archive</kind>
         <file>driverlib.a</file>
         <name>prcm.obj</name>
      </input_file>
      <input_file id="fl-26">
         <path>C:\ti\simplelink_cc32xx_sdk_5_10_00_02\source\ti\devices\cc32xx\driverlib\ccs\Release\</path>
         <kind>archive</kind>
         <file>driverlib.a</file>
         <name>timer.obj</name>
      </input_file>
      <input_file id="fl-27">
         <path>C:\ti\simplelink_cc32xx_sdk_5_10_00_02\source\ti\devices\cc32xx\driverlib\ccs\Release\</path>
         <kind>archive</kind>
         <file>driverlib.a</file>
         <name>uart.obj</name>
      </input_file>
      <input_file id="fl-28">
         <path>C:\ti\simplelink_cc32xx_sdk_5_10_00_02\source\ti\devices\cc32xx\driverlib\ccs\Release\</path>
         <kind>archive</kind>
         <file>driverlib.a</file>
         <name>utils.obj</name>
      </input_file>
      <input_file id="fl-29">
         <path>C:\ti\simplelink_cc32xx_sdk_5_10_00_02\source\ti\devices\cc32xx\driverlib\ccs\Release\</path>
         <kind>archive</kind>
         <file>driverlib.a</file>
         <name>flash.obj</name>
      </input_file>
      <input_file id="fl-df">
         <path>C:\ti\ccs1030\ccs\tools\compiler\ti-cgt-arm_20.2.5.LTS\lib\</path>
         <kind>archive</kind>
         <file>rtsv7M4_T_le_eabi.lib</file>
         <name>snprintf.c.obj</name>
      </input_file>
      <input_file id="fl-e0">
         <path>C:\ti\ccs1030\ccs\tools\compiler\ti-cgt-arm_20.2.5.LTS\lib\</path>
         <kind>archive</kind>
         <file>rtsv7M4_T_le_eabi.lib</file>
         <name>fs_mul_t2.asm.obj</name>
      </input_file>
      <input_file id="fl-e1">
         <path>C:\ti\ccs1030\ccs\tools\compiler\ti-cgt-arm_20.2.5.LTS\lib\</path>
         <kind>archive</kind>
         <file>rtsv7M4_T_le_eabi.lib</file>
         <name>fs_toi_t2.asm.obj</name>
      </input_file>
      <input_file id="fl-e2">
         <path>C:\ti\ccs1030\ccs\tools\compiler\ti-cgt-arm_20.2.5.LTS\lib\</path>
         <kind>archive</kind>
         <file>rtsv7M4_T_le_eabi.lib</file>
         <name>i_tofs_t2.asm.obj</name>
      </input_file>
      <input_file id="fl-e3">
         <path>C:\ti\ccs1030\ccs\tools\compiler\ti-cgt-arm_20.2.5.LTS\lib\</path>
         <kind>archive</kind>
         <file>rtsv7M4_T_le_eabi.lib</file>
         <name>ll_mul_t2.asm.obj</name>
      </input_file>
      <input_file id="fl-e4">
         <path>C:\ti\ccs1030\ccs\tools\compiler\ti-cgt-arm_20.2.5.LTS\lib\</path>
         <kind>archive</kind>
         <file>rtsv7M4_T_le_eabi.lib</file>
         <name>memcpy_t2.asm.obj</name>
      </input_file>
      <input_file id="fl-e5">
         <path>C:\ti\ccs1030\ccs\tools\compiler\ti-cgt-arm_20.2.5.LTS\lib\</path>
         <kind>archive</kind>
         <file>rtsv7M4_T_le_eabi.lib</file>
         <name>ull_div_t2.asm.obj</name>
      </input_file>
      <input_file id="fl-e6">
         <path>C:\ti\ccs1030\ccs\tools\compiler\ti-cgt-arm_20.2.5.LTS\lib\</path>
         <kind>archive</kind>
         <file>rtsv7M4_T_le_eabi.lib</file>
         <name>copy_zero_init.c.obj</name>
      </input_file>
      <input_file id="fl-e7">
         <path>C:\ti\ccs1030\ccs\tools\compiler\ti-cgt-arm_20.2.5.LTS\lib\</path>
         <kind>archive</kind>
         <file>rtsv7M4_T_le_eabi.lib</file>
         <name>copy_decompress_none.c.obj</name>
      </input_file>
      <input_file id="fl-e8">
         <path>C:\ti\ccs1030\ccs\tools\compiler\ti-cgt-arm_20.2.5.LTS\lib\</path>
         <kind>archive</kind>
         <file>rtsv7M4_T_le_eabi.lib</file>
         <name>copy_decompress_lzss.c.obj</name>
      </input_file>
      <input_file id="fl-e9">
         <path>C:\ti\ccs1030\ccs\tools\compiler\ti-cgt-arm_20.2.5.LTS\lib\</path>
         <kind>archive</kind>
         <file>rtsv7M4_T_le_eabi.lib</file>
         <name>memory.c.obj</name>
      </input_file>
      <input_file id="fl-ea">
         <path>C:\ti\ccs1030\ccs\tools\compiler\ti-cgt-arm_20.2.5.LTS\lib\</path>
         <kind>archive</kind>
         <file>rtsv7M4_T_le_eabi.lib</file>
         <name>boot_cortex_m.c.obj</name>
      </input_file>
      <input_file id="fl-eb">
         <path>C:\ti\ccs1030\ccs\tools\compiler\ti-cgt-arm_20.2.5.LTS\lib\</path>
         <kind>archive</kind>
         <file>rtsv7M4_T_le_eabi.lib</file>
         <name>_printfi.c.obj</name>
      </input_file>
      <input_file id="fl-ec">
         <path>C:\ti\ccs1030\ccs\tools\compiler\ti-cgt-arm_20.2.5.LTS\lib\</path>
         <kind>archive</kind>
         <file>rtsv7M4_T_le_eabi.lib</file>
         <name>s_frexp.c.obj</name>
      </input_file>
      <input_file id="fl-ed">
         <path>C:\ti\ccs1030\ccs\tools\compiler\ti-cgt-arm_20.2.5.LTS\lib\</path>
         <kind>archive</kind>
         <file>rtsv7M4_T_le_eabi.lib</file>
         <name>s_scalbn.c.obj</name>
      </input_file>
      <input_file id="fl-ee">
         <path>C:\ti\ccs1030\ccs\tools\compiler\ti-cgt-arm_20.2.5.LTS\lib\</path>
         <kind>archive</kind>
         <file>rtsv7M4_T_le_eabi.lib</file>
         <name>wcslen.c.obj</name>
      </input_file>
      <input_file id="fl-ef">
         <path>C:\ti\ccs1030\ccs\tools\compiler\ti-cgt-arm_20.2.5.LTS\lib\</path>
         <kind>archive</kind>
         <file>rtsv7M4_T_le_eabi.lib</file>
         <name>div0.asm.obj</name>
      </input_file>
      <input_file id="fl-f0">
         <path>C:\ti\ccs1030\ccs\tools\compiler\ti-cgt-arm_20.2.5.LTS\lib\</path>
         <kind>archive</kind>
         <file>rtsv7M4_T_le_eabi.lib</file>
         <name>fd_add_t2.asm.obj</name>
      </input_file>
      <input_file id="fl-f1">
         <path>C:\ti\ccs1030\ccs\tools\compiler\ti-cgt-arm_20.2.5.LTS\lib\</path>
         <kind>archive</kind>
         <file>rtsv7M4_T_le_eabi.lib</file>
         <name>fd_cmp_t2.asm.obj</name>
      </input_file>
      <input_file id="fl-f2">
         <path>C:\ti\ccs1030\ccs\tools\compiler\ti-cgt-arm_20.2.5.LTS\lib\</path>
         <kind>archive</kind>
         <file>rtsv7M4_T_le_eabi.lib</file>
         <name>fd_div_t2.asm.obj</name>
      </input_file>
      <input_file id="fl-f3">
         <path>C:\ti\ccs1030\ccs\tools\compiler\ti-cgt-arm_20.2.5.LTS\lib\</path>
         <kind>archive</kind>
         <file>rtsv7M4_T_le_eabi.lib</file>
         <name>fd_mul_t2.asm.obj</name>
      </input_file>
      <input_file id="fl-f4">
         <path>C:\ti\ccs1030\ccs\tools\compiler\ti-cgt-arm_20.2.5.LTS\lib\</path>
         <kind>archive</kind>
         <file>rtsv7M4_T_le_eabi.lib</file>
         <name>fd_toi_t2.asm.obj</name>
      </input_file>
      <input_file id="fl-f5">
         <path>C:\ti\ccs1030\ccs\tools\compiler\ti-cgt-arm_20.2.5.LTS\lib\</path>
         <kind>archive</kind>
         <file>rtsv7M4_T_le_eabi.lib</file>
         <name>i_tofd_t2.asm.obj</name>
      </input_file>
      <input_file id="fl-f6">
         <path>C:\ti\ccs1030\ccs\tools\compiler\ti-cgt-arm_20.2.5.LTS\lib\</path>
         <kind>archive</kind>
         <file>rtsv7M4_T_le_eabi.lib</file>
         <name>memset_t2.asm.obj</name>
      </input_file>
      <input_file id="fl-f7">
         <path>C:\ti\ccs1030\ccs\tools\compiler\ti-cgt-arm_20.2.5.LTS\lib\</path>
         <kind>archive</kind>
         <file>rtsv7M4_T_le_eabi.lib</file>
         <name>autoinit.c.obj</name>
      </input_file>
      <input_file id="fl-f8">
         <path>C:\ti\ccs1030\ccs\tools\compiler\ti-cgt-arm_20.2.5.LTS\lib\</path>
         <kind>archive</kind>
         <file>rtsv7M4_T_le_eabi.lib</file>
         <name>pre_init.c.obj</name>
      </input_file>
      <input_file id="fl-f9">
         <path>C:\ti\ccs1030\ccs\tools\compiler\ti-cgt-arm_20.2.5.LTS\lib\</path>
         <kind>archive</kind>
         <file>rtsv7M4_T_le_eabi.lib</file>
         <name>cpy_tbl.c.obj</name>
      </input_file>
      <input_file id="fl-fa">
         <path>C:\ti\ccs1030\ccs\tools\compiler\ti-cgt-arm_20.2.5.LTS\lib\</path>
         <kind>archive</kind>
         <file>rtsv7M4_T_le_eabi.lib</file>
         <name>exit.c.obj</name>
      </input_file>
      <input_file id="fl-fb">
         <path>C:\ti\ccs1030\ccs\tools\compiler\ti-cgt-arm_20.2.5.LTS\lib\</path>
         <kind>archive</kind>
         <file>rtsv7M4_T_le_eabi.lib</file>
         <name>_lock.c.obj</name>
      </input_file>
      <input_file id="fl-fc">
         <path>C:\ti\ccs1030\ccs\tools\compiler\ti-cgt-arm_20.2.5.LTS\lib\</path>
         <kind>archive</kind>
         <file>rtsv7M4_T_le_eabi.lib</file>
         <name>_ltoa.c.obj</name>
      </input_file>
      <input_file id="fl-fd">
         <path>C:\ti\ccs1030\ccs\tools\compiler\ti-cgt-arm_20.2.5.LTS\lib\</path>
         <kind>archive</kind>
         <file>rtsv7M4_T_le_eabi.lib</file>
         <name>args_main.c.obj</name>
      </input_file>
      <input_file id="fl-fe">
         <path>C:\ti\ccs1030\ccs\tools\compiler\ti-cgt-arm_20.2.5.LTS\lib\</path>
         <kind>archive</kind>
         <file>rtsv7M4_T_le_eabi.lib</file>
         <name>atoi.c.obj</name>
      </input_file>
      <input_file id="fl-ff">
         <path>C:\ti\ccs1030\ccs\tools\compiler\ti-cgt-arm_20.2.5.LTS\lib\</path>
         <kind>archive</kind>
         <file>rtsv7M4_T_le_eabi.lib</file>
         <name>ctype.c.obj</name>
      </input_file>
      <input_file id="fl-100">
         <path>C:\ti\ccs1030\ccs\tools\compiler\ti-cgt-arm_20.2.5.LTS\lib\</path>
         <kind>archive</kind>
         <file>rtsv7M4_T_le_eabi.lib</file>
         <name>memccpy.c.obj</name>
      </input_file>
      <input_file id="fl-101">
         <path>C:\ti\ccs1030\ccs\tools\compiler\ti-cgt-arm_20.2.5.LTS\lib\</path>
         <kind>archive</kind>
         <file>rtsv7M4_T_le_eabi.lib</file>
         <name>strchr.c.obj</name>
      </input_file>
      <input_file id="fl-102">
         <path>C:\ti\ccs1030\ccs\tools\compiler\ti-cgt-arm_20.2.5.LTS\lib\</path>
         <kind>archive</kind>
         <file>rtsv7M4_T_le_eabi.lib</file>
         <name>strlen.c.obj</name>
      </input_file>
      <input_file id="fl-103">
         <path>C:\ti\ccs1030\ccs\tools\compiler\ti-cgt-arm_20.2.5.LTS\lib\</path>
         <kind>archive</kind>
         <file>rtsv7M4_T_le_eabi.lib</file>
         <name>errno.c.obj</name>
      </input_file>
      <input_file id="fl-104">
         <path>C:\ti\ccs1030\ccs\tools\compiler\ti-cgt-arm_20.2.5.LTS\lib\</path>
         <kind>archive</kind>
         <file>rtsv7M4_T_le_eabi.lib</file>
         <name>s_copysign.c.obj</name>
      </input_file>
   </input_file_list>
   <object_component_list>
      <object_component id="oc-3d7">
         <name>.text:__TI_printfi</name>
         <load_address>0x2000c040</load_address>
         <run_address>0x2000c040</run_address>
         <size>0xa4e</size>
         <input_file_ref idref="fl-eb"/>
      </object_component>
      <object_component id="oc-1df">
         <name>.text:Board_initHook</name>
         <load_address>0x2000ca8e</load_address>
         <run_address>0x2000ca8e</run_address>
         <size>0x2</size>
         <input_file_ref idref="fl-3"/>
      </object_component>
      <object_component id="oc-1d3">
         <name>.text:PRCMCC3200MCUInit</name>
         <load_address>0x2000ca90</load_address>
         <run_address>0x2000ca90</run_address>
         <size>0x42c</size>
         <input_file_ref idref="fl-25"/>
      </object_component>
      <object_component id="oc-847">
         <name>.text:UARTCC32XX_open</name>
         <load_address>0x2000cebc</load_address>
         <run_address>0x2000cebc</run_address>
         <size>0x288</size>
         <input_file_ref idref="fl-16"/>
      </object_component>
      <object_component id="oc-597">
         <name>.text:_pconv_a</name>
         <load_address>0x2000d144</load_address>
         <run_address>0x2000d144</run_address>
         <size>0x268</size>
         <input_file_ref idref="fl-eb"/>
      </object_component>
      <object_component id="oc-1ed">
         <name>.text:initI2C</name>
         <load_address>0x2000d3ac</load_address>
         <run_address>0x2000d3ac</run_address>
         <size>0x250</size>
         <input_file_ref idref="fl-2"/>
      </object_component>
      <object_component id="oc-205">
         <name>.text:GPIO_setConfig</name>
         <load_address>0x2000d5fc</load_address>
         <run_address>0x2000d5fc</run_address>
         <size>0x1e4</size>
         <input_file_ref idref="fl-11"/>
      </object_component>
      <object_component id="oc-585">
         <name>.text:_pconv_g</name>
         <load_address>0x2000d7e0</load_address>
         <run_address>0x2000d7e0</run_address>
         <size>0x1cc</size>
         <input_file_ref idref="fl-eb"/>
      </object_component>
      <object_component id="oc-789">
         <name>.text</name>
         <load_address>0x2000d9ac</load_address>
         <run_address>0x2000d9ac</run_address>
         <size>0x1b6</size>
         <input_file_ref idref="fl-f0"/>
      </object_component>
      <object_component id="oc-2f7">
         <name>.text:I2C_init</name>
         <load_address>0x2000db62</load_address>
         <run_address>0x2000db62</run_address>
         <size>0x2</size>
         <input_file_ref idref="fl-e"/>
      </object_component>
      <object_component id="oc-43b">
         <name>.text:PowerCC32XX_sleepPolicy</name>
         <load_address>0x2000db64</load_address>
         <run_address>0x2000db64</run_address>
         <size>0x19c</size>
         <input_file_ref idref="fl-1d"/>
      </object_component>
      <object_component id="oc-15f">
         <name>.text:mainThread</name>
         <load_address>0x2000dd00</load_address>
         <run_address>0x2000dd00</run_address>
         <size>0x17c</size>
         <input_file_ref idref="fl-2"/>
      </object_component>
      <object_component id="oc-47e">
         <name>.text:I2CCC32XX_hwiFxn</name>
         <load_address>0x2000de7c</load_address>
         <run_address>0x2000de7c</run_address>
         <size>0x148</size>
         <input_file_ref idref="fl-12"/>
      </object_component>
      <object_component id="oc-7f9">
         <name>.text:parkPins</name>
         <load_address>0x2000dfc4</load_address>
         <run_address>0x2000dfc4</run_address>
         <size>0x148</size>
         <input_file_ref idref="fl-13"/>
      </object_component>
      <object_component id="oc-591">
         <name>.text:_pconv_e</name>
         <load_address>0x2000e10c</load_address>
         <run_address>0x2000e10c</run_address>
         <size>0x13c</size>
         <input_file_ref idref="fl-eb"/>
      </object_component>
      <object_component id="oc-60d">
         <name>.text:Power_sleep</name>
         <load_address>0x2000e248</load_address>
         <run_address>0x2000e248</run_address>
         <size>0x138</size>
         <input_file_ref idref="fl-13"/>
      </object_component>
      <object_component id="oc-323">
         <name>.text:Timer_open</name>
         <load_address>0x2000e380</load_address>
         <run_address>0x2000e380</run_address>
         <size>0x138</size>
         <input_file_ref idref="fl-15"/>
      </object_component>
      <object_component id="oc-76f">
         <name>.text</name>
         <load_address>0x2000e4b8</load_address>
         <run_address>0x2000e4b8</run_address>
         <size>0x136</size>
         <input_file_ref idref="fl-f2"/>
      </object_component>
      <object_component id="oc-48c">
         <name>.text:I2C_transferTimeout</name>
         <load_address>0x2000e5ee</load_address>
         <run_address>0x2000e5ee</run_address>
         <size>0x122</size>
         <input_file_ref idref="fl-e"/>
      </object_component>
      <object_component id="oc-835">
         <name>.text:UARTCC32XX_close</name>
         <load_address>0x2000e710</load_address>
         <run_address>0x2000e710</run_address>
         <size>0x120</size>
         <input_file_ref idref="fl-16"/>
      </object_component>
      <object_component id="oc-79b">
         <name>.text:fcvt</name>
         <load_address>0x2000e830</load_address>
         <run_address>0x2000e830</run_address>
         <size>0x120</size>
         <input_file_ref idref="fl-eb"/>
      </object_component>
      <object_component id="oc-21d">
         <name>.text:readTemp</name>
         <load_address>0x2000e950</load_address>
         <run_address>0x2000e950</run_address>
         <size>0x120</size>
         <input_file_ref idref="fl-2"/>
      </object_component>
      <object_component id="oc-75a">
         <name>.text:aligned_alloc</name>
         <load_address>0x2000ea70</load_address>
         <run_address>0x2000ea70</run_address>
         <size>0x100</size>
         <input_file_ref idref="fl-e9"/>
      </object_component>
      <object_component id="oc-303">
         <name>.text:I2C_open</name>
         <load_address>0x2000eb70</load_address>
         <run_address>0x2000eb70</run_address>
         <size>0xfc</size>
         <input_file_ref idref="fl-12"/>
      </object_component>
      <object_component id="oc-76a">
         <name>.text</name>
         <load_address>0x2000ec6c</load_address>
         <run_address>0x2000ec6c</run_address>
         <size>0xfc</size>
         <input_file_ref idref="fl-f3"/>
      </object_component>
      <object_component id="oc-83b">
         <name>.text:UARTCC32XX_control</name>
         <load_address>0x2000ed68</load_address>
         <run_address>0x2000ed68</run_address>
         <size>0xf2</size>
         <input_file_ref idref="fl-16"/>
      </object_component>
      <object_component id="oc-435">
         <name>.text:PowerCC32XX_initPolicy</name>
         <load_address>0x2000ee5a</load_address>
         <run_address>0x2000ee5a</run_address>
         <size>0x2</size>
         <input_file_ref idref="fl-1d"/>
      </object_component>
      <object_component id="oc-4e0">
         <name>.text:free</name>
         <load_address>0x2000ee5c</load_address>
         <run_address>0x2000ee5c</run_address>
         <size>0xe4</size>
         <input_file_ref idref="fl-e9"/>
      </object_component>
      <object_component id="oc-7af">
         <name>.text:scalbn</name>
         <load_address>0x2000ef40</load_address>
         <run_address>0x2000ef40</run_address>
         <size>0xd0</size>
         <input_file_ref idref="fl-ed"/>
      </object_component>
      <object_component id="oc-85f">
         <name>.text:UARTCC32XX_write</name>
         <load_address>0x2000f010</load_address>
         <run_address>0x2000f010</run_address>
         <size>0xca</size>
         <input_file_ref idref="fl-16"/>
      </object_component>
      <object_component id="oc-6dc">
         <name>.text:SemaphoreP_destruct</name>
         <load_address>0x2000f0da</load_address>
         <run_address>0x2000f0da</run_address>
         <size>0x2</size>
         <input_file_ref idref="fl-1a"/>
      </object_component>
      <object_component id="oc-1f9">
         <name>.text:GPIO_init</name>
         <load_address>0x2000f0dc</load_address>
         <run_address>0x2000f0dc</run_address>
         <size>0xc4</size>
         <input_file_ref idref="fl-11"/>
      </object_component>
      <object_component id="oc-816">
         <name>.text:restoreParkedPins</name>
         <load_address>0x2000f1a0</load_address>
         <run_address>0x2000f1a0</run_address>
         <size>0xc0</size>
         <input_file_ref idref="fl-13"/>
      </object_component>
      <object_component id="oc-853">
         <name>.text:UARTCC32XX_readPolling</name>
         <load_address>0x2000f260</load_address>
         <run_address>0x2000f260</run_address>
         <size>0xba</size>
         <input_file_ref idref="fl-16"/>
      </object_component>
      <object_component id="oc-317">
         <name>.text:Timer_init</name>
         <load_address>0x2000f31a</load_address>
         <run_address>0x2000f31a</run_address>
         <size>0x2</size>
         <input_file_ref idref="fl-f"/>
      </object_component>
      <object_component id="oc-9d3">
         <name>.text:initHw</name>
         <load_address>0x2000f31c</load_address>
         <run_address>0x2000f31c</run_address>
         <size>0xb8</size>
         <input_file_ref idref="fl-16"/>
      </object_component>
      <object_component id="oc-a80">
         <name>.text:readTaskCallback</name>
         <load_address>0x2000f3d4</load_address>
         <run_address>0x2000f3d4</run_address>
         <size>0xb6</size>
         <input_file_ref idref="fl-16"/>
      </object_component>
      <object_component id="oc-68a">
         <name>.text:I2CCC32XX_completeTransfer</name>
         <load_address>0x2000f48a</load_address>
         <run_address>0x2000f48a</run_address>
         <size>0xb2</size>
         <input_file_ref idref="fl-12"/>
      </object_component>
      <object_component id="oc-57a">
         <name>.text:_ltostr</name>
         <load_address>0x2000f53c</load_address>
         <run_address>0x2000f53c</run_address>
         <size>0xb1</size>
         <input_file_ref idref="fl-eb"/>
      </object_component>
      <object_component id="oc-841">
         <name>.text:UARTCC32XX_init</name>
         <load_address>0x2000f5ee</load_address>
         <run_address>0x2000f5ee</run_address>
         <size>0x2</size>
         <input_file_ref idref="fl-16"/>
      </object_component>
      <object_component id="oc-223">
         <name>.text:Tick_ButtonFlags</name>
         <load_address>0x2000f5f0</load_address>
         <run_address>0x2000f5f0</run_address>
         <size>0xb0</size>
         <input_file_ref idref="fl-2"/>
      </object_component>
      <object_component id="oc-a6e">
         <name>.text:readTaskBlocking</name>
         <load_address>0x2000f6a0</load_address>
         <run_address>0x2000f6a0</run_address>
         <size>0xb0</size>
         <input_file_ref idref="fl-16"/>
      </object_component>
      <object_component id="oc-a74">
         <name>.text:readIsrTextBlocking</name>
         <load_address>0x2000f750</load_address>
         <run_address>0x2000f750</run_address>
         <size>0xae</size>
         <input_file_ref idref="fl-16"/>
      </object_component>
      <object_component id="oc-678">
         <name>.text:I2CCC32XX_primeWriteBurst</name>
         <load_address>0x2000f7fe</load_address>
         <run_address>0x2000f7fe</run_address>
         <size>0xa8</size>
         <input_file_ref idref="fl-12"/>
      </object_component>
      <object_component id="oc-402">
         <name>.text:_nop</name>
         <load_address>0x2000f8a6</load_address>
         <run_address>0x2000f8a6</run_address>
         <size>0x2</size>
         <input_file_ref idref="fl-fb"/>
      </object_component>
      <object_component id="oc-b5">
         <name>.text:IntEnable</name>
         <load_address>0x2000f8a8</load_address>
         <run_address>0x2000f8a8</run_address>
         <size>0xa8</size>
         <input_file_ref idref="fl-23"/>
      </object_component>
      <object_component id="oc-2d6">
         <name>.text:PowerCC32XX_configureWakeup</name>
         <load_address>0x2000f950</load_address>
         <run_address>0x2000f950</run_address>
         <size>0xa8</size>
         <input_file_ref idref="fl-13"/>
      </object_component>
      <object_component id="oc-a86">
         <name>.text:readIsrTextCallback</name>
         <load_address>0x2000f9f8</load_address>
         <run_address>0x2000f9f8</run_address>
         <size>0xa2</size>
         <input_file_ref idref="fl-16"/>
      </object_component>
      <object_component id="oc-a0a">
         <name>.text:writeData</name>
         <load_address>0x2000fa9a</load_address>
         <run_address>0x2000fa9a</run_address>
         <size>0xa2</size>
         <input_file_ref idref="fl-16"/>
      </object_component>
      <object_component id="oc-34e">
         <name>.text:SemaphoreP_pend</name>
         <load_address>0x2000fb3c</load_address>
         <run_address>0x2000fb3c</run_address>
         <size>0xa0</size>
         <input_file_ref idref="fl-1a"/>
      </object_component>
      <object_component id="oc-46c">
         <name>.text:I2CCC32XX_initHw</name>
         <load_address>0x2000fbdc</load_address>
         <run_address>0x2000fbdc</run_address>
         <size>0x9c</size>
         <input_file_ref idref="fl-12"/>
      </object_component>
      <object_component id="oc-3b">
         <name>.text</name>
         <load_address>0x2000fc78</load_address>
         <run_address>0x2000fc78</run_address>
         <size>0x9c</size>
         <input_file_ref idref="fl-e4"/>
      </object_component>
      <object_component id="oc-229">
         <name>.text:Tick_TempLED</name>
         <load_address>0x2000fd14</load_address>
         <run_address>0x2000fd14</run_address>
         <size>0x98</size>
         <input_file_ref idref="fl-2"/>
      </object_component>
      <object_component id="oc-36a">
         <name>.text:powerNotifyFxn</name>
         <load_address>0x2000fdac</load_address>
         <run_address>0x2000fdac</run_address>
         <size>0x98</size>
         <input_file_ref idref="fl-11"/>
      </object_component>
      <object_component id="oc-608">
         <name>.text</name>
         <load_address>0x2000fe44</load_address>
         <run_address>0x2000fe44</run_address>
         <size>0x96</size>
         <input_file_ref idref="fl-e5"/>
      </object_component>
      <object_component id="oc-73">
         <name>.text:busFaultHandler</name>
         <load_address>0x2000feda</load_address>
         <run_address>0x2000feda</run_address>
         <size>0x2</size>
         <input_file_ref idref="fl-1e"/>
      </object_component>
      <object_component id="oc-80a">
         <name>.text:restoreNVICRegs</name>
         <load_address>0x2000fedc</load_address>
         <run_address>0x2000fedc</run_address>
         <size>0x90</size>
         <input_file_ref idref="fl-13"/>
      </object_component>
      <object_component id="oc-460">
         <name>.text:HwiP_construct</name>
         <load_address>0x2000ff6c</load_address>
         <run_address>0x2000ff6c</run_address>
         <size>0x8c</size>
         <input_file_ref idref="fl-1c"/>
      </object_component>
      <object_component id="oc-991">
         <name>.text:IntPendSet</name>
         <load_address>0x2000fff8</load_address>
         <run_address>0x2000fff8</run_address>
         <size>0x88</size>
         <input_file_ref idref="fl-23"/>
      </object_component>
      <object_component id="oc-388">
         <name>.text:PinConfigSet</name>
         <load_address>0x20010080</load_address>
         <run_address>0x20010080</run_address>
         <size>0x88</size>
         <input_file_ref idref="fl-24"/>
      </object_component>
      <object_component id="oc-580">
         <name>.text:__aeabi_cdcmple</name>
         <load_address>0x20010108</load_address>
         <run_address>0x20010108</run_address>
         <size>0x86</size>
         <input_file_ref idref="fl-f1"/>
      </object_component>
      <object_component id="oc-774">
         <name>.text:__aeabi_cdrcmple</name>
         <load_address>0x2001018e</load_address>
         <run_address>0x2001018e</run_address>
         <size>0x86</size>
         <input_file_ref idref="fl-f1"/>
      </object_component>
      <object_component id="oc-1d9">
         <name>.text:Power_init</name>
         <load_address>0x20010214</load_address>
         <run_address>0x20010214</run_address>
         <size>0x84</size>
         <input_file_ref idref="fl-13"/>
      </object_component>
      <object_component id="oc-7ff">
         <name>.text:saveNVICRegs</name>
         <load_address>0x20010298</load_address>
         <run_address>0x20010298</run_address>
         <size>0x84</size>
         <input_file_ref idref="fl-13"/>
      </object_component>
      <object_component id="oc-38e">
         <name>.text:Power_setDependency</name>
         <load_address>0x2001031c</load_address>
         <run_address>0x2001031c</run_address>
         <size>0x80</size>
         <input_file_ref idref="fl-13"/>
      </object_component>
      <object_component id="oc-a68">
         <name>.text:readIsrBinaryBlocking</name>
         <load_address>0x2001039c</load_address>
         <run_address>0x2001039c</run_address>
         <size>0x7c</size>
         <input_file_ref idref="fl-16"/>
      </object_component>
      <object_component id="oc-672">
         <name>.text:I2CCC32XX_primeReadBurst</name>
         <load_address>0x20010418</load_address>
         <run_address>0x20010418</run_address>
         <size>0x7a</size>
         <input_file_ref idref="fl-12"/>
      </object_component>
      <object_component id="oc-3c8">
         <name>.text</name>
         <load_address>0x20010492</load_address>
         <run_address>0x20010492</run_address>
         <size>0x7a</size>
         <input_file_ref idref="fl-e0"/>
      </object_component>
      <object_component id="oc-9d">
         <name>.text</name>
         <load_address>0x2001050c</load_address>
         <run_address>0x2001050c</run_address>
         <size>0x7a</size>
         <input_file_ref idref="fl-f6"/>
      </object_component>
      <object_component id="oc-505">
         <name>.text:clkFxn</name>
         <load_address>0x20010586</load_address>
         <run_address>0x20010586</run_address>
         <size>0x2</size>
         <input_file_ref idref="fl-1a"/>
      </object_component>
      <object_component id="oc-3b2">
         <name>.text:GPIO_hwiIntFxn</name>
         <load_address>0x20010588</load_address>
         <run_address>0x20010588</run_address>
         <size>0x78</size>
         <input_file_ref idref="fl-11"/>
      </object_component>
      <object_component id="oc-a7a">
         <name>.text:readIsrBinaryCallback</name>
         <load_address>0x20010600</load_address>
         <run_address>0x20010600</run_address>
         <size>0x78</size>
         <input_file_ref idref="fl-16"/>
      </object_component>
      <object_component id="oc-9e2">
         <name>.text:UARTCC32XX_hwiIntFxn</name>
         <load_address>0x20010678</load_address>
         <run_address>0x20010678</run_address>
         <size>0x74</size>
         <input_file_ref idref="fl-16"/>
      </object_component>
      <object_component id="oc-908">
         <name>.text:split</name>
         <load_address>0x200106ec</load_address>
         <run_address>0x200106ec</run_address>
         <size>0x70</size>
         <input_file_ref idref="fl-e9"/>
      </object_component>
      <object_component id="oc-794">
         <name>.text:_mcpy</name>
         <load_address>0x2001075c</load_address>
         <run_address>0x2001075c</run_address>
         <size>0x6e</size>
         <input_file_ref idref="fl-eb"/>
      </object_component>
      <object_component id="oc-6a5">
         <name>.text:I2CSupport_primeTransfer</name>
         <load_address>0x200107ca</load_address>
         <run_address>0x200107ca</run_address>
         <size>0x6a</size>
         <input_file_ref idref="fl-12"/>
      </object_component>
      <object_component id="oc-1ff">
         <name>.text:Timer_setPeriod</name>
         <load_address>0x20010834</load_address>
         <run_address>0x20010834</run_address>
         <size>0x68</size>
         <input_file_ref idref="fl-f"/>
      </object_component>
      <object_component id="oc-14">
         <name>.text:decompress:lzss:__TI_decompress_lzss</name>
         <load_address>0x2001089c</load_address>
         <run_address>0x2001089c</run_address>
         <size>0x68</size>
         <input_file_ref idref="fl-e8"/>
      </object_component>
      <object_component id="oc-86b">
         <name>.text:UARTCC32XX_writeCancel</name>
         <load_address>0x20010904</load_address>
         <run_address>0x20010904</run_address>
         <size>0x66</size>
         <input_file_ref idref="fl-16"/>
      </object_component>
      <object_component id="oc-6d">
         <name>.text:defaultHandler</name>
         <load_address>0x2001096a</load_address>
         <run_address>0x2001096a</run_address>
         <size>0x2</size>
         <input_file_ref idref="fl-1e"/>
      </object_component>
      <object_component id="oc-52f">
         <name>.text:PowerCC32XX_setParkState</name>
         <load_address>0x2001096c</load_address>
         <run_address>0x2001096c</run_address>
         <size>0x64</size>
         <input_file_ref idref="fl-13"/>
      </object_component>
      <object_component id="oc-865">
         <name>.text:UARTCC32XX_writePolling</name>
         <load_address>0x200109d0</load_address>
         <run_address>0x200109d0</run_address>
         <size>0x62</size>
         <input_file_ref idref="fl-16"/>
      </object_component>
      <object_component id="oc-67">
         <name>.text:faultISR</name>
         <load_address>0x20010a32</load_address>
         <run_address>0x20010a32</run_address>
         <size>0x2</size>
         <input_file_ref idref="fl-1e"/>
      </object_component>
      <object_component id="oc-2a4">
         <name>.text:PRCMSysResetCauseGet</name>
         <load_address>0x20010a34</load_address>
         <run_address>0x20010a34</run_address>
         <size>0x60</size>
         <input_file_ref idref="fl-25"/>
      </object_component>
      <object_component id="oc-20b">
         <name>.text:GPIO_setCallback</name>
         <load_address>0x20010a94</load_address>
         <run_address>0x20010a94</run_address>
         <size>0x5c</size>
         <input_file_ref idref="fl-11"/>
      </object_component>
      <object_component id="oc-7a9">
         <name>.text:frexp</name>
         <load_address>0x20010af0</load_address>
         <run_address>0x20010af0</run_address>
         <size>0x5c</size>
         <input_file_ref idref="fl-ec"/>
      </object_component>
      <object_component id="oc-951">
         <name>.text:sysTickInit</name>
         <load_address>0x20010b4c</load_address>
         <run_address>0x20010b4c</run_address>
         <size>0x5c</size>
         <input_file_ref idref="fl-1b"/>
      </object_component>
      <object_component id="oc-217">
         <name>.text:GPIO_write</name>
         <load_address>0x20010ba8</load_address>
         <run_address>0x20010ba8</run_address>
         <size>0x58</size>
         <input_file_ref idref="fl-11"/>
      </object_component>
      <object_component id="oc-2bd">
         <name>.text:PRCMPeripheralReset</name>
         <load_address>0x20010c00</load_address>
         <run_address>0x20010c00</run_address>
         <size>0x58</size>
         <input_file_ref idref="fl-25"/>
      </object_component>
      <object_component id="oc-8e9">
         <name>.text:Power_releaseDependency</name>
         <load_address>0x20010c58</load_address>
         <run_address>0x20010c58</run_address>
         <size>0x58</size>
         <input_file_ref idref="fl-13"/>
      </object_component>
      <object_component id="oc-58b">
         <name>.text:_pconv_f</name>
         <load_address>0x20010cb0</load_address>
         <run_address>0x20010cb0</run_address>
         <size>0x56</size>
         <input_file_ref idref="fl-eb"/>
      </object_component>
      <object_component id="oc-77e">
         <name>.text:__TI_ltoa</name>
         <load_address>0x20010d06</load_address>
         <run_address>0x20010d06</run_address>
         <size>0x54</size>
         <input_file_ref idref="fl-fc"/>
      </object_component>
      <object_component id="oc-61">
         <name>.text:nmiISR</name>
         <load_address>0x20010d5a</load_address>
         <run_address>0x20010d5a</run_address>
         <size>0x2</size>
         <input_file_ref idref="fl-1e"/>
      </object_component>
      <object_component id="oc-1f3">
         <name>.text:initTimer</name>
         <load_address>0x20010d5c</load_address>
         <run_address>0x20010d5c</run_address>
         <size>0x54</size>
         <input_file_ref idref="fl-2"/>
      </object_component>
      <object_component id="oc-ac3">
         <name>.text:ringBufGet</name>
         <load_address>0x20010db0</load_address>
         <run_address>0x20010db0</run_address>
         <size>0x54</size>
         <input_file_ref idref="fl-16"/>
      </object_component>
      <object_component id="oc-96e">
         <name>.text:PowerCC32XX_resumeLPDS</name>
         <load_address>0x20010e04</load_address>
         <run_address>0x20010e04</run_address>
         <size>0x52</size>
         <input_file_ref idref="fl-14"/>
      </object_component>
      <object_component id="oc-78e">
         <name>.text:_ecpy</name>
         <load_address>0x20010e56</load_address>
         <run_address>0x20010e56</run_address>
         <size>0x52</size>
         <input_file_ref idref="fl-eb"/>
      </object_component>
      <object_component id="oc-4ad">
         <name>.text:initHw</name>
         <load_address>0x20010ea8</load_address>
         <run_address>0x20010ea8</run_address>
         <size>0x52</size>
         <input_file_ref idref="fl-15"/>
      </object_component>
      <object_component id="oc-7ed">
         <name>.text</name>
         <load_address>0x20010efa</load_address>
         <run_address>0x20010efa</run_address>
         <size>0x2</size>
         <input_file_ref idref="fl-ef"/>
      </object_component>
      <object_component id="oc-79">
         <name>.text:ClockP_sysTickHandler</name>
         <load_address>0x20010efc</load_address>
         <run_address>0x20010efc</run_address>
         <size>0x50</size>
         <input_file_ref idref="fl-1b"/>
      </object_component>
      <object_component id="oc-649">
         <name>.text:SemaphoreP_construct</name>
         <load_address>0x20010f4c</load_address>
         <run_address>0x20010f4c</run_address>
         <size>0x50</size>
         <input_file_ref idref="fl-1a"/>
      </object_component>
      <object_component id="oc-49b">
         <name>.text:TimerCC32XX_allocateTimerResource</name>
         <load_address>0x20010f9c</load_address>
         <run_address>0x20010f9c</run_address>
         <size>0x50</size>
         <input_file_ref idref="fl-15"/>
      </object_component>
      <object_component id="oc-211">
         <name>.text:GPIO_enableInt</name>
         <load_address>0x20010fec</load_address>
         <run_address>0x20010fec</run_address>
         <size>0x4c</size>
         <input_file_ref idref="fl-11"/>
      </object_component>
      <object_component id="oc-666">
         <name>.text:I2CCC32XX_readRecieveFifo</name>
         <load_address>0x20011038</load_address>
         <run_address>0x20011038</run_address>
         <size>0x4c</size>
         <input_file_ref idref="fl-12"/>
      </object_component>
      <object_component id="oc-965">
         <name>.text:PowerCC32XX_parkPin</name>
         <load_address>0x20011084</load_address>
         <run_address>0x20011084</run_address>
         <size>0x4c</size>
         <input_file_ref idref="fl-13"/>
      </object_component>
      <object_component id="oc-574">
         <name>.text:atoi</name>
         <load_address>0x200110d0</load_address>
         <run_address>0x200110d0</run_address>
         <size>0x4c</size>
         <input_file_ref idref="fl-fe"/>
      </object_component>
      <object_component id="oc-810">
         <name>.text:restorePeriphClocks</name>
         <load_address>0x2001111c</load_address>
         <run_address>0x2001111c</run_address>
         <size>0x4c</size>
         <input_file_ref idref="fl-13"/>
      </object_component>
      <object_component id="oc-22f">
         <name>.text:snprintf</name>
         <load_address>0x20011168</load_address>
         <run_address>0x20011168</run_address>
         <size>0x4c</size>
         <input_file_ref idref="fl-df"/>
      </object_component>
      <object_component id="oc-989">
         <name>.text:FlashDisable</name>
         <load_address>0x200111b4</load_address>
         <run_address>0x200111b4</run_address>
         <size>0x48</size>
         <input_file_ref idref="fl-29"/>
      </object_component>
      <object_component id="oc-81c">
         <name>.text:PRCMLPDSEnter</name>
         <load_address>0x200111fc</load_address>
         <run_address>0x200111fc</run_address>
         <size>0x48</size>
         <input_file_ref idref="fl-25"/>
      </object_component>
      <object_component id="oc-2b7">
         <name>.text:PRCMPeripheralClkEnable</name>
         <load_address>0x20011244</load_address>
         <run_address>0x20011244</run_address>
         <size>0x48</size>
         <input_file_ref idref="fl-25"/>
      </object_component>
      <object_component id="oc-8a7">
         <name>.text:Power_releaseConstraint</name>
         <load_address>0x2001128c</load_address>
         <run_address>0x2001128c</run_address>
         <size>0x48</size>
         <input_file_ref idref="fl-13"/>
      </object_component>
      <object_component id="oc-779">
         <name>.text</name>
         <load_address>0x200112d4</load_address>
         <run_address>0x200112d4</run_address>
         <size>0x48</size>
         <input_file_ref idref="fl-f4"/>
      </object_component>
      <object_component id="oc-ab0">
         <name>.text:RingBuf_put</name>
         <load_address>0x2001131c</load_address>
         <run_address>0x2001131c</run_address>
         <size>0x46</size>
         <input_file_ref idref="fl-18"/>
      </object_component>
      <object_component id="oc-4a7">
         <name>.text:getPrescaler</name>
         <load_address>0x20011362</load_address>
         <run_address>0x20011362</run_address>
         <size>0x46</size>
         <input_file_ref idref="fl-15"/>
      </object_component>
      <object_component id="oc-742">
         <name>.text:ClockP_stop</name>
         <load_address>0x200113a8</load_address>
         <run_address>0x200113a8</run_address>
         <size>0x44</size>
         <input_file_ref idref="fl-1b"/>
      </object_component>
      <object_component id="oc-973">
         <name>.text:PRCMLPDSRestoreInfoSet</name>
         <load_address>0x200113ec</load_address>
         <run_address>0x200113ec</run_address>
         <size>0x44</size>
         <input_file_ref idref="fl-25"/>
      </object_component>
      <object_component id="oc-805">
         <name>.text:PowerCC32XX_enterLPDS</name>
         <load_address>0x20011430</load_address>
         <run_address>0x20011430</run_address>
         <size>0x44</size>
         <input_file_ref idref="fl-14"/>
      </object_component>
      <object_component id="oc-35a">
         <name>.text:SemaphoreP_post</name>
         <load_address>0x20011474</load_address>
         <run_address>0x20011474</run_address>
         <size>0x44</size>
         <input_file_ref idref="fl-1a"/>
      </object_component>
      <object_component id="oc-61e">
         <name>.text:SwiP_restore</name>
         <load_address>0x200114b8</load_address>
         <run_address>0x200114b8</run_address>
         <size>0x44</size>
         <input_file_ref idref="fl-1f"/>
      </object_component>
      <object_component id="oc-329">
         <name>.text:Timer_start</name>
         <load_address>0x200114fc</load_address>
         <run_address>0x200114fc</run_address>
         <size>0x44</size>
         <input_file_ref idref="fl-f"/>
      </object_component>
      <object_component id="oc-2e4">
         <name>.text:UART_init</name>
         <load_address>0x20011540</load_address>
         <run_address>0x20011540</run_address>
         <size>0x44</size>
         <input_file_ref idref="fl-10"/>
      </object_component>
      <object_component id="oc-172">
         <name>.text:__TI_auto_init_nobinit_nopinit:__TI_auto_init_nobinit_nopinit</name>
         <load_address>0x20011584</load_address>
         <run_address>0x20011584</run_address>
         <size>0x44</size>
         <input_file_ref idref="fl-f7"/>
      </object_component>
      <object_component id="oc-1e7">
         <name>.text:initUART</name>
         <load_address>0x200115c8</load_address>
         <run_address>0x200115c8</run_address>
         <size>0x44</size>
         <input_file_ref idref="fl-2"/>
      </object_component>
      <object_component id="oc-a57">
         <name>.text:ClockP_construct</name>
         <load_address>0x2001160c</load_address>
         <run_address>0x2001160c</run_address>
         <size>0x40</size>
         <input_file_ref idref="fl-1b"/>
      </object_component>
      <object_component id="oc-2cf">
         <name>.text:PinModeSet</name>
         <load_address>0x2001164c</load_address>
         <run_address>0x2001164c</run_address>
         <size>0x40</size>
         <input_file_ref idref="fl-24"/>
      </object_component>
      <object_component id="oc-9fc">
         <name>.text:RingBuf_get</name>
         <load_address>0x2001168c</load_address>
         <run_address>0x2001168c</run_address>
         <size>0x40</size>
         <input_file_ref idref="fl-18"/>
      </object_component>
      <object_component id="oc-4c7">
         <name>.text:TimerSupport_timerEnable</name>
         <load_address>0x200116cc</load_address>
         <run_address>0x200116cc</run_address>
         <size>0x40</size>
         <input_file_ref idref="fl-15"/>
      </object_component>
      <object_component id="oc-4a1">
         <name>.text:Timer_close</name>
         <load_address>0x2001170c</load_address>
         <run_address>0x2001170c</run_address>
         <size>0x40</size>
         <input_file_ref idref="fl-15"/>
      </object_component>
      <object_component id="oc-84d">
         <name>.text:UARTCC32XX_read</name>
         <load_address>0x2001174c</load_address>
         <run_address>0x2001174c</run_address>
         <size>0x40</size>
         <input_file_ref idref="fl-16"/>
      </object_component>
      <object_component id="oc-2f0">
         <name>.text:UART_open</name>
         <load_address>0x2001178c</load_address>
         <run_address>0x2001178c</run_address>
         <size>0x40</size>
         <input_file_ref idref="fl-10"/>
      </object_component>
      <object_component id="oc-7a1">
         <name>.text:_fcpy</name>
         <load_address>0x200117cc</load_address>
         <run_address>0x200117cc</run_address>
         <size>0x3e</size>
         <input_file_ref idref="fl-eb"/>
      </object_component>
      <object_component id="oc-4ff">
         <name>.text:ClockP_destruct</name>
         <load_address>0x2001180c</load_address>
         <run_address>0x2001180c</run_address>
         <size>0x3c</size>
         <input_file_ref idref="fl-1b"/>
      </object_component>
      <object_component id="oc-70f">
         <name>.text:Power_setConstraint</name>
         <load_address>0x20011848</load_address>
         <run_address>0x20011848</run_address>
         <size>0x3c</size>
         <input_file_ref idref="fl-13"/>
      </object_component>
      <object_component id="oc-602">
         <name>.text:getCountsRTC</name>
         <load_address>0x20011884</load_address>
         <run_address>0x20011884</run_address>
         <size>0x3a</size>
         <input_file_ref idref="fl-1d"/>
      </object_component>
      <object_component id="oc-822">
         <name>.text:PRCMLPDSEnterKeepDebugIf</name>
         <load_address>0x200118c0</load_address>
         <run_address>0x200118c0</run_address>
         <size>0x38</size>
         <input_file_ref idref="fl-25"/>
      </object_component>
      <object_component id="oc-db">
         <name>.text:addToList</name>
         <load_address>0x200118f8</load_address>
         <run_address>0x200118f8</run_address>
         <size>0x38</size>
         <input_file_ref idref="fl-1b"/>
      </object_component>
      <object_component id="oc-59">
         <name>.text:initVectors</name>
         <load_address>0x20011930</load_address>
         <run_address>0x20011930</run_address>
         <size>0x38</size>
         <input_file_ref idref="fl-1e"/>
      </object_component>
      <object_component id="oc-7f3">
         <name>.text:notify</name>
         <load_address>0x20011968</load_address>
         <run_address>0x20011968</run_address>
         <size>0x38</size>
         <input_file_ref idref="fl-13"/>
      </object_component>
      <object_component id="oc-3cd">
         <name>.text</name>
         <load_address>0x200119a0</load_address>
         <run_address>0x200119a0</run_address>
         <size>0x38</size>
         <input_file_ref idref="fl-e1"/>
      </object_component>
      <object_component id="oc-3c3">
         <name>.text</name>
         <load_address>0x200119d8</load_address>
         <run_address>0x200119d8</run_address>
         <size>0x38</size>
         <input_file_ref idref="fl-e2"/>
      </object_component>
      <object_component id="oc-6f0">
         <name>.text:TimerControlStall</name>
         <load_address>0x20011a10</load_address>
         <run_address>0x20011a10</run_address>
         <size>0x36</size>
         <input_file_ref idref="fl-26"/>
      </object_component>
      <object_component id="oc-6ca">
         <name>.text:Timer_stop</name>
         <load_address>0x20011a46</load_address>
         <run_address>0x20011a46</run_address>
         <size>0x36</size>
         <input_file_ref idref="fl-f"/>
      </object_component>
      <object_component id="oc-859">
         <name>.text:UARTCC32XX_readCancel</name>
         <load_address>0x20011a7c</load_address>
         <run_address>0x20011a7c</run_address>
         <size>0x36</size>
         <input_file_ref idref="fl-16"/>
      </object_component>
      <object_component id="oc-5f0">
         <name>.text:ClockP_getTicksUntilInterrupt</name>
         <load_address>0x20011ab4</load_address>
         <run_address>0x20011ab4</run_address>
         <size>0x34</size>
         <input_file_ref idref="fl-1b"/>
      </object_component>
      <object_component id="oc-7e4">
         <name>.text:ClockP_startup</name>
         <load_address>0x20011ae8</load_address>
         <run_address>0x20011ae8</run_address>
         <size>0x34</size>
         <input_file_ref idref="fl-1b"/>
      </object_component>
      <object_component id="oc-2c9">
         <name>.text:PinModeGet</name>
         <load_address>0x20011b1c</load_address>
         <run_address>0x20011b1c</run_address>
         <size>0x34</size>
         <input_file_ref idref="fl-24"/>
      </object_component>
      <object_component id="oc-9a0">
         <name>.text:PowerCC32XX_restoreParkState</name>
         <load_address>0x20011b50</load_address>
         <run_address>0x20011b50</run_address>
         <size>0x34</size>
         <input_file_ref idref="fl-13"/>
      </object_component>
      <object_component id="oc-6e2">
         <name>.text:TimerCC32XX_freeTimerResource</name>
         <load_address>0x20011b84</load_address>
         <run_address>0x20011b84</run_address>
         <size>0x34</size>
         <input_file_ref idref="fl-15"/>
      </object_component>
      <object_component id="oc-4bf">
         <name>.text:TimerCC32XX_hwiIntFunction</name>
         <load_address>0x20011bb8</load_address>
         <run_address>0x20011bb8</run_address>
         <size>0x34</size>
         <input_file_ref idref="fl-15"/>
      </object_component>
      <object_component id="oc-6c0">
         <name>.text:getPowerMgrId</name>
         <load_address>0x20011bec</load_address>
         <run_address>0x20011bec</run_address>
         <size>0x34</size>
         <input_file_ref idref="fl-15"/>
      </object_component>
      <object_component id="oc-4ed">
         <name>.text:ClockP_start</name>
         <load_address>0x20011c20</load_address>
         <run_address>0x20011c20</run_address>
         <size>0x30</size>
         <input_file_ref idref="fl-1b"/>
      </object_component>
      <object_component id="oc-982">
         <name>.text:PowerCC32XX_restoreParkedPin</name>
         <load_address>0x20011c50</load_address>
         <run_address>0x20011c50</run_address>
         <size>0x30</size>
         <input_file_ref idref="fl-13"/>
      </object_component>
      <object_component id="oc-3dd">
         <name>.text:_outs</name>
         <load_address>0x20011c80</load_address>
         <run_address>0x20011c80</run_address>
         <size>0x30</size>
         <input_file_ref idref="fl-df"/>
      </object_component>
      <object_component id="oc-784">
         <name>.text</name>
         <load_address>0x20011cb0</load_address>
         <run_address>0x20011cb0</run_address>
         <size>0x2e</size>
         <input_file_ref idref="fl-f5"/>
      </object_component>
      <object_component id="oc-9c1">
         <name>.text:PowerCC32XX_getParkState</name>
         <load_address>0x20011ce0</load_address>
         <run_address>0x20011ce0</run_address>
         <size>0x2c</size>
         <input_file_ref idref="fl-13"/>
      </object_component>
      <object_component id="oc-39a">
         <name>.text:HwiP_create</name>
         <load_address>0x20011d0c</load_address>
         <run_address>0x20011d0c</run_address>
         <size>0x2a</size>
         <input_file_ref idref="fl-1c"/>
      </object_component>
      <object_component id="oc-540">
         <name>.text:TimerLoadSet</name>
         <load_address>0x20011d36</load_address>
         <run_address>0x20011d36</run_address>
         <size>0x2a</size>
         <input_file_ref idref="fl-26"/>
      </object_component>
      <object_component id="oc-53a">
         <name>.text:TimerPrescaleSet</name>
         <load_address>0x20011d60</load_address>
         <run_address>0x20011d60</run_address>
         <size>0x2a</size>
         <input_file_ref idref="fl-26"/>
      </object_component>
      <object_component id="oc-67e">
         <name>.text:I2CFIFODataPutNonBlocking</name>
         <load_address>0x20011d8a</load_address>
         <run_address>0x20011d8a</run_address>
         <size>0x28</size>
         <input_file_ref idref="fl-22"/>
      </object_component>
      <object_component id="oc-2c3">
         <name>.text:PRCMPeripheralClkDisable</name>
         <load_address>0x20011db4</load_address>
         <run_address>0x20011db4</run_address>
         <size>0x28</size>
         <input_file_ref idref="fl-25"/>
      </object_component>
      <object_component id="oc-354">
         <name>.text:Power_registerNotify</name>
         <load_address>0x20011ddc</load_address>
         <run_address>0x20011ddc</run_address>
         <size>0x28</size>
         <input_file_ref idref="fl-13"/>
      </object_component>
      <object_component id="oc-73a">
         <name>.text:free_list_insert</name>
         <load_address>0x20011e04</load_address>
         <run_address>0x20011e04</run_address>
         <size>0x28</size>
         <input_file_ref idref="fl-e9"/>
      </object_component>
      <object_component id="oc-883">
         <name>.text:I2CFIFODataGetNonBlocking</name>
         <load_address>0x20011e2c</load_address>
         <run_address>0x20011e2c</run_address>
         <size>0x26</size>
         <input_file_ref idref="fl-22"/>
      </object_component>
      <object_component id="oc-6b1">
         <name>.text:I2C_cancel</name>
         <load_address>0x20011e52</load_address>
         <run_address>0x20011e52</run_address>
         <size>0x26</size>
         <input_file_ref idref="fl-e"/>
      </object_component>
      <object_component id="oc-50f">
         <name>.text:List_put</name>
         <load_address>0x20011e78</load_address>
         <run_address>0x20011e78</run_address>
         <size>0x26</size>
         <input_file_ref idref="fl-17"/>
      </object_component>
      <object_component id="oc-8da">
         <name>.text:List_remove</name>
         <load_address>0x20011e9e</load_address>
         <run_address>0x20011e9e</run_address>
         <size>0x26</size>
         <input_file_ref idref="fl-17"/>
      </object_component>
      <object_component id="oc-380">
         <name>.text:TimerSupport_timerLoad</name>
         <load_address>0x20011ec4</load_address>
         <run_address>0x20011ec4</run_address>
         <size>0x26</size>
         <input_file_ref idref="fl-15"/>
      </object_component>
      <object_component id="oc-63f">
         <name>.text:HwiP_dispatch</name>
         <load_address>0x20011eec</load_address>
         <run_address>0x20011eec</run_address>
         <size>0x24</size>
         <input_file_ref idref="fl-1c"/>
      </object_component>
      <object_component id="oc-9bb">
         <name>.text:PowerCC32XX_reset</name>
         <load_address>0x20011f10</load_address>
         <run_address>0x20011f10</run_address>
         <size>0x24</size>
         <input_file_ref idref="fl-13"/>
      </object_component>
      <object_component id="oc-8d3">
         <name>.text:TimerSupport_timerDisable</name>
         <load_address>0x20011f34</load_address>
         <run_address>0x20011f34</run_address>
         <size>0x24</size>
         <input_file_ref idref="fl-15"/>
      </object_component>
      <object_component id="oc-c5">
         <name>.text:_c_int00_noargs:_c_int00_noargs</name>
         <load_address>0x20011f58</load_address>
         <run_address>0x20011f58</run_address>
         <size>0x24</size>
         <input_file_ref idref="fl-ea"/>
      </object_component>
      <object_component id="oc-88b">
         <name>.text:I2CMasterSlaveAddrSet</name>
         <load_address>0x20011f7c</load_address>
         <run_address>0x20011f7c</run_address>
         <size>0x22</size>
         <input_file_ref idref="fl-22"/>
      </object_component>
      <object_component id="oc-8e1">
         <name>.text:HwiP_destruct</name>
         <load_address>0x20011f9e</load_address>
         <run_address>0x20011f9e</run_address>
         <size>0x20</size>
         <input_file_ref idref="fl-1c"/>
      </object_component>
      <object_component id="oc-6d0">
         <name>.text:Power_unregisterNotify</name>
         <load_address>0x20011fc0</load_address>
         <run_address>0x20011fc0</run_address>
         <size>0x20</size>
         <input_file_ref idref="fl-13"/>
      </object_component>
      <object_component id="oc-9a7">
         <name>.text:RingBuf_peek</name>
         <load_address>0x20011fe0</load_address>
         <run_address>0x20011fe0</run_address>
         <size>0x20</size>
         <input_file_ref idref="fl-18"/>
      </object_component>
      <object_component id="oc-9b5">
         <name>.text:getPowerMgrId</name>
         <load_address>0x20012000</load_address>
         <run_address>0x20012000</run_address>
         <size>0x20</size>
         <input_file_ref idref="fl-16"/>
      </object_component>
      <object_component id="oc-65a">
         <name>.text:I2CMasterIntStatusEx</name>
         <load_address>0x20012020</load_address>
         <run_address>0x20012020</run_address>
         <size>0x1e</size>
         <input_file_ref idref="fl-22"/>
      </object_component>
      <object_component id="oc-466">
         <name>.text:SemaphoreP_constructBinary</name>
         <load_address>0x2001203e</load_address>
         <run_address>0x2001203e</run_address>
         <size>0x1e</size>
         <input_file_ref idref="fl-1a"/>
      </object_component>
      <object_component id="oc-6ea">
         <name>.text:TimerDisable</name>
         <load_address>0x2001205c</load_address>
         <run_address>0x2001205c</run_address>
         <size>0x1e</size>
         <input_file_ref idref="fl-26"/>
      </object_component>
      <object_component id="oc-715">
         <name>.text:TimerEnable</name>
         <load_address>0x2001207a</load_address>
         <run_address>0x2001207a</run_address>
         <size>0x1e</size>
         <input_file_ref idref="fl-26"/>
      </object_component>
      <object_component id="oc-95f">
         <name>.text:PinToPadGet</name>
         <load_address>0x20012098</load_address>
         <run_address>0x20012098</run_address>
         <size>0x1c</size>
         <input_file_ref idref="fl-24"/>
      </object_component>
      <object_component id="oc-5e4">
         <name>.text:SwiP_disable</name>
         <load_address>0x200120b4</load_address>
         <run_address>0x200120b4</run_address>
         <size>0x1c</size>
         <input_file_ref idref="fl-1f"/>
      </object_component>
      <object_component id="oc-734">
         <name>.text:free_list_remove</name>
         <load_address>0x200120d0</load_address>
         <run_address>0x200120d0</run_address>
         <size>0x1c</size>
         <input_file_ref idref="fl-e9"/>
      </object_component>
      <object_component id="oc-59d">
         <name>.text:memccpy</name>
         <load_address>0x200120ec</load_address>
         <run_address>0x200120ec</run_address>
         <size>0x1c</size>
         <input_file_ref idref="fl-100"/>
      </object_component>
      <object_component id="oc-9cd">
         <name>.text:ClockP_create</name>
         <load_address>0x20012108</load_address>
         <run_address>0x20012108</run_address>
         <size>0x1a</size>
         <input_file_ref idref="fl-1b"/>
      </object_component>
      <object_component id="oc-336">
         <name>.text:SemaphoreP_createBinary</name>
         <load_address>0x20012122</load_address>
         <run_address>0x20012122</run_address>
         <size>0x1a</size>
         <input_file_ref idref="fl-1a"/>
      </object_component>
      <object_component id="oc-21">
         <name>.text:resetISR</name>
         <load_address>0x2001213c</load_address>
         <run_address>0x2001213c</run_address>
         <size>0x1a</size>
         <input_file_ref idref="fl-1e"/>
      </object_component>
      <object_component id="oc-8bc">
         <name>.text:I2CMasterBusBusy</name>
         <load_address>0x20012156</load_address>
         <run_address>0x20012156</run_address>
         <size>0x18</size>
         <input_file_ref idref="fl-22"/>
      </object_component>
      <object_component id="oc-66c">
         <name>.text:I2CMasterIntDisableEx</name>
         <load_address>0x2001216e</load_address>
         <run_address>0x2001216e</run_address>
         <size>0x18</size>
         <input_file_ref idref="fl-22"/>
      </object_component>
      <object_component id="oc-89d">
         <name>.text:I2CMasterIntEnableEx</name>
         <load_address>0x20012186</load_address>
         <run_address>0x20012186</run_address>
         <size>0x18</size>
         <input_file_ref idref="fl-22"/>
      </object_component>
      <object_component id="oc-8b6">
         <name>.text:I2CRxFIFOFlush</name>
         <load_address>0x2001219e</load_address>
         <run_address>0x2001219e</run_address>
         <size>0x18</size>
         <input_file_ref idref="fl-22"/>
      </object_component>
      <object_component id="oc-8b0">
         <name>.text:I2CTxFIFOFlush</name>
         <load_address>0x200121b6</load_address>
         <run_address>0x200121b6</run_address>
         <size>0x18</size>
         <input_file_ref idref="fl-22"/>
      </object_component>
      <object_component id="oc-5f6">
         <name>.text:Power_getTransitionLatency</name>
         <load_address>0x200121d0</load_address>
         <run_address>0x200121d0</run_address>
         <size>0x18</size>
         <input_file_ref idref="fl-13"/>
      </object_component>
      <object_component id="oc-8f8">
         <name>.text:Power_idleFunc</name>
         <load_address>0x200121e8</load_address>
         <run_address>0x200121e8</run_address>
         <size>0x18</size>
         <input_file_ref idref="fl-13"/>
      </object_component>
      <object_component id="oc-a22">
         <name>.text:TimerIntDisable</name>
         <load_address>0x20012200</load_address>
         <run_address>0x20012200</run_address>
         <size>0x18</size>
         <input_file_ref idref="fl-26"/>
      </object_component>
      <object_component id="oc-709">
         <name>.text:TimerIntEnable</name>
         <load_address>0x20012218</load_address>
         <run_address>0x20012218</run_address>
         <size>0x18</size>
         <input_file_ref idref="fl-26"/>
      </object_component>
      <object_component id="oc-a04">
         <name>.text:UARTBusy</name>
         <load_address>0x20012230</load_address>
         <run_address>0x20012230</run_address>
         <size>0x18</size>
         <input_file_ref idref="fl-27"/>
      </object_component>
      <object_component id="oc-a9b">
         <name>.text:UARTIntEnable</name>
         <load_address>0x20012248</load_address>
         <run_address>0x20012248</run_address>
         <size>0x18</size>
         <input_file_ref idref="fl-27"/>
      </object_component>
      <object_component id="oc-2ea">
         <name>.text:UART_Params_init</name>
         <load_address>0x20012260</load_address>
         <run_address>0x20012260</run_address>
         <size>0x18</size>
         <input_file_ref idref="fl-10"/>
      </object_component>
      <object_component id="oc-3e3">
         <name>.text:_outc</name>
         <load_address>0x20012278</load_address>
         <run_address>0x20012278</run_address>
         <size>0x18</size>
         <input_file_ref idref="fl-df"/>
      </object_component>
      <object_component id="oc-23c">
         <name>.text:gpioButtonFxn0</name>
         <load_address>0x20012290</load_address>
         <run_address>0x20012290</run_address>
         <size>0x18</size>
         <input_file_ref idref="fl-2"/>
      </object_component>
      <object_component id="oc-242">
         <name>.text:gpioButtonFxn1</name>
         <load_address>0x200122a8</load_address>
         <run_address>0x200122a8</run_address>
         <size>0x18</size>
         <input_file_ref idref="fl-2"/>
      </object_component>
      <object_component id="oc-613">
         <name>.text</name>
         <load_address>0x200122c0</load_address>
         <run_address>0x200122c0</run_address>
         <size>0x18</size>
         <input_file_ref idref="fl-e3"/>
      </object_component>
      <object_component id="oc-32f">
         <name>.text:timerCallback</name>
         <load_address>0x200122d8</load_address>
         <run_address>0x200122d8</run_address>
         <size>0x18</size>
         <input_file_ref idref="fl-2"/>
      </object_component>
      <object_component id="oc-897">
         <name>.text:I2CMasterBurstLengthSet</name>
         <load_address>0x200122f0</load_address>
         <run_address>0x200122f0</run_address>
         <size>0x16</size>
         <input_file_ref idref="fl-22"/>
      </object_component>
      <object_component id="oc-2b1">
         <name>.text:PRCMHIBRegRead</name>
         <load_address>0x20012306</load_address>
         <run_address>0x20012306</run_address>
         <size>0x16</size>
         <input_file_ref idref="fl-25"/>
      </object_component>
      <object_component id="oc-2ab">
         <name>.text:PRCMHIBRegWrite</name>
         <load_address>0x2001231c</load_address>
         <run_address>0x2001231c</run_address>
         <size>0x16</size>
         <input_file_ref idref="fl-25"/>
      </object_component>
      <object_component id="oc-4d5">
         <name>.text:SemaphoreP_create</name>
         <load_address>0x20012332</load_address>
         <run_address>0x20012332</run_address>
         <size>0x16</size>
         <input_file_ref idref="fl-1a"/>
      </object_component>
      <object_component id="oc-7b5">
         <name>.text:strchr</name>
         <load_address>0x20012348</load_address>
         <run_address>0x20012348</run_address>
         <size>0x16</size>
         <input_file_ref idref="fl-101"/>
      </object_component>
      <object_component id="oc-a3">
         <name>.text:CPUcpsid</name>
         <load_address>0x2001235e</load_address>
         <run_address>0x2001235e</run_address>
         <size>0x14</size>
         <input_file_ref idref="fl-21"/>
      </object_component>
      <object_component id="oc-516">
         <name>.text:HwiP_inISR</name>
         <load_address>0x20012374</load_address>
         <run_address>0x20012374</run_address>
         <size>0x14</size>
         <input_file_ref idref="fl-1c"/>
      </object_component>
      <object_component id="oc-8c4">
         <name>.text:I2CSupport_masterFinish</name>
         <load_address>0x20012388</load_address>
         <run_address>0x20012388</run_address>
         <size>0x14</size>
         <input_file_ref idref="fl-12"/>
      </object_component>
      <object_component id="oc-309">
         <name>.text:I2C_transfer</name>
         <load_address>0x2001239c</load_address>
         <run_address>0x2001239c</run_address>
         <size>0x14</size>
         <input_file_ref idref="fl-e"/>
      </object_component>
      <object_component id="oc-af">
         <name>.text:IntVTableBaseSet</name>
         <load_address>0x200123b0</load_address>
         <run_address>0x200123b0</run_address>
         <size>0x14</size>
         <input_file_ref idref="fl-23"/>
      </object_component>
      <object_component id="oc-51c">
         <name>.text:Power_disablePolicy</name>
         <load_address>0x200123c4</load_address>
         <run_address>0x200123c4</run_address>
         <size>0x14</size>
         <input_file_ref idref="fl-13"/>
      </object_component>
      <object_component id="oc-97b">
         <name>.text:Power_getDependencyCount</name>
         <load_address>0x200123d8</load_address>
         <run_address>0x200123d8</run_address>
         <size>0x14</size>
         <input_file_ref idref="fl-13"/>
      </object_component>
      <object_component id="oc-a95">
         <name>.text:releasePowerConstraint</name>
         <load_address>0x200123ec</load_address>
         <run_address>0x200123ec</run_address>
         <size>0x14</size>
         <input_file_ref idref="fl-16"/>
      </object_component>
      <object_component id="oc-56e">
         <name>.text:strlen</name>
         <load_address>0x20012400</load_address>
         <run_address>0x20012400</run_address>
         <size>0x14</size>
         <input_file_ref idref="fl-102"/>
      </object_component>
      <object_component id="oc-394">
         <name>.text:HwiP_Params_init</name>
         <load_address>0x20012414</load_address>
         <run_address>0x20012414</run_address>
         <size>0x12</size>
         <input_file_ref idref="fl-1c"/>
      </object_component>
      <object_component id="oc-660">
         <name>.text:I2CMasterIntClearEx</name>
         <load_address>0x20012426</load_address>
         <run_address>0x20012426</run_address>
         <size>0x12</size>
         <input_file_ref idref="fl-22"/>
      </object_component>
      <object_component id="oc-9af">
         <name>.text:RingBuf_construct</name>
         <load_address>0x20012438</load_address>
         <run_address>0x20012438</run_address>
         <size>0x12</size>
         <input_file_ref idref="fl-18"/>
      </object_component>
      <object_component id="oc-700">
         <name>.text:TimerIntClear</name>
         <load_address>0x2001244a</load_address>
         <run_address>0x2001244a</run_address>
         <size>0x12</size>
         <input_file_ref idref="fl-26"/>
      </object_component>
      <object_component id="oc-11a">
         <name>.text:main</name>
         <load_address>0x2001245c</load_address>
         <run_address>0x2001245c</run_address>
         <size>0x12</size>
         <input_file_ref idref="fl-4"/>
      </object_component>
[...]
      </symbol>
      <symbol id="sm-b2b">
         <name>HwiP_disableInterrupt</name>
         <value>0x2001258d</value>
         <object_component_ref idref="oc-69f"/>
      </symbol>
      <symbol id="sm-b5b">
         <name>PowerCC32XX_initPolicy</name>
         <value>0x2000ee5b</value>
         <object_component_ref idref="oc-435"/>
      </symbol>
      <symbol id="sm-b5c">
         <name>PowerCC32XX_sleepPolicy</name>
         <value>0x2000db65</value>
         <object_component_ref idref="oc-43b"/>
      </symbol>
      <symbol id="sm-bb1">
         <name>resetISR</name>
         <value>0x2001213d</value>
         <object_component_ref idref="oc-21"/>
      </symbol>
      <symbol id="sm-bb2">
         <name>resetVectorAddr</name>
         <value>0x20012150</value>
         <object_component_ref idref="oc-21"/>
      </symbol>
      <symbol id="sm-bb3">
         <name>initVectors</name>
         <value>0x20011931</value>
         <object_component_ref idref="oc-59"/>
      </symbol>
      <symbol id="sm-bb4">
         <name>resetVectors</name>
         <value>0x20004000</value>
         <object_component_ref idref="oc-27"/>
      </symbol>
      <symbol id="sm-be4">
         <name>SwiP_disable</name>
         <value>0x200120b5</value>
         <object_component_ref idref="oc-5e4"/>
      </symbol>
      <symbol id="sm-be5">
         <name>SwiP_restore</name>
         <value>0x200114b9</value>
         <object_component_ref idref="oc-61e"/>
      </symbol>
      <symbol id="sm-bf0">
         <name>CPUcpsid</name>
         <value>0x2001235f</value>
         <object_component_ref idref="oc-a3"/>
      </symbol>
      <symbol id="sm-c5d">
         <name>I2CRxFIFOFlush</name>
         <value>0x2001219f</value>
         <object_component_ref idref="oc-8b6"/>
      </symbol>
      <symbol id="sm-c5e">
         <name>I2CTxFIFOFlush</name>
         <value>0x200121b7</value>
         <object_component_ref idref="oc-8b0"/>
      </symbol>
      <symbol id="sm-c5f">
         <name>I2CFIFODataPutNonBlocking</name>
         <value>0x20011d8b</value>
         <object_component_ref idref="oc-67e"/>
      </symbol>
      <symbol id="sm-c60">
         <name>I2CMasterBusBusy</name>
         <value>0x20012157</value>
         <object_component_ref idref="oc-8bc"/>
      </symbol>
      <symbol id="sm-c61">
         <name>I2CMasterIntDisableEx</name>
         <value>0x2001216f</value>
         <object_component_ref idref="oc-66c"/>
      </symbol>
      <symbol id="sm-c62">
         <name>I2CMasterBurstLengthSet</name>
         <value>0x200122f1</value>
         <object_component_ref idref="oc-897"/>
      </symbol>
      <symbol id="sm-c63">
         <name>I2CMasterIntClearEx</name>
         <value>0x20012427</value>
         <object_component_ref idref="oc-660"/>
      </symbol>
      <symbol id="sm-c64">
         <name>I2CMasterSlaveAddrSet</name>
         <value>0x20011f7d</value>
         <object_component_ref idref="oc-88b"/>
      </symbol>
      <symbol id="sm-c65">
         <name>I2CMasterIntEnableEx</name>
         <value>0x20012187</value>
         <object_component_ref idref="oc-89d"/>
      </symbol>
      <symbol id="sm-c66">
         <name>I2CFIFOStatus</name>
         <value>0x20012501</value>
         <object_component_ref idref="oc-684"/>
      </symbol>
      <symbol id="sm-c67">
         <name>I2CMasterIntStatusEx</name>
         <value>0x20012021</value>
         <object_component_ref idref="oc-65a"/>
      </symbol>
      <symbol id="sm-c68">
         <name>I2CFIFODataGetNonBlocking</name>
         <value>0x20011e2d</value>
         <object_component_ref idref="oc-883"/>
      </symbol>
      <symbol id="sm-cad">
         <name>IntVTableBaseSet</name>
         <value>0x200123b1</value>
         <object_component_ref idref="oc-af"/>
      </symbol>
      <symbol id="sm-cae">
         <name>IntEnable</name>
         <value>0x2000f8a9</value>
         <object_component_ref idref="oc-b5"/>
      </symbol>
      <symbol id="sm-caf">
         <name>IntMasterDisable</name>
         <value>0x2001263d</value>
         <object_component_ref idref="oc-53"/>
      </symbol>
      <symbol id="sm-cb0">
         <name>IntPendSet</name>
         <value>0x2000fff9</value>
         <object_component_ref idref="oc-991"/>
      </symbol>
      <symbol id="sm-cea">
         <name>PinModeGet</name>
         <value>0x20011b1d</value>
         <object_component_ref idref="oc-2c9"/>
      </symbol>
      <symbol id="sm-ceb">
         <name>PinConfigSet</name>
         <value>0x20010081</value>
         <object_component_ref idref="oc-388"/>
      </symbol>
      <symbol id="sm-cec">
         <name>PinModeSet</name>
         <value>0x2001164d</value>
         <object_component_ref idref="oc-2cf"/>
      </symbol>
      <symbol id="sm-ced">
         <name>PinToPadGet</name>
         <value>0x20012099</value>
         <object_component_ref idref="oc-95f"/>
      </symbol>
      <symbol id="sm-db6">
         <name>PRCMLPDSRestoreInfoSet</name>
         <value>0x200113ed</value>
         <object_component_ref idref="oc-973"/>
      </symbol>
      <symbol id="sm-db7">
         <name>PRCMPeripheralReset</name>
         <value>0x20010c01</value>
         <object_component_ref idref="oc-2bd"/>
      </symbol>
      <symbol id="sm-db8">
         <name>PRCMLPDSEnter</name>
         <value>0x200111fd</value>
         <object_component_ref idref="oc-81c"/>
      </symbol>
      <symbol id="sm-db9">
         <name>PRCMPeripheralClkEnable</name>
         <value>0x20011245</value>
         <object_component_ref idref="oc-2b7"/>
      </symbol>
      <symbol id="sm-dba">
         <name>PRCMLPDSEnterKeepDebugIf</name>
         <value>0x200118c1</value>
         <object_component_ref idref="oc-822"/>
      </symbol>
      <symbol id="sm-dbb">
         <name>PRCMCC3200MCUInit</name>
         <value>0x2000ca91</value>
         <object_component_ref idref="oc-1d3"/>
      </symbol>
      <symbol id="sm-dbc">
         <name>PRCMHIBRegWrite</name>
         <value>0x2001231d</value>
         <object_component_ref idref="oc-2ab"/>
      </symbol>
      <symbol id="sm-dbd">
         <name>PRCMSysResetCauseGet</name>
         <value>0x20010a35</value>
         <object_component_ref idref="oc-2a4"/>
      </symbol>
      <symbol id="sm-dbe">
         <name>PRCMPeripheralClkDisable</name>
         <value>0x20011db5</value>
         <object_component_ref idref="oc-2c3"/>
      </symbol>
      <symbol id="sm-dbf">
         <name>PRCMHIBRegRead</name>
         <value>0x20012307</value>
         <object_component_ref idref="oc-2b1"/>
      </symbol>
      <symbol id="sm-e07">
         <name>TimerLoadSet</name>
         <value>0x20011d37</value>
         <object_component_ref idref="oc-540"/>
      </symbol>
      <symbol id="sm-e08">
         <name>TimerDisable</name>
         <value>0x2001205d</value>
         <object_component_ref idref="oc-6ea"/>
      </symbol>
      <symbol id="sm-e09">
         <name>TimerEnable</name>
         <value>0x2001207b</value>
         <object_component_ref idref="oc-715"/>
      </symbol>
      <symbol id="sm-e0a">
         <name>TimerIntDisable</name>
         <value>0x20012201</value>
         <object_component_ref idref="oc-a22"/>
      </symbol>
      <symbol id="sm-e0b">
         <name>TimerPrescaleSet</name>
         <value>0x20011d61</value>
         <object_component_ref idref="oc-53a"/>
      </symbol>
      <symbol id="sm-e0c">
         <name>TimerControlStall</name>
         <value>0x20011a11</value>
         <object_component_ref idref="oc-6f0"/>
      </symbol>
      <symbol id="sm-e0d">
         <name>TimerIntEnable</name>
         <value>0x20012219</value>
         <object_component_ref idref="oc-709"/>
      </symbol>
      <symbol id="sm-e0e">
         <name>TimerIntClear</name>
         <value>0x2001244b</value>
         <object_component_ref idref="oc-700"/>
      </symbol>
      <symbol id="sm-e22">
         <name>UARTBusy</name>
         <value>0x20012231</value>
         <object_component_ref idref="oc-a04"/>
      </symbol>
      <symbol id="sm-e23">
         <name>UARTIntEnable</name>
         <value>0x20012249</value>
         <object_component_ref idref="oc-a9b"/>
      </symbol>
      <symbol id="sm-e27">
         <name>UtilsDelay</name>
         <value>0x20012685</value>
         <object_component_ref idref="oc-2aa"/>
      </symbol>
      <symbol id="sm-e37">
         <name>FlashDisable</name>
         <value>0x200111b5</value>
         <object_component_ref idref="oc-989"/>
      </symbol>
      <symbol id="sm-e66">
         <name>snprintf</name>
         <value>0x20011169</value>
         <object_component_ref idref="oc-22f"/>
      </symbol>
      <symbol id="sm-e70">
         <name>__aeabi_fmul</name>
         <value>0x20010493</value>
         <object_component_ref idref="oc-3c8"/>
      </symbol>
      <symbol id="sm-e7a">
         <name>__aeabi_f2iz</name>
         <value>0x200119a1</value>
         <object_component_ref idref="oc-3cd"/>
      </symbol>
      <symbol id="sm-e85">
         <name>__aeabi_i2f</name>
         <value>0x200119d9</value>
         <object_component_ref idref="oc-3c3"/>
      </symbol>
      <symbol id="sm-e8e">
         <name>__aeabi_lmul</name>
         <value>0x200122c1</value>
         <object_component_ref idref="oc-613"/>
      </symbol>
      <symbol id="sm-ea9">
         <name>memcpy</name>
         <value>0x2000fc79</value>
         <object_component_ref idref="oc-3b"/>
      </symbol>
      <symbol id="sm-eaa">
         <name>__aeabi_memcpy</name>
         <value>0x2000fc79</value>
         <object_component_ref idref="oc-3b"/>
      </symbol>
      <symbol id="sm-eab">
         <name>__aeabi_memcpy8</name>
         <value>0x2000fc79</value>
         <object_component_ref idref="oc-3b"/>
      </symbol>
      <symbol id="sm-eac">
         <name>__aeabi_memcpy4</name>
         <value>0x2000fc79</value>
         <object_component_ref idref="oc-3b"/>
      </symbol>
      <symbol id="sm-eb9">
         <name>__aeabi_uldivmod</name>
         <value>0x2000fe45</value>
         <object_component_ref idref="oc-608"/>
      </symbol>
      <symbol id="sm-ecb">
         <name>__TI_zero_init</name>
         <value>0x20012605</value>
         <object_component_ref idref="oc-4d"/>
      </symbol>
      <symbol id="sm-ee2">
         <name>__TI_decompress_none</name>
         <value>0x200125d3</value>
         <object_component_ref idref="oc-1a"/>
      </symbol>
      <symbol id="sm-f05">
         <name>__TI_decompress_lzss</name>
         <value>0x2001089d</value>
         <object_component_ref idref="oc-14"/>
      </symbol>
      <symbol id="sm-f8e">
         <name>_sys_memory</name>
         <value>0x20004040</value>
         <object_component_ref idref="oc-2a"/>
      </symbol>
      <symbol id="sm-f8f">
         <name>free</name>
         <value>0x2000ee5d</value>
         <object_component_ref idref="oc-4e0"/>
      </symbol>
      <symbol id="sm-f90">
         <name>memalign</name>
         <value>0x2000ea71</value>
         <object_component_ref idref="oc-75a"/>
      </symbol>
      <symbol id="sm-f91">
         <name>malloc</name>
         <value>0x20012661</value>
         <object_component_ref idref="oc-54c"/>
      </symbol>
      <symbol id="sm-f92">
         <name>aligned_alloc</name>
         <value>0x2000ea71</value>
         <object_component_ref idref="oc-75a"/>
      </symbol>
      <symbol id="sm-fa4">
         <name>__stack</name>
         <value>0x20003000</value>
         <object_component_ref idref="oc-2d"/>
      </symbol>
      <symbol id="sm-fa5">
         <name>_c_int00_noargs</name>
         <value>0x20011f59</value>
         <object_component_ref idref="oc-c5"/>
      </symbol>
      <symbol id="sm-110a">
         <name>__TI_printfi</name>
         <value>0x2000c041</value>
         <object_component_ref idref="oc-3d7"/>
      </symbol>
      <symbol id="sm-112a">
         <name>frexpl</name>
         <value>0x20010af1</value>
         <object_component_ref idref="oc-7a9"/>
      </symbol>
      <symbol id="sm-112b">
         <name>frexp</name>
         <value>0x20010af1</value>
         <object_component_ref idref="oc-7a9"/>
      </symbol>
      <symbol id="sm-1149">
         <name>scalbn</name>
         <value>0x2000ef41</value>
         <object_component_ref idref="oc-7af"/>
      </symbol>
      <symbol id="sm-114a">
         <name>scalbnl</name>
         <value>0x2000ef41</value>
         <object_component_ref idref="oc-7af"/>
      </symbol>
      <symbol id="sm-114b">
         <name>ldexpl</name>
         <value>0x2000ef41</value>
         <object_component_ref idref="oc-7af"/>
      </symbol>
      <symbol id="sm-114c">
         <name>ldexp</name>
         <value>0x2000ef41</value>
         <object_component_ref idref="oc-7af"/>
      </symbol>
      <symbol id="sm-1165">
         <name>wcslen</name>
         <value>0x2001246f</value>
         <object_component_ref idref="oc-5a3"/>
      </symbol>
      <symbol id="sm-116f">
         <name>__aeabi_idiv0</name>
         <value>0x20010efb</value>
         <object_component_ref idref="oc-7ed"/>
      </symbol>
      <symbol id="sm-1170">
         <name>__aeabi_ldiv0</name>
         <value>0x20010efb</value>
         <object_component_ref idref="oc-7ed"/>
      </symbol>
      <symbol id="sm-1187">
         <name>__aeabi_dsub</name>
         <value>0x2000d9ad</value>
         <object_component_ref idref="oc-789"/>
      </symbol>
      <symbol id="sm-1188">
         <name>__aeabi_dadd</name>
         <value>0x2000d9b7</value>
         <object_component_ref idref="oc-789"/>
      </symbol>
      <symbol id="sm-11aa">
         <name>__aeabi_cdcmpeq</name>
         <value>0x20010109</value>
         <object_component_ref idref="oc-580"/>
      </symbol>
      <symbol id="sm-11ab">
         <name>__aeabi_cdcmple</name>
         <value>0x20010109</value>
         <object_component_ref idref="oc-580"/>
      </symbol>
      <symbol id="sm-11ac">
         <name>__aeabi_cdrcmple</name>
         <value>0x2001018f</value>
         <object_component_ref idref="oc-774"/>
      </symbol>
      <symbol id="sm-11c0">
         <name>__aeabi_ddiv</name>
         <value>0x2000e4b9</value>
         <object_component_ref idref="oc-76f"/>
      </symbol>
      <symbol id="sm-11cb">
         <name>__aeabi_dmul</name>
         <value>0x2000ec6d</value>
         <object_component_ref idref="oc-76a"/>
      </symbol>
      <symbol id="sm-11d5">
         <name>__aeabi_d2iz</name>
         <value>0x200112d5</value>
         <object_component_ref idref="oc-779"/>
      </symbol>
      <symbol id="sm-11df">
         <name>__aeabi_i2d</name>
         <value>0x20011cb1</value>
         <object_component_ref idref="oc-784"/>
      </symbol>
      <symbol id="sm-11ee">
         <name>__aeabi_memset</name>
         <value>0x2001050f</value>
         <object_component_ref idref="oc-9d"/>
      </symbol>
      <symbol id="sm-11ef">
         <name>memset</name>
         <value>0x20010515</value>
         <object_component_ref idref="oc-9d"/>
      </symbol>
      <symbol id="sm-11f0">
         <name>__aeabi_memset8</name>
         <value>0x2001050f</value>
         <object_component_ref idref="oc-9d"/>
      </symbol>
      <symbol id="sm-11f1">
         <name>__aeabi_memset4</name>
         <value>0x2001050f</value>
         <object_component_ref idref="oc-9d"/>
      </symbol>
      <symbol id="sm-11f2">
         <name>__aeabi_memclr8</name>
         <value>0x2001050d</value>
         <object_component_ref idref="oc-9d"/>
      </symbol>
      <symbol id="sm-11f3">
         <name>__aeabi_memclr4</name>
         <value>0x2001050d</value>
         <object_component_ref idref="oc-9d"/>
      </symbol>
      <symbol id="sm-11f4">
         <name>__aeabi_memclr</name>
         <value>0x2001050d</value>
         <object_component_ref idref="oc-9d"/>
      </symbol>
      <symbol id="sm-121c">
         <name>__TI_auto_init_nobinit_nopinit</name>
         <value>0x20011585</value>
         <object_component_ref idref="oc-172"/>
      </symbol>
      <symbol id="sm-1226">
         <name>_system_pre_init</name>
         <value>0x20012697</value>
         <object_component_ref idref="oc-114"/>
      </symbol>
      <symbol id="sm-1232">
         <name>C$$EXIT</name>
         <value>0x2001269b</value>
         <object_component_ref idref="oc-166"/>
      </symbol>
      <symbol id="sm-1233">
         <name>abort</name>
         <value>0x2001269b</value>
         <object_component_ref idref="oc-166"/>
      </symbol>
      <symbol id="sm-1248">
         <name>_nop</name>
         <value>0x2000f8a7</value>
         <object_component_ref idref="oc-402"/>
      </symbol>
      <symbol id="sm-1249">
         <name>_lock</name>
         <value>0x20012c34</value>
         <object_component_ref idref="oc-257"/>
      </symbol>
      <symbol id="sm-124a">
         <name>_unlock</name>
         <value>0x20012c38</value>
         <object_component_ref idref="oc-257"/>
      </symbol>
      <symbol id="sm-1259">
         <name>__TI_ltoa</name>
         <value>0x20010d07</value>
         <object_component_ref idref="oc-77e"/>
      </symbol>
      <symbol id="sm-1270">
         <name>atoi</name>
         <value>0x200110d1</value>
         <object_component_ref idref="oc-574"/>
      </symbol>
      <symbol id="sm-127b">
         <name>_ctypes_</name>
         <value>0x20012c60</value>
         <object_component_ref idref="oc-763"/>
      </symbol>
      <symbol id="sm-128b">
         <name>memccpy</name>
         <value>0x200120ed</value>
         <object_component_ref idref="oc-59d"/>
      </symbol>
      <symbol id="sm-129b">
         <name>strchr</name>
         <value>0x20012349</value>
         <object_component_ref idref="oc-7b5"/>
      </symbol>
      <symbol id="sm-12a9">
         <name>strlen</name>
         <value>0x20012401</value>
         <object_component_ref idref="oc-56e"/>
      </symbol>
      <symbol id="sm-12bf">
         <name>__aeabi_errno_addr</name>
         <value>0x20012659</value>
         <object_component_ref idref="oc-5a9"/>
      </symbol>
      <symbol id="sm-12c0">
         <name>errno</name>
         <value>0x20012c5c</value>
         <object_component_ref idref="oc-7c5"/>
      </symbol>
      <symbol id="sm-12ca">
         <name>copysign</name>
         <value>0x200125f9</value>
         <object_component_ref idref="oc-929"/>
      </symbol>
      <symbol id="sm-12cb">
         <name>copysignl</name>
         <value>0x200125f9</value>
         <object_component_ref idref="oc-929"/>
      </symbol>
      <symbol id="sm-12cc">
         <name>__TI_static_base__</name>
         <value>0x20013598</value>
      </symbol>
      <symbol id="sm-12cf">
         <name>ITM_flush</name>
         <value>0x0</value>
      </symbol>
      <symbol id="sm-12d0">
         <name>ITM_restore</name>
         <value>0x0</value>
      </symbol>
      <symbol id="sm-12d1">
         <name>__mpu_init</name>
         <value>0x0</value>
      </symbol>
      <symbol id="sm-12d2">
         <name>_system_post_cinit</name>
         <value>0x0</value>
      </symbol>
      <symbol id="sm-12d3">
         <name>NoRTOS_start</name>
         <value>0x2001259b</value>
      </symbol>
   </symbol_table>
   <title>Link successful</title>
</link_info>
